Archive member included to satisfy reference by file (symbol)

C:/ST/STM32CubeIDE_1.15.1/STM32CubeIDE/plugins/com.st.stm32cube.ide.mcu.externaltools.gnu-tools-for-stm32.12.3.rel1.win32_1.0.100.202403111256/tools/bin/../lib/gcc/arm-none-eabi/12.3.1/../../../../arm-none-eabi/lib/thumb/v7e-m+fp/hard\libc_nano.a(libc_a-exit.o)
                              C:/ST/STM32CubeIDE_1.15.1/STM32CubeIDE/plugins/com.st.stm32cube.ide.mcu.externaltools.gnu-tools-for-stm32.12.3.rel1.win32_1.0.100.202403111256/tools/bin/../lib/gcc/arm-none-eabi/12.3.1/../../../../arm-none-eabi/lib/thumb/v7e-m+fp/hard/crt0.o (exit)
C:/ST/STM32CubeIDE_1.15.1/STM32CubeIDE/plugins/com.st.stm32cube.ide.mcu.externaltools.gnu-tools-for-stm32.12.3.rel1.win32_1.0.100.202403111256/tools/bin/../lib/gcc/arm-none-eabi/12.3.1/../../../../arm-none-eabi/lib/thumb/v7e-m+fp/hard\libc_nano.a(libc_a-malloc.o)
                              ./Wiznet_W5500/httpServer.o (malloc)
C:/ST/STM32CubeIDE_1.15.1/STM32CubeIDE/plugins/com.st.stm32cube.ide.mcu.externaltools.gnu-tools-for-stm32.12.3.rel1.win32_1.0.100.202403111256/tools/bin/../lib/gcc/arm-none-eabi/12.3.1/../../../../arm-none-eabi/lib/thumb/v7e-m+fp/hard\libc_nano.a(libc_a-mallocr.o)
                              C:/ST/STM32CubeIDE_1.15.1/STM32CubeIDE/plugins/com.st.stm32cube.ide.mcu.externaltools.gnu-tools-for-stm32.12.3.rel1.win32_1.0.100.202403111256/tools/bin/../lib/gcc/arm-none-eabi/12.3.1/../../../../arm-none-eabi/lib/thumb/v7e-m+fp/hard\libc_nano.a(libc_a-malloc.o) (_malloc_r)
C:/ST/STM32CubeIDE_1.15.1/STM32CubeIDE/plugins/com.st.stm32cube.ide.mcu.externaltools.gnu-tools-for-stm32.12.3.rel1.win32_1.0.100.202403111256/tools/bin/../lib/gcc/arm-none-eabi/12.3.1/../../../../arm-none-eabi/lib/thumb/v7e-m+fp/hard\libc_nano.a(libc_a-mlock.o)
                              C:/ST/STM32CubeIDE_1.15.1/STM32CubeIDE/plugins/com.st.stm32cube.ide.mcu.externaltools.gnu-tools-for-stm32.12.3.rel1.win32_1.0.100.202403111256/tools/bin/../lib/gcc/arm-none-eabi/12.3.1/../../../../arm-none-eabi/lib/thumb/v7e-m+fp/hard\libc_nano.a(libc_a-mallocr.o) (__malloc_lock)
C:/ST/STM32CubeIDE_1.15.1/STM32CubeIDE/plugins/com.st.stm32cube.ide.mcu.externaltools.gnu-tools-for-stm32.12.3.rel1.win32_1.0.100.202403111256/tools/bin/../lib/gcc/arm-none-eabi/12.3.1/../../../../arm-none-eabi/lib/thumb/v7e-m+fp/hard\libc_nano.a(libc_a-findfp.o)
                              C:/ST/STM32CubeIDE_1.15.1/STM32CubeIDE/plugins/com.st.stm32cube.ide.mcu.externaltools.gnu-tools-for-stm32.12.3.rel1.win32_1.0.100.202403111256/tools/bin/../lib/gcc/arm-none-eabi/12.3.1/../../../../arm-none-eabi/lib/thumb/v7e-m+fp/hard\libc_nano.a(libc_a-exit.o) (__stdio_exit_handler)
C:/ST/STM32CubeIDE_1.15.1/STM32CubeIDE/plugins/com.st.stm32cube.ide.mcu.externaltools.gnu-tools-for-stm32.12.3.rel1.win32_1.0.100.202403111256/tools/bin/../lib/gcc/arm-none-eabi/12.3.1/../../../../arm-none-eabi/lib/thumb/v7e-m+fp/hard\libc_nano.a(libc_a-fwalk.o)
                              C:/ST/STM32CubeIDE_1.15.1/STM32CubeIDE/plugins/com.st.stm32cube.ide.mcu.externaltools.gnu-tools-for-stm32.12.3.rel1.win32_1.0.100.202403111256/tools/bin/../lib/gcc/arm-none-eabi/12.3.1/../../../../arm-none-eabi/lib/thumb/v7e-m+fp/hard\libc_nano.a(libc_a-findfp.o) (_fwalk_sglue)
C:/ST/STM32CubeIDE_1.15.1/STM32CubeIDE/plugins/com.st.stm32cube.ide.mcu.externaltools.gnu-tools-for-stm32.12.3.rel1.win32_1.0.100.202403111256/tools/bin/../lib/gcc/arm-none-eabi/12.3.1/../../../../arm-none-eabi/lib/thumb/v7e-m+fp/hard\libc_nano.a(libc_a-printf.o)
                              ./Src/main.o (printf)
C:/ST/STM32CubeIDE_1.15.1/STM32CubeIDE/plugins/com.st.stm32cube.ide.mcu.externaltools.gnu-tools-for-stm32.12.3.rel1.win32_1.0.100.202403111256/tools/bin/../lib/gcc/arm-none-eabi/12.3.1/../../../../arm-none-eabi/lib/thumb/v7e-m+fp/hard\libc_nano.a(libc_a-puts.o)
                              ./Src/main.o (puts)
C:/ST/STM32CubeIDE_1.15.1/STM32CubeIDE/plugins/com.st.stm32cube.ide.mcu.externaltools.gnu-tools-for-stm32.12.3.rel1.win32_1.0.100.202403111256/tools/bin/../lib/gcc/arm-none-eabi/12.3.1/../../../../arm-none-eabi/lib/thumb/v7e-m+fp/hard\libc_nano.a(libc_a-snprintf.o)
                              ./Src/MQTTC/MQTTFormat.o (snprintf)
C:/ST/STM32CubeIDE_1.15.1/STM32CubeIDE/plugins/com.st.stm32cube.ide.mcu.externaltools.gnu-tools-for-stm32.12.3.rel1.win32_1.0.100.202403111256/tools/bin/../lib/gcc/arm-none-eabi/12.3.1/../../../../arm-none-eabi/lib/thumb/v7e-m+fp/hard\libc_nano.a(libc_a-sprintf.o)
                              ./Src/w5500_driver.o (sprintf)
C:/ST/STM32CubeIDE_1.15.1/STM32CubeIDE/plugins/com.st.stm32cube.ide.mcu.externaltools.gnu-tools-for-stm32.12.3.rel1.win32_1.0.100.202403111256/tools/bin/../lib/gcc/arm-none-eabi/12.3.1/../../../../arm-none-eabi/lib/thumb/v7e-m+fp/hard\libc_nano.a(libc_a-stdio.o)
[...]
Memory Configuration

Name             Origin             Length             Attributes
RAM              0x20000000         0x00020000         xrw
FLASH            0x08000000         0x00080000         xr
*default*        0x00000000         0xffffffff

Linker script and memory map

LOAD C:/ST/STM32CubeIDE_1.15.1/STM32CubeIDE/plugins/com.st.stm32cube.ide.mcu.externaltools.gnu-tools-for-stm32.12.3.rel1.win32_1.0.100.202403111256/tools/bin/../lib/gcc/arm-none-eabi/12.3.1/thumb/v7e-m+fp/hard/crti.o
LOAD C:/ST/STM32CubeIDE_1.15.1/STM32CubeIDE/plugins/com.st.stm32cube.ide.mcu.externaltools.gnu-tools-for-stm32.12.3.rel1.win32_1.0.100.202403111256/tools/bin/../lib/gcc/arm-none-eabi/12.3.1/thumb/v7e-m+fp/hard/crtbegin.o
LOAD C:/ST/STM32CubeIDE_1.15.1/STM32CubeIDE/plugins/com.st.stm32cube.ide.mcu.externaltools.gnu-tools-for-stm32.12.3.rel1.win32_1.0.100.202403111256/tools/bin/../lib/gcc/arm-none-eabi/12.3.1/../../../../arm-none-eabi/lib/thumb/v7e-m+fp/hard/crt0.o
LOAD ./Src/MQTTC/MQTTClient.o
LOAD ./Src/MQTTC/MQTTConnectClient.o
LOAD ./Src/MQTTC/MQTTConnectServer.o
LOAD ./Src/MQTTC/MQTTDeserializePublish.o
LOAD ./Src/MQTTC/MQTTFormat.o
LOAD ./Src/MQTTC/MQTTPacket.o
LOAD ./Src/MQTTC/MQTTSerializePublish.o
LOAD ./Src/MQTTC/MQTTSubscribeClient.o
LOAD ./Src/MQTTC/MQTTSubscribeServer.o
LOAD ./Src/MQTTC/MQTTUnsubscribeClient.o
LOAD ./Src/MQTTC/MQTTUnsubscribeServer.o
LOAD ./Src/MQTTC/mqtt_interface.o
LOAD ./Src/adc.o
LOAD ./Src/bsp.o
LOAD ./Src/fpu.o
LOAD ./Src/main.o
LOAD ./Src/spi.o
LOAD ./Src/syscalls.o
LOAD ./Src/sysmem.o
LOAD ./Src/timebase.o
LOAD ./Src/uart.o
LOAD ./Src/w5500_driver.o
LOAD ./Startup/startup_stm32f411retx.o
LOAD ./Wiznet_W5500/dhcp.o
LOAD ./Wiznet_W5500/httpParser.o
LOAD ./Wiznet_W5500/httpServer.o
LOAD ./Wiznet_W5500/httpUtil.o
LOAD ./Wiznet_W5500/socket.o
LOAD ./Wiznet_W5500/w5500.o
LOAD ./Wiznet_W5500/wizchip_conf.o
START GROUP
LOAD C:/ST/STM32CubeIDE_1.15.1/STM32CubeIDE/plugins/com.st.stm32cube.ide.mcu.externaltools.gnu-tools-for-stm32.12.3.rel1.win32_1.0.100.202403111256/tools/bin/../lib/gcc/arm-none-eabi/12.3.1/../../../../arm-none-eabi/lib/thumb/v7e-m+fp/hard\libc_nano.a
LOAD C:/ST/STM32CubeIDE_1.15.1/STM32CubeIDE/plugins/com.st.stm32cube.ide.mcu.externaltools.gnu-tools-for-stm32.12.3.rel1.win32_1.0.100.202403111256/tools/bin/../lib/gcc/arm-none-eabi/12.3.1/../../../../arm-none-eabi/lib/thumb/v7e-m+fp/hard\libm.a
END GROUP
START GROUP
LOAD C:/ST/STM32CubeIDE_1.15.1/STM32CubeIDE/plugins/com.st.stm32cube.ide.mcu.externaltools.gnu-tools-for-stm32.12.3.rel1.win32_1.0.100.202403111256/tools/bin/../lib/gcc/arm-none-eabi/12.3.1/thumb/v7e-m+fp/hard\libgcc.a
LOAD C:/ST/STM32CubeIDE_1.15.1/STM32CubeIDE/plugins/com.st.stm32cube.ide.mcu.externaltools.gnu-tools-for-stm32.12.3.rel1.win32_1.0.100.202403111256/tools/bin/../lib/gcc/arm-none-eabi/12.3.1/../../../../arm-none-eabi/lib/thumb/v7e-m+fp/hard\libc_nano.a
END GROUP
START GROUP
LOAD C:/ST/STM32CubeIDE_1.15.1/STM32CubeIDE/plugins/com.st.stm32cube.ide.mcu.externaltools.gnu-tools-for-stm32.12.3.rel1.win32_1.0.100.202403111256/tools/bin/../lib/gcc/arm-none-eabi/12.3.1/thumb/v7e-m+fp/hard\libgcc.a
LOAD C:/ST/STM32CubeIDE_1.15.1/STM32CubeIDE/plugins/com.st.stm32cube.ide.mcu.externaltools.gnu-tools-for-stm32.12.3.rel1.win32_1.0.100.202403111256/tools/bin/../lib/gcc/arm-none-eabi/12.3.1/../../../../arm-none-eabi/lib/thumb/v7e-m+fp/hard\libc_nano.a
LOAD C:/ST/STM32CubeIDE_1.15.1/STM32CubeIDE/plugins/com.st.stm32cube.ide.mcu.externaltools.gnu-tools-for-stm32.12.3.rel1.win32_1.0.100.202403111256/tools/bin/../lib/gcc/arm-none-eabi/12.3.1/../../../../arm-none-eabi/lib/thumb/v7e-m+fp/hard\libnosys.a
END GROUP
START GROUP
LOAD C:/ST/STM32CubeIDE_1.15.1/STM32CubeIDE/plugins/com.st.stm32cube.ide.mcu.externaltools.gnu-tools-for-stm32.12.3.rel1.win32_1.0.100.202403111256/tools/bin/../lib/gcc/arm-none-eabi/12.3.1/thumb/v7e-m+fp/hard\libgcc.a
LOAD C:/ST/STM32CubeIDE_1.15.1/STM32CubeIDE/plugins/com.st.stm32cube.ide.mcu.externaltools.gnu-tools-for-stm32.12.3.rel1.win32_1.0.100.202403111256/tools/bin/../lib/gcc/arm-none-eabi/12.3.1/../../../../arm-none-eabi/lib/thumb/v7e-m+fp/hard\libc_nano.a
LOAD C:/ST/STM32CubeIDE_1.15.1/STM32CubeIDE/plugins/com.st.stm32cube.ide.mcu.externaltools.gnu-tools-for-stm32.12.3.rel1.win32_1.0.100.202403111256/tools/bin/../lib/gcc/arm-none-eabi/12.3.1/../../../../arm-none-eabi/lib/thumb/v7e-m+fp/hard\libnosys.a
END GROUP
LOAD C:/ST/STM32CubeIDE_1.15.1/STM32CubeIDE/plugins/com.st.stm32cube.ide.mcu.externaltools.gnu-tools-for-stm32.12.3.rel1.win32_1.0.100.202403111256/tools/bin/../lib/gcc/arm-none-eabi/12.3.1/thumb/v7e-m+fp/hard/crtend.o
LOAD C:/ST/STM32CubeIDE_1.15.1/STM32CubeIDE/plugins/com.st.stm32cube.ide.mcu.externaltools.gnu-tools-for-stm32.12.3.rel1.win32_1.0.100.202403111256/tools/bin/../lib/gcc/arm-none-eabi/12.3.1/thumb/v7e-m+fp/hard/crtn.o
                0x20020000                        _estack = (ORIGIN (RAM) + LENGTH (RAM))
                0x00000200                        _Min_Heap_Size = 0x200
                0x00000400                        _Min_Stack_Size = 0x400

.isr_vector     0x08000000      0x198
                0x08000000                        . = ALIGN (0x4)
 *(.isr_vector)
 .isr_vector    0x08000000      0x198 ./Startup/startup_stm32f411retx.o
                0x08000000                g_pfnVectors
                0x08000198                        . = ALIGN (0x4)

.text           0x080001a0     0x7784
                0x080001a0                        . = ALIGN (0x4)
 *(.text)
 .text          0x080001a0       0x40 C:/ST/STM32CubeIDE_1.15.1/STM32CubeIDE/plugins/com.st.stm32cube.ide.mcu.externaltools.gnu-tools-for-stm32.12.3.rel1.win32_1.0.100.202403111256/tools/bin/../lib/gcc/arm-none-eabi/12.3.1/thumb/v7e-m+fp/hard/crtbegin.o
 .text          0x080001e0       0x14 C:/ST/STM32CubeIDE_1.15.1/STM32CubeIDE/plugins/com.st.stm32cube.ide.mcu.externaltools.gnu-tools-for-stm32.12.3.rel1.win32_1.0.100.202403111256/tools/bin/../lib/gcc/arm-none-eabi/12.3.1/../../../../arm-none-eabi/lib/thumb/v7e-m+fp/hard\libc_nano.a(libc_a-strcmp.o)
                0x080001e0                strcmp
 .text          0x080001f4       0x10 C:/ST/STM32CubeIDE_1.15.1/STM32CubeIDE/plugins/com.st.stm32cube.ide.mcu.externaltools.gnu-tools-for-stm32.12.3.rel1.win32_1.0.100.202403111256/tools/bin/../lib/gcc/arm-none-eabi/12.3.1/../../../../arm-none-eabi/lib/thumb/v7e-m+fp/hard\libc_nano.a(libc_a-strlen.o)
                0x080001f4                strlen
 *fill*         0x08000204        0xc 
 .text          0x08000210       0xa0 C:/ST/STM32CubeIDE_1.15.1/STM32CubeIDE/plugins/com.st.stm32cube.ide.mcu.externaltools.gnu-tools-for-stm32.12.3.rel1.win32_1.0.100.202403111256/tools/bin/../lib/gcc/arm-none-eabi/12.3.1/../../../../arm-none-eabi/lib/thumb/v7e-m+fp/hard\libc_nano.a(libc_a-memchr.o)
                0x08000210                memchr
 *(.text*)
 .text.NewMessageData
                0x080002b0       0x24 ./Src/MQTTC/MQTTClient.o
 .text.getNextPacketId
                0x080002d4       0x32 ./Src/MQTTC/MQTTClient.o
 .text.sendPacket
                0x08000306       0x92 ./Src/MQTTC/MQTTClient.o
 .text.MQTTClientInit
                0x08000398       0x8a ./Src/MQTTC/MQTTClient.o
                0x08000398                MQTTClientInit
 .text.decodePacket
                0x08000422       0x88 ./Src/MQTTC/MQTTClient.o
 .text.readPacket
                0x080004aa      0x108 ./Src/MQTTC/MQTTClient.o
 .text.isTopicMatched
                0x080005b2       0xd2 ./Src/MQTTC/MQTTClient.o
 .text.deliverMessage
                0x08000684       0xd0 ./Src/MQTTC/MQTTClient.o
                0x08000684                deliverMessage
 .text.keepalive
                0x08000754       0xa2 ./Src/MQTTC/MQTTClient.o
                0x08000754                keepalive
 .text.MQTTCleanSession
                0x080007f6       0x38 ./Src/MQTTC/MQTTClient.o
                0x080007f6                MQTTCleanSession
 .text.MQTTCloseSession
                0x0800082e       0x2a ./Src/MQTTC/MQTTClient.o
                0x0800082e                MQTTCloseSession
 .text.cycle    0x08000858      0x200 ./Src/MQTTC/MQTTClient.o
                0x08000858                cycle
 .text.MQTTYield
                0x08000a58       0x5a ./Src/MQTTC/MQTTClient.o
                0x08000a58                MQTTYield
 .text.waitfor  0x08000ab2       0x44 ./Src/MQTTC/MQTTClient.o
                0x08000ab2                waitfor
 *fill*         0x08000af6        0x2 
 .text.MQTTConnectWithResults
                0x08000af8      0x124 ./Src/MQTTC/MQTTClient.o
                0x08000af8                MQTTConnectWithResults
 .text.MQTTConnect
                0x08000c1c       0x22 ./Src/MQTTC/MQTTClient.o
                0x08000c1c                MQTTConnect
 .text.MQTTSetMessageHandler
                0x08000c3e       0xd4 ./Src/MQTTC/MQTTClient.o
                0x08000c3e                MQTTSetMessageHandler
 .text.MQTTSubscribeWithResults
                0x08000d12      0x11c ./Src/MQTTC/MQTTClient.o
                0x08000d12                MQTTSubscribeWithResults
 .text.MQTTSubscribe
                0x08000e2e       0x2c ./Src/MQTTC/MQTTClient.o
                0x08000e2e                MQTTSubscribe
 .text.MQTTSerialize_connectLength
                0x08000e5a       0xc2 ./Src/MQTTC/MQTTConnectClient.o
                0x08000e5a                MQTTSerialize_connectLength
 .text.MQTTSerialize_connect
                0x08000f1c      0x1d8 ./Src/MQTTC/MQTTConnectClient.o
                0x08000f1c                MQTTSerialize_connect
 .text.MQTTDeserialize_connack
                0x080010f4       0xaa ./Src/MQTTC/MQTTConnectClient.o
                0x080010f4                MQTTDeserialize_connack
 .text.MQTTSerialize_zero
                0x0800119e       0x70 ./Src/MQTTC/MQTTConnectClient.o
                0x0800119e                MQTTSerialize_zero
 .text.MQTTSerialize_pingreq
                0x0800120e       0x1e ./Src/MQTTC/MQTTConnectClient.o
                0x0800120e                MQTTSerialize_pingreq
 .text.MQTTDeserialize_publish
                0x0800122c       0xe4 ./Src/MQTTC/MQTTDeserializePublish.o
                0x0800122c                MQTTDeserialize_publish
 .text.MQTTDeserialize_ack
                0x08001310       0x96 ./Src/MQTTC/MQTTDeserializePublish.o
                0x08001310                MQTTDeserialize_ack
 .text.MQTTPacket_encode
                0x080013a6       0x5e ./Src/MQTTC/MQTTPacket.o
                0x080013a6                MQTTPacket_encode
 .text.MQTTPacket_decode
                0x08001404       0x78 ./Src/MQTTC/MQTTPacket.o
                0x08001404                MQTTPacket_decode
 .text.MQTTPacket_len
                0x0800147c       0x54 ./Src/MQTTC/MQTTPacket.o
                0x0800147c                MQTTPacket_len
 .text.bufchar  0x080014d0       0x40 ./Src/MQTTC/MQTTPacket.o
                0x080014d0                bufchar
 .text.MQTTPacket_decodeBuf
                0x08001510       0x2c ./Src/MQTTC/MQTTPacket.o
                0x08001510                MQTTPacket_decodeBuf
 .text.readInt  0x0800153c       0x36 ./Src/MQTTC/MQTTPacket.o
                0x0800153c                readInt
 .text.readChar
                0x08001572       0x28 ./Src/MQTTC/MQTTPacket.o
                0x08001572                readChar
 .text.writeChar
                0x0800159a       0x2a ./Src/MQTTC/MQTTPacket.o
                0x0800159a                writeChar
 .text.writeInt
                0x080015c4       0x52 ./Src/MQTTC/MQTTPacket.o
                0x080015c4                writeInt
 .text.writeCString
                0x08001616       0x3e ./Src/MQTTC/MQTTPacket.o
                0x08001616                writeCString
 .text.writeMQTTString
                0x08001654       0x5c ./Src/MQTTC/MQTTPacket.o
                0x08001654                writeMQTTString
 .text.readMQTTLenString
                0x080016b0       0x62 ./Src/MQTTC/MQTTPacket.o
                0x080016b0                readMQTTLenString
 .text.MQTTstrlen
                0x08001712       0x32 ./Src/MQTTC/MQTTPacket.o
                0x08001712                MQTTstrlen
 .text.MQTTPacket_equals
                0x08001744       0x6e ./Src/MQTTC/MQTTPacket.o
                0x08001744                MQTTPacket_equals
 .text.MQTTSerialize_ack
                0x080017b2       0xaa ./Src/MQTTC/MQTTSerializePublish.o
                0x080017b2                MQTTSerialize_ack
 .text.MQTTSerialize_subscribeLength
                0x0800185c       0x4e ./Src/MQTTC/MQTTSubscribeClient.o
                0x0800185c                MQTTSerialize_subscribeLength
 .text.MQTTSerialize_subscribe
                0x080018aa       0xf8 ./Src/MQTTC/MQTTSubscribeClient.o
                0x080018aa                MQTTSerialize_subscribe
 .text.MQTTDeserialize_suback
                0x080019a2       0xce ./Src/MQTTC/MQTTSubscribeClient.o
                0x080019a2                MQTTDeserialize_suback
 .text.MilliTimer_Handler
                0x08001a70       0x1c ./Src/MQTTC/mqtt_interface.o
                0x08001a70                MilliTimer_Handler
 .text.TimerInit
                0x08001a8c       0x1a ./Src/MQTTC/mqtt_interface.o
                0x08001a8c                TimerInit
 *fill*         0x08001aa6        0x2 
 .text.TimerIsExpired
                0x08001aa8       0x2c ./Src/MQTTC/mqtt_interface.o
                0x08001aa8                TimerIsExpired
 .text.TimerCountdownMS
                0x08001ad4       0x28 ./Src/MQTTC/mqtt_interface.o
                0x08001ad4                TimerCountdownMS
 .text.TimerCountdown
                0x08001afc       0x30 ./Src/MQTTC/mqtt_interface.o
                0x08001afc                TimerCountdown
 .text.TimerLeftMS
                0x08001b2c       0x2c ./Src/MQTTC/mqtt_interface.o
                0x08001b2c                TimerLeftMS
 .text.NewNetwork
                0x08001b58       0x3c ./Src/MQTTC/mqtt_interface.o
                0x08001b58                NewNetwork
 .text.w5x00_read
                0x08001b94       0x5a ./Src/MQTTC/mqtt_interface.o
                0x08001b94                w5x00_read
 .text.w5x00_write
                0x08001bee       0x48 ./Src/MQTTC/mqtt_interface.o
                0x08001bee                w5x00_write
 .text.w5x00_disconnect
                0x08001c36       0x1c ./Src/MQTTC/mqtt_interface.o
                0x08001c36                w5x00_disconnect
 .text.ConnectNetwork
                0x08001c52       0x58 ./Src/MQTTC/mqtt_interface.o
                0x08001c52                ConnectNetwork
 *fill*         0x08001caa        0x2 
 .text.pa1_adc_init
                0x08001cac       0x64 ./Src/adc.o
                0x08001cac                pa1_adc_init
 .text.start_conversion
                0x08001d10       0x2c ./Src/adc.o
                0x08001d10                start_conversion
 .text.button_init
                0x08001d3c       0x3c ./Src/bsp.o
                0x08001d3c                button_init
 .text.fpu_enable
                0x08001d78       0x54 ./Src/fpu.o
                0x08001d78                fpu_enable
 .text.check_cable_connection
                0x08001dcc       0x4c ./Src/main.o
                0x08001dcc                check_cable_connection
 .text.display_phy_config
                0x08001e18       0x98 ./Src/main.o
                0x08001e18                display_phy_config
 .text.handle_error
                0x08001eb0       0x18 ./Src/main.o
                0x08001eb0                handle_error
 .text.on_eexpert_topic_sense
                0x08001ec8       0x2c ./Src/main.o
                0x08001ec8                on_eexpert_topic_sense
 .text.main     0x08001ef4      0x140 ./Src/main.o
                0x08001ef4                main
 .text.spi1_gpio_init
                0x08002034      0x108 ./Src/spi.o
                0x08002034                spi1_gpio_init
 .text.spi_init
                0x0800213c       0xd0 ./Src/spi.o
                0x0800213c                spi_init
 .text.spi_transmit
                0x0800220c      0x240 ./Src/spi.o
                0x0800220c                spi_transmit
 .text.spi_receive
                0x0800244c      0x1da ./Src/spi.o
                0x0800244c                spi_receive
 .text.spi_transmit_receive
                0x08002626      0x292 ./Src/spi.o
                0x08002626                spi_transmit_receive
 .text._read    0x080028b8       0x3a ./Src/syscalls.o
                0x080028b8                _read
 .text._write   0x080028f2       0x38 ./Src/syscalls.o
                0x080028f2                _write
 .text._close   0x0800292a       0x18 ./Src/syscalls.o
                0x0800292a                _close
 .text._fstat   0x08002942       0x20 ./Src/syscalls.o
                0x08002942                _fstat
 .text._isatty  0x08002962       0x16 ./Src/syscalls.o
                0x08002962                _isatty
 .text._lseek   0x08002978       0x1a ./Src/syscalls.o
                0x08002978                _lseek
 *fill*         0x08002992        0x2 
 .text._sbrk    0x08002994       0x6c ./Src/sysmem.o
                0x08002994                _sbrk
 .text.delay    0x08002a00       0x3c ./Src/timebase.o
                0x08002a00                delay
 .text.get_tick
                0x08002a3c       0x2c ./Src/timebase.o
                0x08002a3c                get_tick
 .text.tick_increment
                0x08002a68       0x1c ./Src/timebase.o
 .text.timebase_init
                0x08002a84       0x48 ./Src/timebase.o
                0x08002a84                timebase_init
 .text.SysTick_Handler
                0x08002acc       0x10 ./Src/timebase.o
                0x08002acc                SysTick_Handler
 .text.__io_putchar
                0x08002adc       0x18 ./Src/uart.o
                0x08002adc                __io_putchar
 .text.debug_uart_init
                0x08002af4       0x94 ./Src/uart.o
                0x08002af4                debug_uart_init
 .text.uart_write
                0x08002b88       0x30 ./Src/uart.o
 .text.compute_uart_bd
                0x08002bb8       0x26 ./Src/uart.o
 *fill*         0x08002bde        0x2 
 .text.uart_set_baudrate
                0x08002be0       0x28 ./Src/uart.o
 .text.ip_assigned_callback
                0x08002c08       0x18 ./Src/w5500_driver.o
                0x08002c08                ip_assigned_callback
 .text.ip_update_callback
                0x08002c20       0x18 ./Src/w5500_driver.o
                0x08002c20                ip_update_callback
 .text.ip_conflict_callback
                0x08002c38       0x18 ./Src/w5500_driver.o
                0x08002c38                ip_conflict_callback
 .text.wizchip_cs_pin_init
                0x08002c50       0x3c ./Src/w5500_driver.o
                0x08002c50                wizchip_cs_pin_init
 .text.wizchip_pin_cs_select
                0x08002c8c       0x20 ./Src/w5500_driver.o
                0x08002c8c                wizchip_pin_cs_select
 .text.wizchip_pin_cs_deselect
                0x08002cac       0x20 ./Src/w5500_driver.o
                0x08002cac                wizchip_pin_cs_deselect
 .text.wizchip_read_burst
                0x08002ccc       0x28 ./Src/w5500_driver.o
                0x08002ccc                wizchip_read_burst
 .text.wizchip_read_byte
                0x08002cf4       0x1a ./Src/w5500_driver.o
                0x08002cf4                wizchip_read_byte
 *fill*         0x08002d0e        0x2 
 .text.wizchip_write_burst
                0x08002d10       0x28 ./Src/w5500_driver.o
                0x08002d10                wizchip_write_burst
 .text.wizchip_write_byte
                0x08002d38       0x1c ./Src/w5500_driver.o
                0x08002d38                wizchip_write_byte
 .text.w5500_spi_init
                0x08002d54       0x58 ./Src/w5500_driver.o
                0x08002d54                w5500_spi_init
 .text.w5500_init
                0x08002dac      0x180 ./Src/w5500_driver.o
                0x08002dac                w5500_init
 .text.Reset_Handler
                0x08002f2c       0x50 ./Startup/startup_stm32f411retx.o
                0x08002f2c                Reset_Handler
 .text.Default_Handler
                0x08002f7c        0x2 ./Startup/startup_stm32f411retx.o
                0x08002f7c                RTC_Alarm_IRQHandler
                0x08002f7c                EXTI2_IRQHandler
                0x08002f7c                DebugMon_Handler
                0x08002f7c                SPI4_IRQHandler
                0x08002f7c                TIM1_CC_IRQHandler
                0x08002f7c                DMA2_Stream5_IRQHandler
                0x08002f7c                HardFault_Handler
                0x08002f7c                DMA1_Stream5_IRQHandler
                0x08002f7c                PVD_IRQHandler
                0x08002f7c                SDIO_IRQHandler
                0x08002f7c                TAMP_STAMP_IRQHandler
                0x08002f7c                PendSV_Handler
                0x08002f7c                NMI_Handler
                0x08002f7c                EXTI3_IRQHandler
                0x08002f7c                TIM1_UP_TIM10_IRQHandler
                0x08002f7c                I2C3_ER_IRQHandler
                0x08002f7c                EXTI0_IRQHandler
                0x08002f7c                I2C2_EV_IRQHandler
                0x08002f7c                DMA1_Stream2_IRQHandler
                0x08002f7c                FPU_IRQHandler
                0x08002f7c                UsageFault_Handler
                0x08002f7c                DMA2_Stream2_IRQHandler
                0x08002f7c                SPI1_IRQHandler
                0x08002f7c                TIM1_BRK_TIM9_IRQHandler
                0x08002f7c                DMA2_Stream3_IRQHandler
                0x08002f7c                USART6_IRQHandler
                0x08002f7c                DMA2_Stream0_IRQHandler
                0x08002f7c                TIM4_IRQHandler
                0x08002f7c                I2C1_EV_IRQHandler
                0x08002f7c                DMA1_Stream6_IRQHandler
                0x08002f7c                DMA1_Stream1_IRQHandler
                0x08002f7c                TIM3_IRQHandler
                0x08002f7c                RCC_IRQHandler
                0x08002f7c                Default_Handler
                0x08002f7c                EXTI15_10_IRQHandler
                0x08002f7c                ADC_IRQHandler
                0x08002f7c                DMA1_Stream7_IRQHandler
                0x08002f7c                SPI5_IRQHandler
                0x08002f7c                TIM5_IRQHandler
                0x08002f7c                DMA2_Stream7_IRQHandler
                0x08002f7c                I2C3_EV_IRQHandler
                0x08002f7c                EXTI9_5_IRQHandler
                0x08002f7c                RTC_WKUP_IRQHandler
                0x08002f7c                SPI2_IRQHandler
                0x08002f7c                MemManage_Handler
                0x08002f7c                DMA1_Stream0_IRQHandler
                0x08002f7c                SVC_Handler
                0x08002f7c                EXTI4_IRQHandler
                0x08002f7c                WWDG_IRQHandler
                0x08002f7c                TIM2_IRQHandler
                0x08002f7c                OTG_FS_WKUP_IRQHandler
                0x08002f7c                TIM1_TRG_COM_TIM11_IRQHandler
                0x08002f7c                EXTI1_IRQHandler
                0x08002f7c                USART2_IRQHandler
                0x08002f7c                I2C2_ER_IRQHandler
                0x08002f7c                DMA2_Stream1_IRQHandler
                0x08002f7c                FLASH_IRQHandler
                0x08002f7c                DMA2_Stream4_IRQHandler
                0x08002f7c                BusFault_Handler
                0x08002f7c                USART1_IRQHandler
                0x08002f7c                OTG_FS_IRQHandler
                0x08002f7c                SPI3_IRQHandler
                0x08002f7c                DMA1_Stream4_IRQHandler
                0x08002f7c                I2C1_ER_IRQHandler
                0x08002f7c                DMA2_Stream6_IRQHandler
                0x08002f7c                DMA1_Stream3_IRQHandler
 *fill*         0x08002f7e        0x2 
 .text.default_ip_assign
                0x08002f80       0x38 ./Wiznet_W5500/dhcp.o
                0x08002f80                default_ip_assign
 .text.default_ip_update
                0x08002fb8       0x2c ./Wiznet_W5500/dhcp.o
                0x08002fb8                default_ip_update
 .text.default_ip_conflict
                0x08002fe4       0x28 ./Wiznet_W5500/dhcp.o
                0x08002fe4                default_ip_conflict
 .text.reg_dhcp_cbfunc
                0x0800300c       0x68 ./Wiznet_W5500/dhcp.o
                0x0800300c                reg_dhcp_cbfunc
 .text.makeDHCPMSG
                0x08003074      0x1ec ./Wiznet_W5500/dhcp.o
                0x08003074                makeDHCPMSG
 .text.send_DHCP_DISCOVER
                0x08003260      0x38c ./Wiznet_W5500/dhcp.o
                0x08003260                send_DHCP_DISCOVER
 .text.send_DHCP_REQUEST
                0x080035ec      0x514 ./Wiznet_W5500/dhcp.o
                0x080035ec                send_DHCP_REQUEST
 .text.send_DHCP_DECLINE
                0x08003b00      0x2a4 ./Wiznet_W5500/dhcp.o
                0x08003b00                send_DHCP_DECLINE
 .text.parseDHCPMSG
                0x08003da4      0x43c ./Wiznet_W5500/dhcp.o
                0x08003da4                parseDHCPMSG
 .text.DHCP_run
                0x080041e0      0x234 ./Wiznet_W5500/dhcp.o
                0x080041e0                DHCP_run
 .text.check_DHCP_timeout
                0x08004414       0xc0 ./Wiznet_W5500/dhcp.o
                0x08004414                check_DHCP_timeout
 .text.check_DHCP_leasedIP
                0x080044d4       0x7c ./Wiznet_W5500/dhcp.o
                0x080044d4                check_DHCP_leasedIP
 .text.DHCP_init
                0x08004550      0x128 ./Wiznet_W5500/dhcp.o
                0x08004550                DHCP_init
 .text.reset_DHCP_timeout
                0x08004678       0x2c ./Wiznet_W5500/dhcp.o
                0x08004678                reset_DHCP_timeout
 .text.getIPfromDHCP
                0x080046a4       0x40 ./Wiznet_W5500/dhcp.o
                0x080046a4                getIPfromDHCP
 .text.getGWfromDHCP
                0x080046e4       0x40 ./Wiznet_W5500/dhcp.o
                0x080046e4                getGWfromDHCP
 .text.getSNfromDHCP
                0x08004724       0x40 ./Wiznet_W5500/dhcp.o
                0x08004724                getSNfromDHCP
 .text.NibbleToHex
                0x08004764       0x32 ./Wiznet_W5500/dhcp.o
                0x08004764                NibbleToHex
 *fill*         0x08004796        0x2 
 .text.socket   0x08004798      0x228 ./Wiznet_W5500/socket.o
                0x08004798                socket
 .text.close    0x080049c0       0xdc ./Wiznet_W5500/socket.o
                0x080049c0                close
 .text.connect  0x08004a9c      0x1b8 ./Wiznet_W5500/socket.o
                0x08004a9c                connect
 .text.disconnect
                0x08004c54       0xec ./Wiznet_W5500/socket.o
                0x08004c54                disconnect
 .text.send     0x08004d40      0x1f0 ./Wiznet_W5500/socket.o
                0x08004d40                send
 .text.recv     0x08004f30      0x168 ./Wiznet_W5500/socket.o
                0x08004f30                recv
 .text.sendto   0x08005098      0x268 ./Wiznet_W5500/socket.o
                0x08005098                sendto
 .text.recvfrom
                0x08005300      0x3d8 ./Wiznet_W5500/socket.o
                0x08005300                recvfrom
 .text.WIZCHIP_READ
                0x080056d8       0x98 ./Wiznet_W5500/w5500.o
                0x080056d8                WIZCHIP_READ
 .text.WIZCHIP_WRITE
                0x08005770       0x9c ./Wiznet_W5500/w5500.o
                0x08005770                WIZCHIP_WRITE
 .text.WIZCHIP_READ_BUF
                0x0800580c       0xc0 ./Wiznet_W5500/w5500.o
                0x0800580c                WIZCHIP_READ_BUF
 .text.WIZCHIP_WRITE_BUF
                0x080058cc       0xc0 ./Wiznet_W5500/w5500.o
                0x080058cc                WIZCHIP_WRITE_BUF
 .text.getSn_TX_FSR
                0x0800598c       0x92 ./Wiznet_W5500/w5500.o
                0x0800598c                getSn_TX_FSR
 .text.getSn_RX_RSR
                0x08005a1e       0x92 ./Wiznet_W5500/w5500.o
                0x08005a1e                getSn_RX_RSR
 .text.wiz_send_data
                0x08005ab0       0xb4 ./Wiznet_W5500/w5500.o
                0x08005ab0                wiz_send_data
 .text.wiz_recv_data
                0x08005b64       0xb4 ./Wiznet_W5500/w5500.o
                0x08005b64                wiz_recv_data
 .text.wiz_recv_ignore
                0x08005c18       0x8c ./Wiznet_W5500/w5500.o
                0x08005c18                wiz_recv_ignore
 .text.wizchip_cris_enter
                0x08005ca4        0xe ./Wiznet_W5500/wizchip_conf.o
                0x08005ca4                wizchip_cris_enter
 .text.wizchip_cris_exit
                0x08005cb2        0xe ./Wiznet_W5500/wizchip_conf.o
                0x08005cb2                wizchip_cris_exit
 .text.wizchip_cs_select
                0x08005cc0        0xe ./Wiznet_W5500/wizchip_conf.o
                0x08005cc0                wizchip_cs_select
 .text.wizchip_cs_deselect
                0x08005cce        0xe ./Wiznet_W5500/wizchip_conf.o
                0x08005cce                wizchip_cs_deselect
 .text.wizchip_bus_readdata
                0x08005cdc       0x1a ./Wiznet_W5500/wizchip_conf.o
                0x08005cdc                wizchip_bus_readdata
 .text.wizchip_bus_writedata
                0x08005cf6       0x1e ./Wiznet_W5500/wizchip_conf.o
                0x08005cf6                wizchip_bus_writedata
 .text.wizchip_spi_readbyte
                0x08005d14       0x10 ./Wiznet_W5500/wizchip_conf.o
                0x08005d14                wizchip_spi_readbyte
 .text.wizchip_spi_writebyte
                0x08005d24       0x16 ./Wiznet_W5500/wizchip_conf.o
                0x08005d24                wizchip_spi_writebyte
 .text.wizchip_spi_readburst
                0x08005d3a       0x18 ./Wiznet_W5500/wizchip_conf.o
                0x08005d3a                wizchip_spi_readburst
 .text.wizchip_spi_writeburst
                0x08005d52       0x18 ./Wiznet_W5500/wizchip_conf.o
                0x08005d52                wizchip_spi_writeburst
 *fill*         0x08005d6a        0x2 
 .text.reg_wizchip_cs_cbfunc
                0x08005d6c       0x4c ./Wiznet_W5500/wizchip_conf.o
                0x08005d6c                reg_wizchip_cs_cbfunc
 .text.reg_wizchip_spi_cbfunc
                0x08005db8       0x58 ./Wiznet_W5500/wizchip_conf.o
                0x08005db8                reg_wizchip_spi_cbfunc
 .text.reg_wizchip_spiburst_cbfunc
                0x08005e10       0x58 ./Wiznet_W5500/wizchip_conf.o
                0x08005e10                reg_wizchip_spiburst_cbfunc
 .text.ctlwizchip
                0x08005e68      0x1c0 ./Wiznet_W5500/wizchip_conf.o
                0x08005e68                ctlwizchip
 .text.wizchip_sw_reset
                0x08006028       0x98 ./Wiznet_W5500/wizchip_conf.o
                0x08006028                wizchip_sw_reset
 .text.wizchip_init
                0x080060c0      0x118 ./Wiznet_W5500/wizchip_conf.o
                0x080060c0                wizchip_init
 .text.wizchip_clrinterrupt
                0x080061d8       0x68 ./Wiznet_W5500/wizchip_conf.o
                0x080061d8                wizchip_clrinterrupt
 .text.wizchip_getinterrupt
                0x08006240       0x4a ./Wiznet_W5500/wizchip_conf.o
                0x08006240                wizchip_getinterrupt
 .text.wizchip_setinterruptmask
                0x0800628a       0x36 ./Wiznet_W5500/wizchip_conf.o
                0x0800628a                wizchip_setinterruptmask
 .text.wizchip_getinterruptmask
                0x080062c0       0x46 ./Wiznet_W5500/wizchip_conf.o
                0x080062c0                wizchip_getinterruptmask
 .text.wizphy_getphylink
                0x08006306       0x2c ./Wiznet_W5500/wizchip_conf.o
                0x08006306                wizphy_getphylink
 .text.wizphy_getphypmode
                0x08006332       0x32 ./Wiznet_W5500/wizchip_conf.o
                0x08006332                wizphy_getphypmode
 .text.wizphy_reset
                0x08006364       0x4e ./Wiznet_W5500/wizchip_conf.o
                0x08006364                wizphy_reset
 .text.wizphy_setphyconf
                0x080063b2       0x84 ./Wiznet_W5500/wizchip_conf.o
                0x080063b2                wizphy_setphyconf
 *fill*         0x08006436        0x2 
 .text.wizphy_getphyconf
                0x08006438       0xd4 ./Wiznet_W5500/wizchip_conf.o
                0x08006438                wizphy_getphyconf
 .text.wizphy_setphypmode
                0x0800650c       0x94 ./Wiznet_W5500/wizchip_conf.o
                0x0800650c                wizphy_setphypmode
 .text.wizchip_setnetinfo
                0x080065a0       0x80 ./Wiznet_W5500/wizchip_conf.o
                0x080065a0                wizchip_setnetinfo
 .text.sbrk_aligned
                0x08006620       0x44 C:/ST/STM32CubeIDE_1.15.1/STM32CubeIDE/plugins/com.st.stm32cube.ide.mcu.externaltools.gnu-tools-for-stm32.12.3.rel1.win32_1.0.100.202403111256/tools/bin/../lib/gcc/arm-none-eabi/12.3.1/../../../../arm-none-eabi/lib/thumb/v7e-m+fp/hard\libc_nano.a(libc_a-mallocr.o)
 .text._malloc_r
                0x08006664      0x100 C:/ST/STM32CubeIDE_1.15.1/STM32CubeIDE/plugins/com.st.stm32cube.ide.mcu.externaltools.gnu-tools-for-stm32.12.3.rel1.win32_1.0.100.202403111256/tools/bin/../lib/gcc/arm-none-eabi/12.3.1/../../../../arm-none-eabi/lib/thumb/v7e-m+fp/hard\libc_nano.a(libc_a-mallocr.o)
                0x08006664                _malloc_r
 .text.__malloc_lock
                0x08006764        0xc C:/ST/STM32CubeIDE_1.15.1/STM32CubeIDE/plugins/com.st.stm32cube.ide.mcu.externaltools.gnu-tools-for-stm32.12.3.rel1.win32_1.0.100.202403111256/tools/bin/../lib/gcc/arm-none-eabi/12.3.1/../../../../arm-none-eabi/lib/thumb/v7e-m+fp/hard\libc_nano.a(libc_a-mlock.o)
                0x08006764                __malloc_lock
 .text.__malloc_unlock
                0x08006770        0xc C:/ST/STM32CubeIDE_1.15.1/STM32CubeIDE/plugins/com.st.stm32cube.ide.mcu.externaltools.gnu-tools-for-stm32.12.3.rel1.win32_1.0.100.202403111256/tools/bin/../lib/gcc/arm-none-eabi/12.3.1/../../../../arm-none-eabi/lib/thumb/v7e-m+fp/hard\libc_nano.a(libc_a-mlock.o)
                0x08006770                __malloc_unlock
 .text.std      0x0800677c       0x6c C:/ST/STM32CubeIDE_1.15.1/STM32CubeIDE/plugins/com.st.stm32cube.ide.mcu.externaltools.gnu-tools-for-stm32.12.3.rel1.win32_1.0.100.202403111256/tools/bin/../lib/gcc/arm-none-eabi/12.3.1/../../../../arm-none-eabi/lib/thumb/v7e-m+fp/hard\libc_nano.a(libc_a-findfp.o)
 .text.stdio_exit_handler
                0x080067e8       0x18 C:/ST/STM32CubeIDE_1.15.1/STM32CubeIDE/plugins/com.st.stm32cube.ide.mcu.externaltools.gnu-tools-for-stm32.12.3.rel1.win32_1.0.100.202403111256/tools/bin/../lib/gcc/arm-none-eabi/12.3.1/../../../../arm-none-eabi/lib/thumb/v7e-m+fp/hard\libc_nano.a(libc_a-findfp.o)
 .text.cleanup_stdio
                0x08006800       0x40 C:/ST/STM32CubeIDE_1.15.1/STM32CubeIDE/plugins/com.st.stm32cube.ide.mcu.externaltools.gnu-tools-for-stm32.12.3.rel1.win32_1.0.100.202403111256/tools/bin/../lib/gcc/arm-none-eabi/12.3.1/../../../../arm-none-eabi/lib/thumb/v7e-m+fp/hard\libc_nano.a(libc_a-findfp.o)
 .text.global_stdio_init.part.0
                0x08006840       0x3c C:/ST/STM32CubeIDE_1.15.1/STM32CubeIDE/plugins/com.st.stm32cube.ide.mcu.externaltools.gnu-tools-for-stm32.12.3.rel1.win32_1.0.100.202403111256/tools/bin/../lib/gcc/arm-none-eabi/12.3.1/../../../../arm-none-eabi/lib/thumb/v7e-m+fp/hard\libc_nano.a(libc_a-findfp.o)
 .text.__sfp_lock_acquire
                0x0800687c        0xc C:/ST/STM32CubeIDE_1.15.1/STM32CubeIDE/plugins/com.st.stm32cube.ide.mcu.externaltools.gnu-tools-for-stm32.12.3.rel1.win32_1.0.100.202403111256/tools/bin/../lib/gcc/arm-none-eabi/12.3.1/../../../../arm-none-eabi/lib/thumb/v7e-m+fp/hard\libc_nano.a(libc_a-findfp.o)
                0x0800687c                __sfp_lock_acquire
 .text.__sfp_lock_release
                0x08006888        0xc C:/ST/STM32CubeIDE_1.15.1/STM32CubeIDE/plugins/com.st.stm32cube.ide.mcu.externaltools.gnu-tools-for-stm32.12.3.rel1.win32_1.0.100.202403111256/tools/bin/../lib/gcc/arm-none-eabi/12.3.1/../../../../arm-none-eabi/lib/thumb/v7e-m+fp/hard\libc_nano.a(libc_a-findfp.o)
                0x08006888                __sfp_lock_release
 .text.__sinit  0x08006894       0x30 C:/ST/STM32CubeIDE_1.15.1/STM32CubeIDE/plugins/com.st.stm32cube.ide.mcu.externaltools.gnu-tools-for-stm32.12.3.rel1.win32_1.0.100.202403111256/tools/bin/../lib/gcc/arm-none-eabi/12.3.1/../../../../arm-none-eabi/lib/thumb/v7e-m+fp/hard\libc_nano.a(libc_a-findfp.o)
                0x08006894                __sinit
 .text._fwalk_sglue
                0x080068c4       0x3c C:/ST/STM32CubeIDE_1.15.1/STM32CubeIDE/plugins/com.st.stm32cube.ide.mcu.externaltools.gnu-tools-for-stm32.12.3.rel1.win32_1.0.100.202403111256/tools/bin/../lib/gcc/arm-none-eabi/12.3.1/../../../../arm-none-eabi/lib/thumb/v7e-m+fp/hard\libc_nano.a(libc_a-fwalk.o)
                0x080068c4                _fwalk_sglue
 .text.printf   0x08006900       0x24 C:/ST/STM32CubeIDE_1.15.1/STM32CubeIDE/plugins/com.st.stm32cube.ide.mcu.externaltools.gnu-tools-for-stm32.12.3.rel1.win32_1.0.100.202403111256/tools/bin/../lib/gcc/arm-none-eabi/12.3.1/../../../../arm-none-eabi/lib/thumb/v7e-m+fp/hard\libc_nano.a(libc_a-printf.o)
                0x08006900                iprintf
                0x08006900                printf
 .text._puts_r  0x08006924       0xaa C:/ST/STM32CubeIDE_1.15.1/STM32CubeIDE/plugins/com.st.stm32cube.ide.mcu.externaltools.gnu-tools-for-stm32.12.3.rel1.win32_1.0.100.202403111256/tools/bin/../lib/gcc/arm-none-eabi/12.3.1/../../../../arm-none-eabi/lib/thumb/v7e-m+fp/hard\libc_nano.a(libc_a-puts.o)
                0x08006924                _puts_r
 *fill*         0x080069ce        0x2 
 .text.puts     0x080069d0       0x10 C:/ST/STM32CubeIDE_1.15.1/STM32CubeIDE/plugins/com.st.stm32cube.ide.mcu.externaltools.gnu-tools-for-stm32.12.3.rel1.win32_1.0.100.202403111256/tools/bin/../lib/gcc/arm-none-eabi/12.3.1/../../../../arm-none-eabi/lib/thumb/v7e-m+fp/hard\libc_nano.a(libc_a-puts.o)
                0x080069d0                puts
 .text.sprintf  0x080069e0       0x40 C:/ST/STM32CubeIDE_1.15.1/STM32CubeIDE/plugins/com.st.stm32cube.ide.mcu.externaltools.gnu-tools-for-stm32.12.3.rel1.win32_1.0.100.202403111256/tools/bin/../lib/gcc/arm-none-eabi/12.3.1/../../../../arm-none-eabi/lib/thumb/v7e-m+fp/hard\libc_nano.a(libc_a-sprintf.o)
                0x080069e0                siprintf
                0x080069e0                sprintf
 .text.__sread  0x08006a20       0x22 C:/ST/STM32CubeIDE_1.15.1/STM32CubeIDE/plugins/com.st.stm32cube.ide.mcu.externaltools.gnu-tools-for-stm32.12.3.rel1.win32_1.0.100.202403111256/tools/bin/../lib/gcc/arm-none-eabi/12.3.1/../../../../arm-none-eabi/lib/thumb/v7e-m+fp/hard\libc_nano.a(libc_a-stdio.o)
                0x08006a20                __sread
 .text.__swrite
                0x08006a42       0x38 C:/ST/STM32CubeIDE_1.15.1/STM32CubeIDE/plugins/com.st.stm32cube.ide.mcu.externaltools.gnu-tools-for-stm32.12.3.rel1.win32_1.0.100.202403111256/tools/bin/../lib/gcc/arm-none-eabi/12.3.1/../../../../arm-none-eabi/lib/thumb/v7e-m+fp/hard\libc_nano.a(libc_a-stdio.o)
                0x08006a42                __swrite
 .text.__sseek  0x08006a7a       0x24 C:/ST/STM32CubeIDE_1.15.1/STM32CubeIDE/plugins/com.st.stm32cube.ide.mcu.externaltools.gnu-tools-for-stm32.12.3.rel1.win32_1.0.100.202403111256/tools/bin/../lib/gcc/arm-none-eabi/12.3.1/../../../../arm-none-eabi/lib/thumb/v7e-m+fp/hard\libc_nano.a(libc_a-stdio.o)
                0x08006a7a                __sseek
 .text.__sclose
                0x08006a9e        0x8 C:/ST/STM32CubeIDE_1.15.1/STM32CubeIDE/plugins/com.st.stm32cube.ide.mcu.externaltools.gnu-tools-for-stm32.12.3.rel1.win32_1.0.100.202403111256/tools/bin/../lib/gcc/arm-none-eabi/12.3.1/../../../../arm-none-eabi/lib/thumb/v7e-m+fp/hard\libc_nano.a(libc_a-stdio.o)
                0x08006a9e                __sclose
 .text.__swbuf_r
                0x08006aa6       0x7c C:/ST/STM32CubeIDE_1.15.1/STM32CubeIDE/plugins/com.st.stm32cube.ide.mcu.externaltools.gnu-tools-for-stm32.12.3.rel1.win32_1.0.100.202403111256/tools/bin/../lib/gcc/arm-none-eabi/12.3.1/../../../../arm-none-eabi/lib/thumb/v7e-m+fp/hard\libc_nano.a(libc_a-wbuf.o)
                0x08006aa6                __swbuf_r
 *fill*         0x08006b22        0x2 
 .text.__swsetup_r
                0x08006b24       0xac C:/ST/STM32CubeIDE_1.15.1/STM32CubeIDE/plugins/com.st.stm32cube.ide.mcu.externaltools.gnu-tools-for-stm32.12.3.rel1.win32_1.0.100.202403111256/tools/bin/../lib/gcc/arm-none-eabi/12.3.1/../../../../arm-none-eabi/lib/thumb/v7e-m+fp/hard\libc_nano.a(libc_a-wsetup.o)
                0x08006b24                __swsetup_r
 .text.memset   0x08006bd0       0x10 C:/ST/STM32CubeIDE_1.15.1/STM32CubeIDE/plugins/com.st.stm32cube.ide.mcu.externaltools.gnu-tools-for-stm32.12.3.rel1.win32_1.0.100.202403111256/tools/bin/../lib/gcc/arm-none-eabi/12.3.1/../../../../arm-none-eabi/lib/thumb/v7e-m+fp/hard\libc_nano.a(libc_a-memset.o)
                0x08006bd0                memset
 .text.strncmp  0x08006be0       0x24 C:/ST/STM32CubeIDE_1.15.1/STM32CubeIDE/plugins/com.st.stm32cube.ide.mcu.externaltools.gnu-tools-for-stm32.12.3.rel1.win32_1.0.100.202403111256/tools/bin/../lib/gcc/arm-none-eabi/12.3.1/../../../../arm-none-eabi/lib/thumb/v7e-m+fp/hard\libc_nano.a(libc_a-strncmp.o)
                0x08006be0                strncmp
 .text._close_r
                0x08006c04       0x20 C:/ST/STM32CubeIDE_1.15.1/STM32CubeIDE/plugins/com.st.stm32cube.ide.mcu.externaltools.gnu-tools-for-stm32.12.3.rel1.win32_1.0.100.202403111256/tools/bin/../lib/gcc/arm-none-eabi/12.3.1/../../../../arm-none-eabi/lib/thumb/v7e-m+fp/hard\libc_nano.a(libc_a-closer.o)
                0x08006c04                _close_r
 .text._lseek_r
                0x08006c24       0x24 C:/ST/STM32CubeIDE_1.15.1/STM32CubeIDE/plugins/com.st.stm32cube.ide.mcu.externaltools.gnu-tools-for-stm32.12.3.rel1.win32_1.0.100.202403111256/tools/bin/../lib/gcc/arm-none-eabi/12.3.1/../../../../arm-none-eabi/lib/thumb/v7e-m+fp/hard\libc_nano.a(libc_a-lseekr.o)
                0x08006c24                _lseek_r
 .text._read_r  0x08006c48       0x24 C:/ST/STM32CubeIDE_1.15.1/STM32CubeIDE/plugins/com.st.stm32cube.ide.mcu.externaltools.gnu-tools-for-stm32.12.3.rel1.win32_1.0.100.202403111256/tools/bin/../lib/gcc/arm-none-eabi/12.3.1/../../../../arm-none-eabi/lib/thumb/v7e-m+fp/hard\libc_nano.a(libc_a-readr.o)
                0x08006c48                _read_r
 .text._sbrk_r  0x08006c6c       0x20 C:/ST/STM32CubeIDE_1.15.1/STM32CubeIDE/plugins/com.st.stm32cube.ide.mcu.externaltools.gnu-tools-for-stm32.12.3.rel1.win32_1.0.100.202403111256/tools/bin/../lib/gcc/arm-none-eabi/12.3.1/../../../../arm-none-eabi/lib/thumb/v7e-m+fp/hard\libc_nano.a(libc_a-sbrkr.o)
                0x08006c6c                _sbrk_r
 .text._write_r
                0x08006c8c       0x24 C:/ST/STM32CubeIDE_1.15.1/STM32CubeIDE/plugins/com.st.stm32cube.ide.mcu.externaltools.gnu-tools-for-stm32.12.3.rel1.win32_1.0.100.202403111256/tools/bin/../lib/gcc/arm-none-eabi/12.3.1/../../../../arm-none-eabi/lib/thumb/v7e-m+fp/hard\libc_nano.a(libc_a-writer.o)
                0x08006c8c                _write_r
 .text.__errno  0x08006cb0        0xc C:/ST/STM32CubeIDE_1.15.1/STM32CubeIDE/plugins/com.st.stm32cube.ide.mcu.externaltools.gnu-tools-for-stm32.12.3.rel1.win32_1.0.100.202403111256/tools/bin/../lib/gcc/arm-none-eabi/12.3.1/../../../../arm-none-eabi/lib/thumb/v7e-m+fp/hard\libc_nano.a(libc_a-errno.o)
                0x08006cb0                __errno
 .text.__libc_init_array
                0x08006cbc       0x48 C:/ST/STM32CubeIDE_1.15.1/STM32CubeIDE/plugins/com.st.stm32cube.ide.mcu.externaltools.gnu-tools-for-stm32.12.3.rel1.win32_1.0.100.202403111256/tools/bin/../lib/gcc/arm-none-eabi/12.3.1/../../../../arm-none-eabi/lib/thumb/v7e-m+fp/hard\libc_nano.a(libc_a-init.o)
                0x08006cbc                __libc_init_array
 .text.__retarget_lock_init_recursive
                0x08006d04        0x2 C:/ST/STM32CubeIDE_1.15.1/STM32CubeIDE/plugins/com.st.stm32cube.ide.mcu.externaltools.gnu-tools-for-stm32.12.3.rel1.win32_1.0.100.202403111256/tools/bin/../lib/gcc/arm-none-eabi/12.3.1/../../../../arm-none-eabi/lib/thumb/v7e-m+fp/hard\libc_nano.a(libc_a-lock.o)
                0x08006d04                __retarget_lock_init_recursive
 .text.__retarget_lock_acquire_recursive
                0x08006d06        0x2 C:/ST/STM32CubeIDE_1.15.1/STM32CubeIDE/plugins/com.st.stm32cube.ide.mcu.externaltools.gnu-tools-for-stm32.12.3.rel1.win32_1.0.100.202403111256/tools/bin/../lib/gcc/arm-none-eabi/12.3.1/../../../../arm-none-eabi/lib/thumb/v7e-m+fp/hard\libc_nano.a(libc_a-lock.o)
                0x08006d06                __retarget_lock_acquire_recursive
 .text.__retarget_lock_release_recursive
                0x08006d08        0x2 C:/ST/STM32CubeIDE_1.15.1/STM32CubeIDE/plugins/com.st.stm32cube.ide.mcu.externaltools.gnu-tools-for-stm32.12.3.rel1.win32_1.0.100.202403111256/tools/bin/../lib/gcc/arm-none-eabi/12.3.1/../../../../arm-none-eabi/lib/thumb/v7e-m+fp/hard\libc_nano.a(libc_a-lock.o)
                0x08006d08                __retarget_lock_release_recursive
 .text.memcpy   0x08006d0a       0x1c C:/ST/STM32CubeIDE_1.15.1/STM32CubeIDE/plugins/com.st.stm32cube.ide.mcu.externaltools.gnu-tools-for-stm32.12.3.rel1.win32_1.0.100.202403111256/tools/bin/../lib/gcc/arm-none-eabi/12.3.1/../../../../arm-none-eabi/lib/thumb/v7e-m+fp/hard\libc_nano.a(libc_a-memcpy-stub.o)
                0x08006d0a                memcpy
 *fill*         0x08006d26        0x2 
 .text._free_r  0x08006d28       0x94 C:/ST/STM32CubeIDE_1.15.1/STM32CubeIDE/plugins/com.st.stm32cube.ide.mcu.externaltools.gnu-tools-for-stm32.12.3.rel1.win32_1.0.100.202403111256/tools/bin/../lib/gcc/arm-none-eabi/12.3.1/../../../../arm-none-eabi/lib/thumb/v7e-m+fp/hard\libc_nano.a(libc_a-freer.o)
                0x08006d28                _free_r
 .text.__ssputs_r
                0x08006dbc       0xb6 C:/ST/STM32CubeIDE_1.15.1/STM32CubeIDE/plugins/com.st.stm32cube.ide.mcu.externaltools.gnu-tools-for-stm32.12.3.rel1.win32_1.0.100.202403111256/tools/bin/../lib/gcc/arm-none-eabi/12.3.1/../../../../arm-none-eabi/lib/thumb/v7e-m+fp/hard\libc_nano.a(libc_a-nano-svfprintf.o)
                0x08006dbc                __ssputs_r
 *fill*         0x08006e72        0x2 
 .text._svfprintf_r
                0x08006e74      0x1f8 C:/ST/STM32CubeIDE_1.15.1/STM32CubeIDE/plugins/com.st.stm32cube.ide.mcu.externaltools.gnu-tools-for-stm32.12.3.rel1.win32_1.0.100.202403111256/tools/bin/../lib/gcc/arm-none-eabi/12.3.1/../../../../arm-none-eabi/lib/thumb/v7e-m+fp/hard\libc_nano.a(libc_a-nano-svfprintf.o)
                0x08006e74                _svfiprintf_r
                0x08006e74                _svfprintf_r
 .text.__sfputc_r
                0x0800706c       0x2e C:/ST/STM32CubeIDE_1.15.1/STM32CubeIDE/plugins/com.st.stm32cube.ide.mcu.externaltools.gnu-tools-for-stm32.12.3.rel1.win32_1.0.100.202403111256/tools/bin/../lib/gcc/arm-none-eabi/12.3.1/../../../../arm-none-eabi/lib/thumb/v7e-m+fp/hard\libc_nano.a(libc_a-nano-vfprintf.o)
 .text.__sfputs_r
                0x0800709a       0x24 C:/ST/STM32CubeIDE_1.15.1/STM32CubeIDE/plugins/com.st.stm32cube.ide.mcu.externaltools.gnu-tools-for-stm32.12.3.rel1.win32_1.0.100.202403111256/tools/bin/../lib/gcc/arm-none-eabi/12.3.1/../../../../arm-none-eabi/lib/thumb/v7e-m+fp/hard\libc_nano.a(libc_a-nano-vfprintf.o)
                0x0800709a                __sfputs_r
 *fill*         0x080070be        0x2 
 .text._vfprintf_r
                0x080070c0      0x230 C:/ST/STM32CubeIDE_1.15.1/STM32CubeIDE/plugins/com.st.stm32cube.ide.mcu.externaltools.gnu-tools-for-stm32.12.3.rel1.win32_1.0.100.202403111256/tools/bin/../lib/gcc/arm-none-eabi/12.3.1/../../../../arm-none-eabi/lib/thumb/v7e-m+fp/hard\libc_nano.a(libc_a-nano-vfprintf.o)
                0x080070c0                _vfprintf_r
                0x080070c0                _vfiprintf_r
 .text._printf_common
                0x080072f0       0xda C:/ST/STM32CubeIDE_1.15.1/STM32CubeIDE/plugins/com.st.stm32cube.ide.mcu.externaltools.gnu-tools-for-stm32.12.3.rel1.win32_1.0.100.202403111256/tools/bin/../lib/gcc/arm-none-eabi/12.3.1/../../../../arm-none-eabi/lib/thumb/v7e-m+fp/hard\libc_nano.a(libc_a-nano-vfprintf_i.o)
                0x080072f0                _printf_common
 *fill*         0x080073ca        0x2 
 .text._printf_i
                0x080073cc      0x240 C:/ST/STM32CubeIDE_1.15.1/STM32CubeIDE/plugins/com.st.stm32cube.ide.mcu.externaltools.gnu-tools-for-stm32.12.3.rel1.win32_1.0.100.202403111256/tools/bin/../lib/gcc/arm-none-eabi/12.3.1/../../../../arm-none-eabi/lib/thumb/v7e-m+fp/hard\libc_nano.a(libc_a-nano-vfprintf_i.o)
                0x080073cc                _printf_i
 .text.__sflush_r
                0x0800760c      0x108 C:/ST/STM32CubeIDE_1.15.1/STM32CubeIDE/plugins/com.st.stm32cube.ide.mcu.externaltools.gnu-tools-for-stm32.12.3.rel1.win32_1.0.100.202403111256/tools/bin/../lib/gcc/arm-none-eabi/12.3.1/../../../../arm-none-eabi/lib/thumb/v7e-m+fp/hard\libc_nano.a(libc_a-fflush.o)
                0x0800760c                __sflush_r
 .text._fflush_r
                0x08007714       0x50 C:/ST/STM32CubeIDE_1.15.1/STM32CubeIDE/plugins/com.st.stm32cube.ide.mcu.externaltools.gnu-tools-for-stm32.12.3.rel1.win32_1.0.100.202403111256/tools/bin/../lib/gcc/arm-none-eabi/12.3.1/../../../../arm-none-eabi/lib/thumb/v7e-m+fp/hard\libc_nano.a(libc_a-fflush.o)
                0x08007714                _fflush_r
 .text.__swhatbuf_r
                0x08007764       0x4c C:/ST/STM32CubeIDE_1.15.1/STM32CubeIDE/plugins/com.st.stm32cube.ide.mcu.externaltools.gnu-tools-for-stm32.12.3.rel1.win32_1.0.100.202403111256/tools/bin/../lib/gcc/arm-none-eabi/12.3.1/../../../../arm-none-eabi/lib/thumb/v7e-m+fp/hard\libc_nano.a(libc_a-makebuf.o)
                0x08007764                __swhatbuf_r
 .text.__smakebuf_r
                0x080077b0       0x78 C:/ST/STM32CubeIDE_1.15.1/STM32CubeIDE/plugins/com.st.stm32cube.ide.mcu.externaltools.gnu-tools-for-stm32.12.3.rel1.win32_1.0.100.202403111256/tools/bin/../lib/gcc/arm-none-eabi/12.3.1/../../../../arm-none-eabi/lib/thumb/v7e-m+fp/hard\libc_nano.a(libc_a-makebuf.o)
                0x080077b0                __smakebuf_r
 .text.memmove  0x08007828       0x34 C:/ST/STM32CubeIDE_1.15.1/STM32CubeIDE/plugins/com.st.stm32cube.ide.mcu.externaltools.gnu-tools-for-stm32.12.3.rel1.win32_1.0.100.202403111256/tools/bin/../lib/gcc/arm-none-eabi/12.3.1/../../../../arm-none-eabi/lib/thumb/v7e-m+fp/hard\libc_nano.a(libc_a-memmove.o)
                0x08007828                memmove
 .text._fstat_r
                0x0800785c       0x24 C:/ST/STM32CubeIDE_1.15.1/STM32CubeIDE/plugins/com.st.stm32cube.ide.mcu.externaltools.gnu-tools-for-stm32.12.3.rel1.win32_1.0.100.202403111256/tools/bin/../lib/gcc/arm-none-eabi/12.3.1/../../../../arm-none-eabi/lib/thumb/v7e-m+fp/hard\libc_nano.a(libc_a-fstatr.o)
                0x0800785c                _fstat_r
 .text._isatty_r
                0x08007880       0x20 C:/ST/STM32CubeIDE_1.15.1/STM32CubeIDE/plugins/com.st.stm32cube.ide.mcu.externaltools.gnu-tools-for-stm32.12.3.rel1.win32_1.0.100.202403111256/tools/bin/../lib/gcc/arm-none-eabi/12.3.1/../../../../arm-none-eabi/lib/thumb/v7e-m+fp/hard\libc_nano.a(libc_a-isattyr.o)
                0x08007880                _isatty_r
 .text._realloc_r
                0x080078a0       0x5c C:/ST/STM32CubeIDE_1.15.1/STM32CubeIDE/plugins/com.st.stm32cube.ide.mcu.externaltools.gnu-tools-for-stm32.12.3.rel1.win32_1.0.100.202403111256/tools/bin/../lib/gcc/arm-none-eabi/12.3.1/../../../../arm-none-eabi/lib/thumb/v7e-m+fp/hard\libc_nano.a(libc_a-reallocr.o)
                0x080078a0                _realloc_r
 .text._malloc_usable_size_r
                0x080078fc       0x10 C:/ST/STM32CubeIDE_1.15.1/STM32CubeIDE/plugins/com.st.stm32cube.ide.mcu.externaltools.gnu-tools-for-stm32.12.3.rel1.win32_1.0.100.202403111256/tools/bin/../lib/gcc/arm-none-eabi/12.3.1/../../../../arm-none-eabi/lib/thumb/v7e-m+fp/hard\libc_nano.a(libc_a-msizer.o)
                0x080078fc                _malloc_usable_size_r
 *(.glue_7)
 .glue_7        0x0800790c        0x0 linker stubs
 *(.glue_7t)
 .glue_7t       0x0800790c        0x0 linker stubs
 *(.eh_frame)
 .eh_frame      0x0800790c        0x0 C:/ST/STM32CubeIDE_1.15.1/STM32CubeIDE/plugins/com.st.stm32cube.ide.mcu.externaltools.gnu-tools-for-stm32.12.3.rel1.win32_1.0.100.202403111256/tools/bin/../lib/gcc/arm-none-eabi/12.3.1/thumb/v7e-m+fp/hard/crtbegin.o
 *(.init)
 .init          0x0800790c        0x4 C:/ST/STM32CubeIDE_1.15.1/STM32CubeIDE/plugins/com.st.stm32cube.ide.mcu.externaltools.gnu-tools-for-stm32.12.3.rel1.win32_1.0.100.202403111256/tools/bin/../lib/gcc/arm-none-eabi/12.3.1/thumb/v7e-m+fp/hard/crti.o
                0x0800790c                _init
 .init          0x08007910        0x8 C:/ST/STM32CubeIDE_1.15.1/STM32CubeIDE/plugins/com.st.stm32cube.ide.mcu.externaltools.gnu-tools-for-stm32.12.3.rel1.win32_1.0.100.202403111256/tools/bin/../lib/gcc/arm-none-eabi/12.3.1/thumb/v7e-m+fp/hard/crtn.o
 *(.fini)
 .fini          0x08007918        0x4 C:/ST/STM32CubeIDE_1.15.1/STM32CubeIDE/plugins/com.st.stm32cube.ide.mcu.externaltools.gnu-tools-for-stm32.12.3.rel1.win32_1.0.100.202403111256/tools/bin/../lib/gcc/arm-none-eabi/12.3.1/thumb/v7e-m+fp/hard/crti.o
                0x08007918                _fini
 .fini          0x0800791c        0x8 C:/ST/STM32CubeIDE_1.15.1/STM32CubeIDE/plugins/com.st.stm32cube.ide.mcu.externaltools.gnu-tools-for-stm32.12.3.rel1.win32_1.0.100.202403111256/tools/bin/../lib/gcc/arm-none-eabi/12.3.1/thumb/v7e-m+fp/hard/crtn.o
                0x08007924                        . = ALIGN (0x4)
                0x08007924                        _etext = .

.vfp11_veneer   0x08007924        0x0
 .vfp11_veneer  0x08007924        0x0 linker stubs

.v4_bx          0x08007924        0x0
 .v4_bx         0x08007924        0x0 linker stubs

.iplt           0x08007924        0x0
 .iplt          0x08007924        0x0 C:/ST/STM32CubeIDE_1.15.1/STM32CubeIDE/plugins/com.st.stm32cube.ide.mcu.externaltools.gnu-tools-for-stm32.12.3.rel1.win32_1.0.100.202403111256/tools/bin/../lib/gcc/arm-none-eabi/12.3.1/thumb/v7e-m+fp/hard/crtbegin.o

.rodata         0x08007924      0x3e4
                0x08007924                        . = ALIGN (0x4)
 *(.rodata)
 .rodata        0x08007924       0x58 ./Src/MQTTC/MQTTClient.o
 .rodata        0x0800797c        0xf ./Src/MQTTC/MQTTConnectClient.o
 *fill*         0x0800798b        0x1 
 .rodata        0x0800798c      0x2a0 ./Src/main.o
 .rodata        0x08007c2c       0x94 ./Src/w5500_driver.o
 .rodata        0x08007cc0       0x12 ./Wiznet_W5500/dhcp.o
 *(.rodata*)
 .rodata._svfprintf_r.str1.1
                0x08007cd2       0x11 C:/ST/STM32CubeIDE_1.15.1/STM32CubeIDE/plugins/com.st.stm32cube.ide.mcu.externaltools.gnu-tools-for-stm32.12.3.rel1.win32_1.0.100.202403111256/tools/bin/../lib/gcc/arm-none-eabi/12.3.1/../../../../arm-none-eabi/lib/thumb/v7e-m+fp/hard\libc_nano.a(libc_a-nano-svfprintf.o)
 .rodata._vfprintf_r.str1.1
                0x08007ce3       0x11 C:/ST/STM32CubeIDE_1.15.1/STM32CubeIDE/plugins/com.st.stm32cube.ide.mcu.externaltools.gnu-tools-for-stm32.12.3.rel1.win32_1.0.100.202403111256/tools/bin/../lib/gcc/arm-none-eabi/12.3.1/../../../../arm-none-eabi/lib/thumb/v7e-m+fp/hard\libc_nano.a(libc_a-nano-vfprintf.o)
 .rodata._printf_i.str1.1
                0x08007ce3       0x22 C:/ST/STM32CubeIDE_1.15.1/STM32CubeIDE/plugins/com.st.stm32cube.ide.mcu.externaltools.gnu-tools-for-stm32.12.3.rel1.win32_1.0.100.202403111256/tools/bin/../lib/gcc/arm-none-eabi/12.3.1/../../../../arm-none-eabi/lib/thumb/v7e-m+fp/hard\libc_nano.a(libc_a-nano-vfprintf_i.o)
                0x08007d08                        . = ALIGN (0x4)
 *fill*         0x08007d05        0x3 

.ARM.extab      0x08007d08        0x0
                0x08007d08                        . = ALIGN (0x4)
 *(.ARM.extab* .gnu.linkonce.armextab.*)
                0x08007d08                        . = ALIGN (0x4)

.ARM            0x08007d08        0x8
                0x08007d08                        . = ALIGN (0x4)
                0x08007d08                        __exidx_start = .
 *(.ARM.exidx*)
 .ARM.exidx     0x08007d08        0x8 C:/ST/STM32CubeIDE_1.15.1/STM32CubeIDE/plugins/com.st.stm32cube.ide.mcu.externaltools.gnu-tools-for-stm32.12.3.rel1.win32_1.0.100.202403111256/tools/bin/../lib/gcc/arm-none-eabi/12.3.1/../../../../arm-none-eabi/lib/thumb/v7e-m+fp/hard\libc_nano.a(libc_a-strcmp.o)
 .ARM.exidx     0x08007d10        0x0 C:/ST/STM32CubeIDE_1.15.1/STM32CubeIDE/plugins/com.st.stm32cube.ide.mcu.externaltools.gnu-tools-for-stm32.12.3.rel1.win32_1.0.100.202403111256/tools/bin/../lib/gcc/arm-none-eabi/12.3.1/../../../../arm-none-eabi/lib/thumb/v7e-m+fp/hard\libc_nano.a(libc_a-strlen.o)
                                  0x8 (size before relaxing)
 .ARM.exidx     0x08007d10        0x0 C:/ST/STM32CubeIDE_1.15.1/STM32CubeIDE/plugins/com.st.stm32cube.ide.mcu.externaltools.gnu-tools-for-stm32.12.3.rel1.win32_1.0.100.202403111256/tools/bin/../lib/gcc/arm-none-eabi/12.3.1/../../../../arm-none-eabi/lib/thumb/v7e-m+fp/hard\libc_nano.a(libc_a-memchr.o)
                                  0x8 (size before relaxing)
                0x08007d10                        __exidx_end = .
                0x08007d10                        . = ALIGN (0x4)

.rel.dyn        0x08007d10        0x0
 .rel.iplt      0x08007d10        0x0 C:/ST/STM32CubeIDE_1.15.1/STM32CubeIDE/plugins/com.st.stm32cube.ide.mcu.externaltools.gnu-tools-for-stm32.12.3.rel1.win32_1.0.100.202403111256/tools/bin/../lib/gcc/arm-none-eabi/12.3.1/thumb/v7e-m+fp/hard/crtbegin.o

.preinit_array  0x08007d10        0x0
                0x08007d10                        . = ALIGN (0x4)
                0x08007d10                        PROVIDE (__preinit_array_start = .)
 *(.preinit_array*)
                0x08007d10                        PROVIDE (__preinit_array_end = .)
                0x08007d10                        . = ALIGN (0x4)

.init_array     0x08007d10        0x4
                0x08007d10                        . = ALIGN (0x4)
                0x08007d10                        PROVIDE (__init_array_start = .)
 *(SORT_BY_NAME(.init_array.*))
 *(.init_array*)
 .init_array    0x08007d10        0x4 C:/ST/STM32CubeIDE_1.15.1/STM32CubeIDE/plugins/com.st.stm32cube.ide.mcu.externaltools.gnu-tools-for-stm32.12.3.rel1.win32_1.0.100.202403111256/tools/bin/../lib/gcc/arm-none-eabi/12.3.1/thumb/v7e-m+fp/hard/crtbegin.o
                0x08007d14                        PROVIDE (__init_array_end = .)
                0x08007d14                        . = ALIGN (0x4)

.fini_array     0x08007d14        0x4
                0x08007d14                        . = ALIGN (0x4)
                [!provide]                        PROVIDE (__fini_array_start = .)
 *(SORT_BY_NAME(.fini_array.*))
 *(.fini_array*)
 .fini_array    0x08007d14        0x4 C:/ST/STM32CubeIDE_1.15.1/STM32CubeIDE/plugins/com.st.stm32cube.ide.mcu.externaltools.gnu-tools-for-stm32.12.3.rel1.win32_1.0.100.202403111256/tools/bin/../lib/gcc/arm-none-eabi/12.3.1/thumb/v7e-m+fp/hard/crtbegin.o
                [!provide]                        PROVIDE (__fini_array_end = .)
                0x08007d18                        . = ALIGN (0x4)
                0x08007d18                        _sidata = LOADADDR (.data)

.data           0x20000000      0x120 load address 0x08007d18
                0x20000000                        . = ALIGN (0x4)
                0x20000000                        _sdata = .
 *(.data)
 *(.data*)
 .data.connect_data
                0x20000000       0x58 ./Src/main.o
                0x20000000                connect_data
 .data.broker_ip
                0x20000058        0x4 ./Src/main.o
                0x20000058                broker_ip
 .data.broker_port
                0x2000005c        0x2 ./Src/main.o
                0x2000005c                broker_port
 *fill*         0x2000005e        0x2 
 .data.net_info
                0x20000060       0x17 ./Src/w5500_driver.o
                0x20000060                net_info
 *fill*         0x20000077        0x1 
 .data.dhcp_lease_time
                0x20000078        0x4 ./Wiznet_W5500/dhcp.o
                0x20000078                dhcp_lease_time
 .data.dhcp_tick_next
                0x2000007c        0x4 ./Wiznet_W5500/dhcp.o
                0x2000007c                dhcp_tick_next
 .data.HOST_NAME
                0x20000080        0x8 ./Wiznet_W5500/dhcp.o
                0x20000080                HOST_NAME
 .data.dhcp_ip_assign
                0x20000088        0x4 ./Wiznet_W5500/dhcp.o
                0x20000088                dhcp_ip_assign
 .data.dhcp_ip_update
                0x2000008c        0x4 ./Wiznet_W5500/dhcp.o
                0x2000008c                dhcp_ip_update
 .data.dhcp_ip_conflict
                0x20000090        0x4 ./Wiznet_W5500/dhcp.o
                0x20000090                dhcp_ip_conflict
 .data.sock_any_port
                0x20000094        0x2 ./Wiznet_W5500/socket.o
 *fill*         0x20000096        0x2 
 .data.WIZCHIP  0x20000098       0x2c ./Wiznet_W5500/wizchip_conf.o
                0x20000098                WIZCHIP
 .data.__sglue  0x200000c4        0xc C:/ST/STM32CubeIDE_1.15.1/STM32CubeIDE/plugins/com.st.stm32cube.ide.mcu.externaltools.gnu-tools-for-stm32.12.3.rel1.win32_1.0.100.202403111256/tools/bin/../lib/gcc/arm-none-eabi/12.3.1/../../../../arm-none-eabi/lib/thumb/v7e-m+fp/hard\libc_nano.a(libc_a-findfp.o)
                0x200000c4                __sglue
 .data._impure_ptr
                0x200000d0        0x4 C:/ST/STM32CubeIDE_1.15.1/STM32CubeIDE/plugins/com.st.stm32cube.ide.mcu.externaltools.gnu-tools-for-stm32.12.3.rel1.win32_1.0.100.202403111256/tools/bin/../lib/gcc/arm-none-eabi/12.3.1/../../../../arm-none-eabi/lib/thumb/v7e-m+fp/hard\libc_nano.a(libc_a-impure.o)
                0x200000d0                _impure_ptr
 .data._impure_data
                0x200000d4       0x4c C:/ST/STM32CubeIDE_1.15.1/STM32CubeIDE/plugins/com.st.stm32cube.ide.mcu.externaltools.gnu-tools-for-stm32.12.3.rel1.win32_1.0.100.202403111256/tools/bin/../lib/gcc/arm-none-eabi/12.3.1/../../../../arm-none-eabi/lib/thumb/v7e-m+fp/hard\libc_nano.a(libc_a-impure.o)
                0x200000d4                _impure_data
 *(.RamFunc)
 *(.RamFunc*)
                0x20000120                        . = ALIGN (0x4)
                0x20000120                        _edata = .

.igot.plt       0x20000120        0x0 load address 0x08007e38
 .igot.plt      0x20000120        0x0 C:/ST/STM32CubeIDE_1.15.1/STM32CubeIDE/plugins/com.st.stm32cube.ide.mcu.externaltools.gnu-tools-for-stm32.12.3.rel1.win32_1.0.100.202403111256/tools/bin/../lib/gcc/arm-none-eabi/12.3.1/thumb/v7e-m+fp/hard/crtbegin.o
                0x20000120                        . = ALIGN (0x4)

.bss            0x20000120      0x844 load address 0x08007e38
                0x20000120                        _sbss = .
                0x20000120                        __bss_start__ = _sbss
 *(.bss)
 .bss           0x20000120       0x1c C:/ST/STM32CubeIDE_1.15.1/STM32CubeIDE/plugins/com.st.stm32cube.ide.mcu.externaltools.gnu-tools-for-stm32.12.3.rel1.win32_1.0.100.202403111256/tools/bin/../lib/gcc/arm-none-eabi/12.3.1/thumb/v7e-m+fp/hard/crtbegin.o
 *(.bss*)
 .bss.bufptr    0x2000013c        0x4 ./Src/MQTTC/MQTTPacket.o
 .bss.MilliTimer
                0x20000140        0x4 ./Src/MQTTC/mqtt_interface.o
                0x20000140                MilliTimer
 .bss.mqtt_client
                0x20000144       0x68 ./Src/main.o
                0x20000144                mqtt_client
 .bss.network   0x200001ac       0x10 ./Src/main.o
                0x200001ac                network
 .bss.tx_buffer
                0x200001bc       0x80 ./Src/main.o
                0x200001bc                tx_buffer
 .bss.rx_buffer
                0x2000023c       0x80 ./Src/main.o
                0x2000023c                rx_buffer
 .bss.current_phy_conf
                0x200002bc        0x4 ./Src/main.o
                0x200002bc                current_phy_conf
 .bss.__sbrk_heap_end
                0x200002c0        0x4 ./Src/sysmem.o
 .bss.g_curr_tick
                0x200002c4        0x4 ./Src/timebase.o
                0x200002c4                g_curr_tick
 .bss.g_curr_tick_p
                0x200002c8        0x4 ./Src/timebase.o
                0x200002c8                g_curr_tick_p
 .bss.hspi1     0x200002cc       0x44 ./Src/w5500_driver.o
                0x200002cc                hspi1
 .bss.temp_buffer
                0x20000310       0xaa ./Src/w5500_driver.o
                0x20000310                temp_buffer
 *fill*         0x200003ba        0x2 
 .bss.dhcp_buffer
                0x200003bc      0x400 ./Src/w5500_driver.o
                0x200003bc                dhcp_buffer
 .bss.is_ip_assigned
                0x200007bc        0x1 ./Src/w5500_driver.o
                0x200007bc                is_ip_assigned
 .bss.DHCP_SOCKET
                0x200007bd        0x1 ./Wiznet_W5500/dhcp.o
                0x200007bd                DHCP_SOCKET
 *fill*         0x200007be        0x2 
 .bss.DHCP_SIP  0x200007c0        0x4 ./Wiznet_W5500/dhcp.o
                0x200007c0                DHCP_SIP
 .bss.DHCP_REAL_SIP
                0x200007c4        0x4 ./Wiznet_W5500/dhcp.o
                0x200007c4                DHCP_REAL_SIP
 .bss.OLD_allocated_ip
                0x200007c8        0x4 ./Wiznet_W5500/dhcp.o
                0x200007c8                OLD_allocated_ip
 .bss.DHCP_allocated_ip
                0x200007cc        0x4 ./Wiznet_W5500/dhcp.o
                0x200007cc                DHCP_allocated_ip
 .bss.DHCP_allocated_gw
                0x200007d0        0x4 ./Wiznet_W5500/dhcp.o
                0x200007d0                DHCP_allocated_gw
 .bss.DHCP_allocated_sn
                0x200007d4        0x4 ./Wiznet_W5500/dhcp.o
                0x200007d4                DHCP_allocated_sn
 .bss.DHCP_allocated_dns
                0x200007d8        0x4 ./Wiznet_W5500/dhcp.o
                0x200007d8                DHCP_allocated_dns
 .bss.dhcp_state
                0x200007dc        0x1 ./Wiznet_W5500/dhcp.o
                0x200007dc                dhcp_state
 .bss.dhcp_retry_count
                0x200007dd        0x1 ./Wiznet_W5500/dhcp.o
                0x200007dd                dhcp_retry_count
 *fill*         0x200007de        0x2 
 .bss.dhcp_tick_1s
                0x200007e0        0x4 ./Wiznet_W5500/dhcp.o
                0x200007e0                dhcp_tick_1s
 .bss.DHCP_XID  0x200007e4        0x4 ./Wiznet_W5500/dhcp.o
                0x200007e4                DHCP_XID
 .bss.pDHCPMSG  0x200007e8        0x4 ./Wiznet_W5500/dhcp.o
                0x200007e8                pDHCPMSG
 .bss.DHCP_CHADDR
                0x200007ec        0x6 ./Wiznet_W5500/dhcp.o
                0x200007ec                DHCP_CHADDR
 .bss.sock_io_mode
                0x200007f2        0x2 ./Wiznet_W5500/socket.o
 .bss.sock_is_sending
                0x200007f4        0x2 ./Wiznet_W5500/socket.o
 *fill*         0x200007f6        0x2 
 .bss.sock_remained_size
                0x200007f8       0x10 ./Wiznet_W5500/socket.o
 .bss.sock_pack_info
                0x20000808        0x8 ./Wiznet_W5500/socket.o
                0x20000808                sock_pack_info
 .bss._DNS_     0x20000810        0x4 ./Wiznet_W5500/wizchip_conf.o
 .bss._DHCP_    0x20000814        0x1 ./Wiznet_W5500/wizchip_conf.o
 *fill*         0x20000815        0x3 
 .bss.__malloc_sbrk_start
                0x20000818        0x4 C:/ST/STM32CubeIDE_1.15.1/STM32CubeIDE/plugins/com.st.stm32cube.ide.mcu.externaltools.gnu-tools-for-stm32.12.3.rel1.win32_1.0.100.202403111256/tools/bin/../lib/gcc/arm-none-eabi/12.3.1/../../../../arm-none-eabi/lib/thumb/v7e-m+fp/hard\libc_nano.a(libc_a-mallocr.o)
                0x20000818                __malloc_sbrk_start
 .bss.__malloc_free_list
                0x2000081c        0x4 C:/ST/STM32CubeIDE_1.15.1/STM32CubeIDE/plugins/com.st.stm32cube.ide.mcu.externaltools.gnu-tools-for-stm32.12.3.rel1.win32_1.0.100.202403111256/tools/bin/../lib/gcc/arm-none-eabi/12.3.1/../../../../arm-none-eabi/lib/thumb/v7e-m+fp/hard\libc_nano.a(libc_a-mallocr.o)
                0x2000081c                __malloc_free_list
 .bss.__sf      0x20000820      0x138 C:/ST/STM32CubeIDE_1.15.1/STM32CubeIDE/plugins/com.st.stm32cube.ide.mcu.externaltools.gnu-tools-for-stm32.12.3.rel1.win32_1.0.100.202403111256/tools/bin/../lib/gcc/arm-none-eabi/12.3.1/../../../../arm-none-eabi/lib/thumb/v7e-m+fp/hard\libc_nano.a(libc_a-findfp.o)
                0x20000820                __sf
 .bss.__stdio_exit_handler
                0x20000958        0x4 C:/ST/STM32CubeIDE_1.15.1/STM32CubeIDE/plugins/com.st.stm32cube.ide.mcu.externaltools.gnu-tools-for-stm32.12.3.rel1.win32_1.0.100.202403111256/tools/bin/../lib/gcc/arm-none-eabi/12.3.1/../../../../arm-none-eabi/lib/thumb/v7e-m+fp/hard\libc_nano.a(libc_a-findfp.o)
                0x20000958                __stdio_exit_handler
 .bss.errno     0x2000095c        0x4 C:/ST/STM32CubeIDE_1.15.1/STM32CubeIDE/plugins/com.st.stm32cube.ide.mcu.externaltools.gnu-tools-for-stm32.12.3.rel1.win32_1.0.100.202403111256/tools/bin/../lib/gcc/arm-none-eabi/12.3.1/../../../../arm-none-eabi/lib/thumb/v7e-m+fp/hard\libc_nano.a(libc_a-reent.o)
                0x2000095c                errno
 .bss.__lock___malloc_recursive_mutex
                0x20000960        0x1 C:/ST/STM32CubeIDE_1.15.1/STM32CubeIDE/plugins/com.st.stm32cube.ide.mcu.externaltools.gnu-tools-for-stm32.12.3.rel1.win32_1.0.100.202403111256/tools/bin/../lib/gcc/arm-none-eabi/12.3.1/../../../../arm-none-eabi/lib/thumb/v7e-m+fp/hard\libc_nano.a(libc_a-lock.o)
                0x20000960                __lock___malloc_recursive_mutex
 .bss.__lock___sfp_recursive_mutex
                0x20000961        0x1 C:/ST/STM32CubeIDE_1.15.1/STM32CubeIDE/plugins/com.st.stm32cube.ide.mcu.externaltools.gnu-tools-for-stm32.12.3.rel1.win32_1.0.100.202403111256/tools/bin/../lib/gcc/arm-none-eabi/12.3.1/../../../../arm-none-eabi/lib/thumb/v7e-m+fp/hard\libc_nano.a(libc_a-lock.o)
                0x20000961                __lock___sfp_recursive_mutex
 *(COMMON)
                0x20000964                        . = ALIGN (0x4)
 *fill*         0x20000962        0x2 
                0x20000964                        _ebss = .
                0x20000964                        __bss_end__ = _ebss

._user_heap_stack
                0x20000964      0x604 load address 0x08007e38
                0x20000968                        . = ALIGN (0x8)
 *fill*         0x20000964        0x4 
                [!provide]                        PROVIDE (end = .)
                0x20000968                        PROVIDE (_end = .)
                0x20000b68                        . = (. + _Min_Heap_Size)
 *fill*         0x20000968      0x200 
                0x20000f68                        . = (. + _Min_Stack_Size)
 *fill*         0x20000b68      0x400 
                0x20000f68                        . = ALIGN (0x8)

/DISCARD/
 libc.a(*)
 libm.a(*)
 libgcc.a(*)

.ARM.attributes
                0x00000000       0x30
 *(.ARM.attributes)
 .ARM.attributes
                0x00000000       0x22 C:/ST/STM32CubeIDE_1.15.1/STM32CubeIDE/plugins/com.st.stm32cube.ide.mcu.externaltools.gnu-tools-for-stm32.12.3.rel1.win32_1.0.100.202403111256/tools/bin/../lib/gcc/arm-none-eabi/12.3.1/thumb/v7e-m+fp/hard/crti.o
 .ARM.attributes
                0x00000022       0x34 C:/ST/STM32CubeIDE_1.15.1/STM32CubeIDE/plugins/com.st.stm32cube.ide.mcu.externaltools.gnu-tools-for-stm32.12.3.rel1.win32_1.0.100.202403111256/tools/bin/../lib/gcc/arm-none-eabi/12.3.1/thumb/v7e-m+fp/hard/crtbegin.o
 .ARM.attributes
                0x00000056       0x34 ./Src/MQTTC/MQTTClient.o
 .ARM.attributes
                0x0000008a       0x34 ./Src/MQTTC/MQTTConnectClient.o
 .ARM.attributes
                0x000000be       0x34 ./Src/MQTTC/MQTTDeserializePublish.o
 .ARM.attributes
                0x000000f2       0x34 ./Src/MQTTC/MQTTPacket.o
 .ARM.attributes
                0x00000126       0x34 ./Src/MQTTC/MQTTSerializePublish.o
 .ARM.attributes
                0x0000015a       0x34 ./Src/MQTTC/MQTTSubscribeClient.o
 .ARM.attributes
                0x0000018e       0x34 ./Src/MQTTC/mqtt_interface.o
 .ARM.attributes
                0x000001c2       0x34 ./Src/adc.o
 .ARM.attributes
                0x000001f6       0x34 ./Src/bsp.o
 .ARM.attributes
                0x0000022a       0x34 ./Src/fpu.o
 .ARM.attributes
                0x0000025e       0x34 ./Src/main.o
 .ARM.attributes
                0x00000292       0x34 ./Src/spi.o
 .ARM.attributes
                0x000002c6       0x34 ./Src/syscalls.o
 .ARM.attributes
                0x000002fa       0x34 ./Src/sysmem.o
 .ARM.attributes
                0x0000032e       0x34 ./Src/timebase.o
 .ARM.attributes
                0x00000362       0x34 ./Src/uart.o
 .ARM.attributes
                0x00000396       0x34 ./Src/w5500_driver.o
 .ARM.attributes
                0x000003ca       0x21 ./Startup/startup_stm32f411retx.o
 .ARM.attributes
                0x000003eb       0x34 ./Wiznet_W5500/dhcp.o
 .ARM.attributes
                0x0000041f       0x34 ./Wiznet_W5500/socket.o
 .ARM.attributes
                0x00000453       0x34 ./Wiznet_W5500/w5500.o
 .ARM.attributes
                0x00000487       0x34 ./Wiznet_W5500/wizchip_conf.o
 .ARM.attributes
                0x000004bb       0x34 C:/ST/STM32CubeIDE_1.15.1/STM32CubeIDE/plugins/com.st.stm32cube.ide.mcu.externaltools.gnu-tools-for-stm32.12.3.rel1.win32_1.0.100.202403111256/tools/bin/../lib/gcc/arm-none-eabi/12.3.1/../../../../arm-none-eabi/lib/thumb/v7e-m+fp/hard\libc_nano.a(libc_a-mallocr.o)
 .ARM.attributes
                0x000004ef       0x34 C:/ST/STM32CubeIDE_1.15.1/STM32CubeIDE/plugins/com.st.stm32cube.ide.mcu.externaltools.gnu-tools-for-stm32.12.3.rel1.win32_1.0.100.202403111256/tools/bin/../lib/gcc/arm-none-eabi/12.3.1/../../../../arm-none-eabi/lib/thumb/v7e-m+fp/hard\libc_nano.a(libc_a-mlock.o)
 .ARM.attributes
                0x00000523       0x34 C:/ST/STM32CubeIDE_1.15.1/STM32CubeIDE/plugins/com.st.stm32cube.ide.mcu.externaltools.gnu-tools-for-stm32.12.3.rel1.win32_1.0.100.202403111256/tools/bin/../lib/gcc/arm-none-eabi/12.3.1/../../../../arm-none-eabi/lib/thumb/v7e-m+fp/hard\libc_nano.a(libc_a-findfp.o)
 .ARM.attributes
                0x00000557       0x34 C:/ST/STM32CubeIDE_1.15.1/STM32CubeIDE/plugins/com.st.stm32cube.ide.mcu.externaltools.gnu-tools-for-stm32.12.3.rel1.win32_1.0.100.202403111256/tools/bin/../lib/gcc/arm-none-eabi/12.3.1/../../../../arm-none-eabi/lib/thumb/v7e-m+fp/hard\libc_nano.a(libc_a-fwalk.o)
 .ARM.attributes
                0x0000058b       0x34 C:/ST/STM32CubeIDE_1.15.1/STM32CubeIDE/plugins/com.st.stm32cube.ide.mcu.externaltools.gnu-tools-for-stm32.12.3.rel1.win32_1.0.100.202403111256/tools/bin/../lib/gcc/arm-none-eabi/12.3.1/../../../../arm-none-eabi/lib/thumb/v7e-m+fp/hard\libc_nano.a(libc_a-printf.o)
 .ARM.attributes
                0x000005bf       0x34 C:/ST/STM32CubeIDE_1.15.1/STM32CubeIDE/plugins/com.st.stm32cube.ide.mcu.externaltools.gnu-tools-for-stm32.12.3.rel1.win32_1.0.100.202403111256/tools/bin/../lib/gcc/arm-none-eabi/12.3.1/../../../../arm-none-eabi/lib/thumb/v7e-m+fp/hard\libc_nano.a(libc_a-puts.o)
 .ARM.attributes
                0x000005f3       0x34 C:/ST/STM32CubeIDE_1.15.1/STM32CubeIDE/plugins/com.st.stm32cube.ide.mcu.externaltools.gnu-tools-for-stm32.12.3.rel1.win32_1.0.100.202403111256/tools/bin/../lib/gcc/arm-none-eabi/12.3.1/../../../../arm-none-eabi/lib/thumb/v7e-m+fp/hard\libc_nano.a(libc_a-sprintf.o)
 .ARM.attributes
                0x00000627       0x34 C:/ST/STM32CubeIDE_1.15.1/STM32CubeIDE/plugins/com.st.stm32cube.ide.mcu.externaltools.gnu-tools-for-stm32.12.3.rel1.win32_1.0.100.202403111256/tools/bin/../lib/gcc/arm-none-eabi/12.3.1/../../../../arm-none-eabi/lib/thumb/v7e-m+fp/hard\libc_nano.a(libc_a-stdio.o)
 .ARM.attributes
                0x0000065b       0x34 C:/ST/STM32CubeIDE_1.15.1/STM32CubeIDE/plugins/com.st.stm32cube.ide.mcu.externaltools.gnu-tools-for-stm32.12.3.rel1.win32_1.0.100.202403111256/tools/bin/../lib/gcc/arm-none-eabi/12.3.1/../../../../arm-none-eabi/lib/thumb/v7e-m+fp/hard\libc_nano.a(libc_a-wbuf.o)
 .ARM.attributes
                0x0000068f       0x34 C:/ST/STM32CubeIDE_1.15.1/STM32CubeIDE/plugins/com.st.stm32cube.ide.mcu.externaltools.gnu-tools-for-stm32.12.3.rel1.win32_1.0.100.202403111256/tools/bin/../lib/gcc/arm-none-eabi/12.3.1/../../../../arm-none-eabi/lib/thumb/v7e-m+fp/hard\libc_nano.a(libc_a-wsetup.o)
 .ARM.attributes
                0x000006c3       0x34 C:/ST/STM32CubeIDE_1.15.1/STM32CubeIDE/plugins/com.st.stm32cube.ide.mcu.externaltools.gnu-tools-for-stm32.12.3.rel1.win32_1.0.100.202403111256/tools/bin/../lib/gcc/arm-none-eabi/12.3.1/../../../../arm-none-eabi/lib/thumb/v7e-m+fp/hard\libc_nano.a(libc_a-memset.o)
 .ARM.attributes
                0x000006f7       0x34 C:/ST/STM32CubeIDE_1.15.1/STM32CubeIDE/plugins/com.st.stm32cube.ide.mcu.externaltools.gnu-tools-for-stm32.12.3.rel1.win32_1.0.100.202403111256/tools/bin/../lib/gcc/arm-none-eabi/12.3.1/../../../../arm-none-eabi/lib/thumb/v7e-m+fp/hard\libc_nano.a(libc_a-strncmp.o)
 .ARM.attributes
                0x0000072b       0x34 C:/ST/STM32CubeIDE_1.15.1/STM32CubeIDE/plugins/com.st.stm32cube.ide.mcu.externaltools.gnu-tools-for-stm32.12.3.rel1.win32_1.0.100.202403111256/tools/bin/../lib/gcc/arm-none-eabi/12.3.1/../../../../arm-none-eabi/lib/thumb/v7e-m+fp/hard\libc_nano.a(libc_a-closer.o)
 .ARM.attributes
                0x0000075f       0x34 C:/ST/STM32CubeIDE_1.15.1/STM32CubeIDE/plugins/com.st.stm32cube.ide.mcu.externaltools.gnu-tools-for-stm32.12.3.rel1.win32_1.0.100.202403111256/tools/bin/../lib/gcc/arm-none-eabi/12.3.1/../../../../arm-none-eabi/lib/thumb/v7e-m+fp/hard\libc_nano.a(libc_a-reent.o)
 .ARM.attributes
                0x00000793       0x34 C:/ST/STM32CubeIDE_1.15.1/STM32CubeIDE/plugins/com.st.stm32cube.ide.mcu.externaltools.gnu-tools-for-stm32.12.3.rel1.win32_1.0.100.202403111256/tools/bin/../lib/gcc/arm-none-eabi/12.3.1/../../../../arm-none-eabi/lib/thumb/v7e-m+fp/hard\libc_nano.a(libc_a-impure.o)
 .ARM.attributes
                0x000007c7       0x34 C:/ST/STM32CubeIDE_1.15.1/STM32CubeIDE/plugins/com.st.stm32cube.ide.mcu.externaltools.gnu-tools-for-stm32.12.3.rel1.win32_1.0.100.202403111256/tools/bin/../lib/gcc/arm-none-eabi/12.3.1/../../../../arm-none-eabi/lib/thumb/v7e-m+fp/hard\libc_nano.a(libc_a-lseekr.o)
 .ARM.attributes
                0x000007fb       0x34 C:/ST/STM32CubeIDE_1.15.1/STM32CubeIDE/plugins/com.st.stm32cube.ide.mcu.externaltools.gnu-tools-for-stm32.12.3.rel1.win32_1.0.100.202403111256/tools/bin/../lib/gcc/arm-none-eabi/12.3.1/../../../../arm-none-eabi/lib/thumb/v7e-m+fp/hard\libc_nano.a(libc_a-readr.o)
 .ARM.attributes
                0x0000082f       0x34 C:/ST/STM32CubeIDE_1.15.1/STM32CubeIDE/plugins/com.st.stm32cube.ide.mcu.externaltools.gnu-tools-for-stm32.12.3.rel1.win32_1.0.100.202403111256/tools/bin/../lib/gcc/arm-none-eabi/12.3.1/../../../../arm-none-eabi/lib/thumb/v7e-m+fp/hard\libc_nano.a(libc_a-sbrkr.o)
 .ARM.attributes
                0x00000863       0x34 C:/ST/STM32CubeIDE_1.15.1/STM32CubeIDE/plugins/com.st.stm32cube.ide.mcu.externaltools.gnu-tools-for-stm32.12.3.rel1.win32_1.0.100.202403111256/tools/bin/../lib/gcc/arm-none-eabi/12.3.1/../../../../arm-none-eabi/lib/thumb/v7e-m+fp/hard\libc_nano.a(libc_a-writer.o)
 .ARM.attributes
                0x00000897       0x34 C:/ST/STM32CubeIDE_1.15.1/STM32CubeIDE/plugins/com.st.stm32cube.ide.mcu.externaltools.gnu-tools-for-stm32.12.3.rel1.win32_1.0.100.202403111256/tools/bin/../lib/gcc/arm-none-eabi/12.3.1/../../../../arm-none-eabi/lib/thumb/v7e-m+fp/hard\libc_nano.a(libc_a-errno.o)
 .ARM.attributes
                0x000008cb       0x34 C:/ST/STM32CubeIDE_1.15.1/STM32CubeIDE/plugins/com.st.stm32cube.ide.mcu.externaltools.gnu-tools-for-stm32.12.3.rel1.win32_1.0.100.202403111256/tools/bin/../lib/gcc/arm-none-eabi/12.3.1/../../../../arm-none-eabi/lib/thumb/v7e-m+fp/hard\libc_nano.a(libc_a-init.o)
 .ARM.attributes
                0x000008ff       0x34 C:/ST/STM32CubeIDE_1.15.1/STM32CubeIDE/plugins/com.st.stm32cube.ide.mcu.externaltools.gnu-tools-for-stm32.12.3.rel1.win32_1.0.100.202403111256/tools/bin/../lib/gcc/arm-none-eabi/12.3.1/../../../../arm-none-eabi/lib/thumb/v7e-m+fp/hard\libc_nano.a(libc_a-lock.o)
 .ARM.attributes
                0x00000933       0x20 C:/ST/STM32CubeIDE_1.15.1/STM32CubeIDE/plugins/com.st.stm32cube.ide.mcu.externaltools.gnu-tools-for-stm32.12.3.rel1.win32_1.0.100.202403111256/tools/bin/../lib/gcc/arm-none-eabi/12.3.1/../../../../arm-none-eabi/lib/thumb/v7e-m+fp/hard\libc_nano.a(libc_a-strcmp.o)
 .ARM.attributes
                0x00000953       0x34 C:/ST/STM32CubeIDE_1.15.1/STM32CubeIDE/plugins/com.st.stm32cube.ide.mcu.externaltools.gnu-tools-for-stm32.12.3.rel1.win32_1.0.100.202403111256/tools/bin/../lib/gcc/arm-none-eabi/12.3.1/../../../../arm-none-eabi/lib/thumb/v7e-m+fp/hard\libc_nano.a(libc_a-memcpy-stub.o)
 .ARM.attributes
                0x00000987       0x17 C:/ST/STM32CubeIDE_1.15.1/STM32CubeIDE/plugins/com.st.stm32cube.ide.mcu.externaltools.gnu-tools-for-stm32.12.3.rel1.win32_1.0.100.202403111256/tools/bin/../lib/gcc/arm-none-eabi/12.3.1/../../../../arm-none-eabi/lib/thumb/v7e-m+fp/hard\libc_nano.a(libc_a-strlen.o)
 .ARM.attributes
                0x0000099e       0x34 C:/ST/STM32CubeIDE_1.15.1/STM32CubeIDE/plugins/com.st.stm32cube.ide.mcu.externaltools.gnu-tools-for-stm32.12.3.rel1.win32_1.0.100.202403111256/tools/bin/../lib/gcc/arm-none-eabi/12.3.1/../../../../arm-none-eabi/lib/thumb/v7e-m+fp/hard\libc_nano.a(libc_a-freer.o)
 .ARM.attributes
                0x000009d2       0x34 C:/ST/STM32CubeIDE_1.15.1/STM32CubeIDE/plugins/com.st.stm32cube.ide.mcu.externaltools.gnu-tools-for-stm32.12.3.rel1.win32_1.0.100.202403111256/tools/bin/../lib/gcc/arm-none-eabi/12.3.1/../../../../arm-none-eabi/lib/thumb/v7e-m+fp/hard\libc_nano.a(libc_a-nano-svfprintf.o)
 .ARM.attributes
                0x00000a06       0x34 C:/ST/STM32CubeIDE_1.15.1/STM32CubeIDE/plugins/com.st.stm32cube.ide.mcu.externaltools.gnu-tools-for-stm32.12.3.rel1.win32_1.0.100.202403111256/tools/bin/../lib/gcc/arm-none-eabi/12.3.1/../../../../arm-none-eabi/lib/thumb/v7e-m+fp/hard\libc_nano.a(libc_a-nano-vfprintf.o)
 .ARM.attributes
                0x00000a3a       0x34 C:/ST/STM32CubeIDE_1.15.1/STM32CubeIDE/plugins/com.st.stm32cube.ide.mcu.externaltools.gnu-tools-for-stm32.12.3.rel1.win32_1.0.100.202403111256/tools/bin/../lib/gcc/arm-none-eabi/12.3.1/../../../../arm-none-eabi/lib/thumb/v7e-m+fp/hard\libc_nano.a(libc_a-nano-vfprintf_i.o)
 .ARM.attributes
                0x00000a6e       0x34 C:/ST/STM32CubeIDE_1.15.1/STM32CubeIDE/plugins/com.st.stm32cube.ide.mcu.externaltools.gnu-tools-for-stm32.12.3.rel1.win32_1.0.100.202403111256/tools/bin/../lib/gcc/arm-none-eabi/12.3.1/../../../../arm-none-eabi/lib/thumb/v7e-m+fp/hard\libc_nano.a(libc_a-fflush.o)
 .ARM.attributes
                0x00000aa2       0x34 C:/ST/STM32CubeIDE_1.15.1/STM32CubeIDE/plugins/com.st.stm32cube.ide.mcu.externaltools.gnu-tools-for-stm32.12.3.rel1.win32_1.0.100.202403111256/tools/bin/../lib/gcc/arm-none-eabi/12.3.1/../../../../arm-none-eabi/lib/thumb/v7e-m+fp/hard\libc_nano.a(libc_a-makebuf.o)
 .ARM.attributes
                0x00000ad6       0x34 C:/ST/STM32CubeIDE_1.15.1/STM32CubeIDE/plugins/com.st.stm32cube.ide.mcu.externaltools.gnu-tools-for-stm32.12.3.rel1.win32_1.0.100.202403111256/tools/bin/../lib/gcc/arm-none-eabi/12.3.1/../../../../arm-none-eabi/lib/thumb/v7e-m+fp/hard\libc_nano.a(libc_a-memmove.o)
 .ARM.attributes
                0x00000b0a       0x34 C:/ST/STM32CubeIDE_1.15.1/STM32CubeIDE/plugins/com.st.stm32cube.ide.mcu.externaltools.gnu-tools-for-stm32.12.3.rel1.win32_1.0.100.202403111256/tools/bin/../lib/gcc/arm-none-eabi/12.3.1/../../../../arm-none-eabi/lib/thumb/v7e-m+fp/hard\libc_nano.a(libc_a-fstatr.o)
 .ARM.attributes
                0x00000b3e       0x34 C:/ST/STM32CubeIDE_1.15.1/STM32CubeIDE/plugins/com.st.stm32cube.ide.mcu.externaltools.gnu-tools-for-stm32.12.3.rel1.win32_1.0.100.202403111256/tools/bin/../lib/gcc/arm-none-eabi/12.3.1/../../../../arm-none-eabi/lib/thumb/v7e-m+fp/hard\libc_nano.a(libc_a-isattyr.o)
 .ARM.attributes
                0x00000b72       0x1c C:/ST/STM32CubeIDE_1.15.1/STM32CubeIDE/plugins/com.st.stm32cube.ide.mcu.externaltools.gnu-tools-for-stm32.12.3.rel1.win32_1.0.100.202403111256/tools/bin/../lib/gcc/arm-none-eabi/12.3.1/../../../../arm-none-eabi/lib/thumb/v7e-m+fp/hard\libc_nano.a(libc_a-memchr.o)
 .ARM.attributes
                0x00000b8e       0x34 C:/ST/STM32CubeIDE_1.15.1/STM32CubeIDE/plugins/com.st.stm32cube.ide.mcu.externaltools.gnu-tools-for-stm32.12.3.rel1.win32_1.0.100.202403111256/tools/bin/../lib/gcc/arm-none-eabi/12.3.1/../../../../arm-none-eabi/lib/thumb/v7e-m+fp/hard\libc_nano.a(libc_a-reallocr.o)
 .ARM.attributes
                0x00000bc2       0x34 C:/ST/STM32CubeIDE_1.15.1/STM32CubeIDE/plugins/com.st.stm32cube.ide.mcu.externaltools.gnu-tools-for-stm32.12.3.rel1.win32_1.0.100.202403111256/tools/bin/../lib/gcc/arm-none-eabi/12.3.1/../../../../arm-none-eabi/lib/thumb/v7e-m+fp/hard\libc_nano.a(libc_a-msizer.o)
 .ARM.attributes
                0x00000bf6       0x22 C:/ST/STM32CubeIDE_1.15.1/STM32CubeIDE/plugins/com.st.stm32cube.ide.mcu.externaltools.gnu-tools-for-stm32.12.3.rel1.win32_1.0.100.202403111256/tools/bin/../lib/gcc/arm-none-eabi/12.3.1/thumb/v7e-m+fp/hard/crtn.o
OUTPUT(12_w5500_mqtt_subscribe.elf elf32-littlearm)
LOAD linker stubs
LOAD C:/ST/STM32CubeIDE_1.15.1/STM32CubeIDE/plugins/com.st.stm32cube.ide.mcu.externaltools.gnu-tools-for-stm32.12.3.rel1.win32_1.0.100.202403111256/tools/bin/../lib/gcc/arm-none-eabi/12.3.1/../../../../arm-none-eabi/lib/thumb/v7e-m+fp/hard\libc.a
LOAD C:/ST/STM32CubeIDE_1.15.1/STM32CubeIDE/plugins/com.st.stm32cube.ide.mcu.externaltools.gnu-tools-for-stm32.12.3.rel1.win32_1.0.100.202403111256/tools/bin/../lib/gcc/arm-none-eabi/12.3.1/../../../../arm-none-eabi/lib/thumb/v7e-m+fp/hard\libm.a
LOAD C:/ST/STM32CubeIDE_1.15.1/STM32CubeIDE/plugins/com.st.stm32cube.ide.mcu.externaltools.gnu-tools-for-stm32.12.3.rel1.win32_1.0.100.202403111256/tools/bin/../lib/gcc/arm-none-eabi/12.3.1/thumb/v7e-m+fp/hard\libgcc.a

.debug_info     0x00000000     0x888c
 .debug_info    0x00000000     0x1358 ./Src/MQTTC/MQTTClient.o
 .debug_info    0x00001358      0x6ec ./Src/MQTTC/MQTTConnectClient.o
 .debug_info    0x00001a44      0x3b3 ./Src/MQTTC/MQTTDeserializePublish.o
 .debug_info    0x00001df7      0x7dc ./Src/MQTTC/MQTTPacket.o
 .debug_info    0x000025d3      0x51e ./Src/MQTTC/MQTTSerializePublish.o
 .debug_info    0x00002af1      0x475 ./Src/MQTTC/MQTTSubscribeClient.o
 .debug_info    0x00002f66      0x4c3 ./Src/MQTTC/mqtt_interface.o
 .debug_info    0x00003429      0x3fc ./Src/adc.o
 .debug_info    0x00003825      0x333 ./Src/bsp.o
 .debug_info    0x00003b58      0x249 ./Src/fpu.o
 .debug_info    0x00003da1      0x8a0 ./Src/main.o
 .debug_info    0x00004641      0x708 ./Src/spi.o
 .debug_info    0x00004d49      0x6a3 ./Src/syscalls.o
 .debug_info    0x000053ec      0x168 ./Src/sysmem.o
 .debug_info    0x00005554      0x1df ./Src/timebase.o
 .debug_info    0x00005733      0x418 ./Src/uart.o
 .debug_info    0x00005b4b      0xa1d ./Src/w5500_driver.o
 .debug_info    0x00006568       0x30 ./Startup/startup_stm32f411retx.o
 .debug_info    0x00006598      0xa1e ./Wiznet_W5500/dhcp.o
 .debug_info    0x00006fb6      0x727 ./Wiznet_W5500/socket.o
 .debug_info    0x000076dd      0x539 ./Wiznet_W5500/w5500.o
 .debug_info    0x00007c16      0xc76 ./Wiznet_W5500/wizchip_conf.o

.debug_abbrev   0x00000000     0x25d0
 .debug_abbrev  0x00000000      0x34b ./Src/MQTTC/MQTTClient.o
 .debug_abbrev  0x0000034b      0x1db ./Src/MQTTC/MQTTConnectClient.o
 .debug_abbrev  0x00000526      0x192 ./Src/MQTTC/MQTTDeserializePublish.o
 .debug_abbrev  0x000006b8      0x2b2 ./Src/MQTTC/MQTTPacket.o
 .debug_abbrev  0x0000096a      0x1bf ./Src/MQTTC/MQTTSerializePublish.o
 .debug_abbrev  0x00000b29      0x1b6 ./Src/MQTTC/MQTTSubscribeClient.o
 .debug_abbrev  0x00000cdf      0x18c ./Src/MQTTC/mqtt_interface.o
 .debug_abbrev  0x00000e6b      0x107 ./Src/adc.o
 .debug_abbrev  0x00000f72       0xd2 ./Src/bsp.o
 .debug_abbrev  0x00001044       0xb8 ./Src/fpu.o
 .debug_abbrev  0x000010fc      0x231 ./Src/main.o
 .debug_abbrev  0x0000132d      0x1af ./Src/spi.o
 .debug_abbrev  0x000014dc      0x1b6 ./Src/syscalls.o
 .debug_abbrev  0x00001692       0xbc ./Src/sysmem.o
 .debug_abbrev  0x0000174e      0x181 ./Src/timebase.o
 .debug_abbrev  0x000018cf      0x141 ./Src/uart.o
 .debug_abbrev  0x00001a10      0x261 ./Src/w5500_driver.o
 .debug_abbrev  0x00001c71       0x24 ./Startup/startup_stm32f411retx.o
 .debug_abbrev  0x00001c95      0x23a ./Wiznet_W5500/dhcp.o
 .debug_abbrev  0x00001ecf      0x1c1 ./Wiznet_W5500/socket.o
 .debug_abbrev  0x00002090      0x21f ./Wiznet_W5500/w5500.o
 .debug_abbrev  0x000022af      0x321 ./Wiznet_W5500/wizchip_conf.o

.debug_aranges  0x00000000      0x8a8
 .debug_aranges
                0x00000000       0xd8 ./Src/MQTTC/MQTTClient.o
 .debug_aranges
                0x000000d8       0x48 ./Src/MQTTC/MQTTConnectClient.o
 .debug_aranges
                0x00000120       0x28 ./Src/MQTTC/MQTTDeserializePublish.o
 .debug_aranges
                0x00000148       0xa8 ./Src/MQTTC/MQTTPacket.o
 .debug_aranges
                0x000001f0       0x48 ./Src/MQTTC/MQTTSerializePublish.o
 .debug_aranges
                0x00000238       0x30 ./Src/MQTTC/MQTTSubscribeClient.o
 .debug_aranges
                0x00000268       0x70 ./Src/MQTTC/mqtt_interface.o
 .debug_aranges
                0x000002d8       0x30 ./Src/adc.o
 .debug_aranges
                0x00000308       0x40 ./Src/bsp.o
 .debug_aranges
                0x00000348       0x20 ./Src/fpu.o
 .debug_aranges
                0x00000368       0x40 ./Src/main.o
 .debug_aranges
                0x000003a8       0x40 ./Src/spi.o
 .debug_aranges
                0x000003e8       0xa8 ./Src/syscalls.o
 .debug_aranges
                0x00000490       0x20 ./Src/sysmem.o
 .debug_aranges
                0x000004b0       0x40 ./Src/timebase.o
 .debug_aranges
                0x000004f0       0x40 ./Src/uart.o
 .debug_aranges
                0x00000530       0x78 ./Src/w5500_driver.o
 .debug_aranges
                0x000005a8       0x28 ./Startup/startup_stm32f411retx.o
 .debug_aranges
                0x000005d0       0xc8 ./Wiznet_W5500/dhcp.o
 .debug_aranges
                0x00000698       0x78 ./Wiznet_W5500/socket.o
 .debug_aranges
                0x00000710       0x60 ./Wiznet_W5500/w5500.o
 .debug_aranges
                0x00000770      0x138 ./Wiznet_W5500/wizchip_conf.o

.debug_rnglists
                0x00000000      0x6a9
 .debug_rnglists
                0x00000000       0xd8 ./Src/MQTTC/MQTTClient.o
 .debug_rnglists
                0x000000d8       0x34 ./Src/MQTTC/MQTTConnectClient.o
 .debug_rnglists
                0x0000010c       0x1b ./Src/MQTTC/MQTTDeserializePublish.o
 .debug_rnglists
                0x00000127       0x94 ./Src/MQTTC/MQTTPacket.o
 .debug_rnglists
                0x000001bb       0x33 ./Src/MQTTC/MQTTSerializePublish.o
 .debug_rnglists
                0x000001ee       0x21 ./Src/MQTTC/MQTTSubscribeClient.o
 .debug_rnglists
                0x0000020f       0x4f ./Src/MQTTC/mqtt_interface.o
 .debug_rnglists
                0x0000025e       0x1f ./Src/adc.o
 .debug_rnglists
                0x0000027d       0x2b ./Src/bsp.o
 .debug_rnglists
                0x000002a8       0x13 ./Src/fpu.o
 .debug_rnglists
                0x000002bb       0x2d ./Src/main.o
 .debug_rnglists
                0x000002e8       0x30 ./Src/spi.o
 .debug_rnglists
                0x00000318       0x79 ./Src/syscalls.o
 .debug_rnglists
                0x00000391       0x13 ./Src/sysmem.o
 .debug_rnglists
                0x000003a4       0x2b ./Src/timebase.o
 .debug_rnglists
                0x000003cf       0x2c ./Src/uart.o
 .debug_rnglists
                0x000003fb       0x56 ./Src/w5500_driver.o
 .debug_rnglists
                0x00000451       0x19 ./Startup/startup_stm32f411retx.o
 .debug_rnglists
                0x0000046a       0x99 ./Wiznet_W5500/dhcp.o
 .debug_rnglists
                0x00000503       0x6d ./Wiznet_W5500/socket.o
 .debug_rnglists
                0x00000570       0x4c ./Wiznet_W5500/w5500.o
 .debug_rnglists
                0x000005bc       0xed ./Wiznet_W5500/wizchip_conf.o

.debug_macro    0x00000000    0x11b2f
 .debug_macro   0x00000000      0x1d1 ./Src/MQTTC/MQTTClient.o
 .debug_macro   0x000001d1      0xac0 ./Src/MQTTC/MQTTClient.o
 .debug_macro   0x00000c91       0x16 ./Src/MQTTC/MQTTClient.o
 .debug_macro   0x00000ca7       0x1c ./Src/MQTTC/MQTTClient.o
 .debug_macro   0x00000cc3       0x17 ./Src/MQTTC/MQTTClient.o
 .debug_macro   0x00000cda       0x22 ./Src/MQTTC/MQTTClient.o
 .debug_macro   0x00000cfc       0x5b ./Src/MQTTC/MQTTClient.o
 .debug_macro   0x00000d57       0x2a ./Src/MQTTC/MQTTClient.o
 .debug_macro   0x00000d81       0x94 ./Src/MQTTC/MQTTClient.o
 .debug_macro   0x00000e15       0x43 ./Src/MQTTC/MQTTClient.o
 .debug_macro   0x00000e58       0x34 ./Src/MQTTC/MQTTClient.o
 .debug_macro   0x00000e8c       0x16 ./Src/MQTTC/MQTTClient.o
 .debug_macro   0x00000ea2       0x57 ./Src/MQTTC/MQTTClient.o
 .debug_macro   0x00000ef9       0x9e ./Src/MQTTC/MQTTClient.o
 .debug_macro   0x00000f97      0x369 ./Src/MQTTC/MQTTClient.o
 .debug_macro   0x00001300      0x10b ./Src/MQTTC/MQTTClient.o
 .debug_macro   0x0000140b       0x10 ./Src/MQTTC/MQTTClient.o
 .debug_macro   0x0000141b       0x16 ./Src/MQTTC/MQTTClient.o
 .debug_macro   0x00001431       0x43 ./Src/MQTTC/MQTTClient.o
 .debug_macro   0x00001474       0x34 ./Src/MQTTC/MQTTClient.o
 .debug_macro   0x000014a8       0x10 ./Src/MQTTC/MQTTClient.o
 .debug_macro   0x000014b8       0x58 ./Src/MQTTC/MQTTClient.o
 .debug_macro   0x00001510       0x8e ./Src/MQTTC/MQTTClient.o
 .debug_macro   0x0000159e       0x1c ./Src/MQTTC/MQTTClient.o
 .debug_macro   0x000015ba      0x177 ./Src/MQTTC/MQTTClient.o