Archive member included to satisfy reference by file (symbol)

C:/ST/STM32CubeIDE_1.15.1/STM32CubeIDE/plugins/com.st.stm32cube.ide.mcu.externaltools.gnu-tools-for-stm32.12.3.rel1.win32_1.0.100.202403111256/tools/bin/../lib/gcc/arm-none-eabi/12.3.1/../../../../arm-none-eabi/lib/thumb/v7e-m+fp/hard\libc_nano.a(libc_a-exit.o)
                              C:/ST/STM32CubeIDE_1.15.1/STM32CubeIDE/plugins/com.st.stm32cube.ide.mcu.externaltools.gnu-tools-for-stm32.12.3.rel1.win32_1.0.100.202403111256/tools/bin/../lib/gcc/arm-none-eabi/12.3.1/../../../../arm-none-eabi/lib/thumb/v7e-m+fp/hard/crt0.o (exit)
C:/ST/STM32CubeIDE_1.15.1/STM32CubeIDE/plugins/com.st.stm32cube.ide.mcu.externaltools.gnu-tools-for-stm32.12.3.rel1.win32_1.0.100.202403111256/tools/bin/../lib/gcc/arm-none-eabi/12.3.1/../../../../arm-none-eabi/lib/thumb/v7e-m+fp/hard\libc_nano.a(libc_a-malloc.o)
                              ./Wiznet_W5500/httpServer.o (malloc)
C:/ST/STM32CubeIDE_1.15.1/STM32CubeIDE/plugins/com.st.stm32cube.ide.mcu.externaltools.gnu-tools-for-stm32.12.3.rel1.win32_1.0.100.202403111256/tools/bin/../lib/gcc/arm-none-eabi/12.3.1/../../../../arm-none-eabi/lib/thumb/v7e-m+fp/hard\libc_nano.a(libc_a-mallocr.o)
                              C:/ST/STM32CubeIDE_1.15.1/STM32CubeIDE/plugins/com.st.stm32cube.ide.mcu.externaltools.gnu-tools-for-stm32.12.3.rel1.win32_1.0.100.202403111256/tools/bin/../lib/gcc/arm-none-eabi/12.3.1/../../../../arm-none-eabi/lib/thumb/v7e-m+fp/hard\libc_nano.a(libc_a-malloc.o) (_malloc_r)
C:/ST/STM32CubeIDE_1.15.1/STM32CubeIDE/plugins/com.st.stm32cube.ide.mcu.externaltools.gnu-tools-for-stm32.12.3.rel1.win32_1.0.100.202403111256/tools/bin/../lib/gcc/arm-none-eabi/12.3.1/../../../../arm-none-eabi/lib/thumb/v7e-m+fp/hard\libc_nano.a(libc_a-mlock.o)
                              C:/ST/STM32CubeIDE_1.15.1/STM32CubeIDE/plugins/com.st.stm32cube.ide.mcu.externaltools.gnu-tools-for-stm32.12.3.rel1.win32_1.0.100.202403111256/tools/bin/../lib/gcc/arm-none-eabi/12.3.1/../../../../arm-none-eabi/lib/thumb/v7e-m+fp/hard\libc_nano.a(libc_a-mallocr.o) (__malloc_lock)
C:/ST/STM32CubeIDE_1.15.1/STM32CubeIDE/plugins/com.st.stm32cube.ide.mcu.externaltools.gnu-tools-for-stm32.12.3.rel1.win32_1.0.100.202403111256/tools/bin/../lib/gcc/arm-none-eabi/12.3.1/../../../../arm-none-eabi/lib/thumb/v7e-m+fp/hard\libc_nano.a(libc_a-findfp.o)
                              C:/ST/STM32CubeIDE_1.15.1/STM32CubeIDE/plugins/com.st.stm32cube.ide.mcu.externaltools.gnu-tools-for-stm32.12.3.rel1.win32_1.0.100.202403111256/tools/bin/../lib/gcc/arm-none-eabi/12.3.1/../../../../arm-none-eabi/lib/thumb/v7e-m+fp/hard\libc_nano.a(libc_a-exit.o) (__stdio_exit_handler)
C:/ST/STM32CubeIDE_1.15.1/STM32CubeIDE/plugins/com.st.stm32cube.ide.mcu.externaltools.gnu-tools-for-stm32.12.3.rel1.win32_1.0.100.202403111256/tools/bin/../lib/gcc/arm-none-eabi/12.3.1/../../../../arm-none-eabi/lib/thumb/v7e-m+fp/hard\libc_nano.a(libc_a-fwalk.o)
                              C:/ST/STM32CubeIDE_1.15.1/STM32CubeIDE/plugins/com.st.stm32cube.ide.mcu.externaltools.gnu-tools-for-stm32.12.3.rel1.win32_1.0.100.202403111256/tools/bin/../lib/gcc/arm-none-eabi/12.3.1/../../../../arm-none-eabi/lib/thumb/v7e-m+fp/hard\libc_nano.a(libc_a-findfp.o) (_fwalk_sglue)
C:/ST/STM32CubeIDE_1.15.1/STM32CubeIDE/plugins/com.st.stm32cube.ide.mcu.externaltools.gnu-tools-for-stm32.12.3.rel1.win32_1.0.100.202403111256/tools/bin/../lib/gcc/arm-none-eabi/12.3.1/../../../../arm-none-eabi/lib/thumb/v7e-m+fp/hard\libc_nano.a(libc_a-printf.o)
                              ./Src/main.o (printf)
C:/ST/STM32CubeIDE_1.15.1/STM32CubeIDE/plugins/com.st.stm32cube.ide.mcu.externaltools.gnu-tools-for-stm32.12.3.rel1.win32_1.0.100.202403111256/tools/bin/../lib/gcc/arm-none-eabi/12.3.1/../../../../arm-none-eabi/lib/thumb/v7e-m+fp/hard\libc_nano.a(libc_a-puts.o)
                              ./Src/main.o (puts)
C:/ST/STM32CubeIDE_1.15.1/STM32CubeIDE/plugins/com.st.stm32cube.ide.mcu.externaltools.gnu-tools-for-stm32.12.3.rel1.win32_1.0.100.202403111256/tools/bin/../lib/gcc/arm-none-eabi/12.3.1/../../../../arm-none-eabi/lib/thumb/v7e-m+fp/hard\libc_nano.a(libc_a-snprintf.o)
                              ./Src/MQTTC/MQTTFormat.o (snprintf)
C:/ST/STM32CubeIDE_1.15.1/STM32CubeIDE/plugins/com.st.stm32cube.ide.mcu.externaltools.gnu-tools-for-stm32.12.3.rel1.win32_1.0.100.202403111256/tools/bin/../lib/gcc/arm-none-eabi/12.3.1/../../../../arm-none-eabi/lib/thumb/v7e-m+fp/hard\libc_nano.a(libc_a-sprintf.o)
                              ./Src/w5500_driver.o (sprintf)
C:/ST/STM32CubeIDE_1.15.1/STM32CubeIDE/plugins/com.st.stm32cube.ide.mcu.externaltools.gnu-tools-for-stm32.12.3.rel1.win32_1.0.100.202403111256/tools/bin/../lib/gcc/arm-none-eabi/12.3.1/../../../../arm-none-eabi/lib/thumb/v7e-m+fp/hard\libc_nano.a(libc_a-stdio.o)
[...]
Memory Configuration

Name             Origin             Length             Attributes
RAM              0x20000000         0x00020000         xrw
FLASH            0x08000000         0x00080000         xr
*default*        0x00000000         0xffffffff

Linker script and memory map

LOAD C:/ST/STM32CubeIDE_1.15.1/STM32CubeIDE/plugins/com.st.stm32cube.ide.mcu.externaltools.gnu-tools-for-stm32.12.3.rel1.win32_1.0.100.202403111256/tools/bin/../lib/gcc/arm-none-eabi/12.3.1/thumb/v7e-m+fp/hard/crti.o
LOAD C:/ST/STM32CubeIDE_1.15.1/STM32CubeIDE/plugins/com.st.stm32cube.ide.mcu.externaltools.gnu-tools-for-stm32.12.3.rel1.win32_1.0.100.202403111256/tools/bin/../lib/gcc/arm-none-eabi/12.3.1/thumb/v7e-m+fp/hard/crtbegin.o
LOAD C:/ST/STM32CubeIDE_1.15.1/STM32CubeIDE/plugins/com.st.stm32cube.ide.mcu.externaltools.gnu-tools-for-stm32.12.3.rel1.win32_1.0.100.202403111256/tools/bin/../lib/gcc/arm-none-eabi/12.3.1/../../../../arm-none-eabi/lib/thumb/v7e-m+fp/hard/crt0.o
LOAD ./Src/MQTTC/MQTTClient.o
LOAD ./Src/MQTTC/MQTTConnectClient.o
LOAD ./Src/MQTTC/MQTTConnectServer.o
LOAD ./Src/MQTTC/MQTTDeserializePublish.o
LOAD ./Src/MQTTC/MQTTFormat.o
LOAD ./Src/MQTTC/MQTTPacket.o
LOAD ./Src/MQTTC/MQTTSerializePublish.o
LOAD ./Src/MQTTC/MQTTSubscribeClient.o
LOAD ./Src/MQTTC/MQTTSubscribeServer.o
LOAD ./Src/MQTTC/MQTTUnsubscribeClient.o
LOAD ./Src/MQTTC/MQTTUnsubscribeServer.o
LOAD ./Src/MQTTC/mqtt_interface.o
LOAD ./Src/adc.o
LOAD ./Src/bsp.o
LOAD ./Src/fpu.o
LOAD ./Src/main.o
LOAD ./Src/spi.o
LOAD ./Src/syscalls.o
LOAD ./Src/sysmem.o
LOAD ./Src/timebase.o
LOAD ./Src/uart.o
LOAD ./Src/w5500_driver.o
LOAD ./Startup/startup_stm32f411retx.o
LOAD ./Wiznet_W5500/dhcp.o
LOAD ./Wiznet_W5500/httpParser.o
LOAD ./Wiznet_W5500/httpServer.o
LOAD ./Wiznet_W5500/httpUtil.o
LOAD ./Wiznet_W5500/socket.o
LOAD ./Wiznet_W5500/w5500.o
LOAD ./Wiznet_W5500/wizchip_conf.o
START GROUP
LOAD C:/ST/STM32CubeIDE_1.15.1/STM32CubeIDE/plugins/com.st.stm32cube.ide.mcu.externaltools.gnu-tools-for-stm32.12.3.rel1.win32_1.0.100.202403111256/tools/bin/../lib/gcc/arm-none-eabi/12.3.1/../../../../arm-none-eabi/lib/thumb/v7e-m+fp/hard\libc_nano.a
LOAD C:/ST/STM32CubeIDE_1.15.1/STM32CubeIDE/plugins/com.st.stm32cube.ide.mcu.externaltools.gnu-tools-for-stm32.12.3.rel1.win32_1.0.100.202403111256/tools/bin/../lib/gcc/arm-none-eabi/12.3.1/../../../../arm-none-eabi/lib/thumb/v7e-m+fp/hard\libm.a
END GROUP
START GROUP
LOAD C:/ST/STM32CubeIDE_1.15.1/STM32CubeIDE/plugins/com.st.stm32cube.ide.mcu.externaltools.gnu-tools-for-stm32.12.3.rel1.win32_1.0.100.202403111256/tools/bin/../lib/gcc/arm-none-eabi/12.3.1/thumb/v7e-m+fp/hard\libgcc.a
LOAD C:/ST/STM32CubeIDE_1.15.1/STM32CubeIDE/plugins/com.st.stm32cube.ide.mcu.externaltools.gnu-tools-for-stm32.12.3.rel1.win32_1.0.100.202403111256/tools/bin/../lib/gcc/arm-none-eabi/12.3.1/../../../../arm-none-eabi/lib/thumb/v7e-m+fp/hard\libc_nano.a
END GROUP
START GROUP
LOAD C:/ST/STM32CubeIDE_1.15.1/STM32CubeIDE/plugins/com.st.stm32cube.ide.mcu.externaltools.gnu-tools-for-stm32.12.3.rel1.win32_1.0.100.202403111256/tools/bin/../lib/gcc/arm-none-eabi/12.3.1/thumb/v7e-m+fp/hard\libgcc.a
LOAD C:/ST/STM32CubeIDE_1.15.1/STM32CubeIDE/plugins/com.st.stm32cube.ide.mcu.externaltools.gnu-tools-for-stm32.12.3.rel1.win32_1.0.100.202403111256/tools/bin/../lib/gcc/arm-none-eabi/12.3.1/../../../../arm-none-eabi/lib/thumb/v7e-m+fp/hard\libc_nano.a
LOAD C:/ST/STM32CubeIDE_1.15.1/STM32CubeIDE/plugins/com.st.stm32cube.ide.mcu.externaltools.gnu-tools-for-stm32.12.3.rel1.win32_1.0.100.202403111256/tools/bin/../lib/gcc/arm-none-eabi/12.3.1/../../../../arm-none-eabi/lib/thumb/v7e-m+fp/hard\libnosys.a
END GROUP
START GROUP
LOAD C:/ST/STM32CubeIDE_1.15.1/STM32CubeIDE/plugins/com.st.stm32cube.ide.mcu.externaltools.gnu-tools-for-stm32.12.3.rel1.win32_1.0.100.202403111256/tools/bin/../lib/gcc/arm-none-eabi/12.3.1/thumb/v7e-m+fp/hard\libgcc.a
LOAD C:/ST/STM32CubeIDE_1.15.1/STM32CubeIDE/plugins/com.st.stm32cube.ide.mcu.externaltools.gnu-tools-for-stm32.12.3.rel1.win32_1.0.100.202403111256/tools/bin/../lib/gcc/arm-none-eabi/12.3.1/../../../../arm-none-eabi/lib/thumb/v7e-m+fp/hard\libc_nano.a
LOAD C:/ST/STM32CubeIDE_1.15.1/STM32CubeIDE/plugins/com.st.stm32cube.ide.mcu.externaltools.gnu-tools-for-stm32.12.3.rel1.win32_1.0.100.202403111256/tools/bin/../lib/gcc/arm-none-eabi/12.3.1/../../../../arm-none-eabi/lib/thumb/v7e-m+fp/hard\libnosys.a
END GROUP
LOAD C:/ST/STM32CubeIDE_1.15.1/STM32CubeIDE/plugins/com.st.stm32cube.ide.mcu.externaltools.gnu-tools-for-stm32.12.3.rel1.win32_1.0.100.202403111256/tools/bin/../lib/gcc/arm-none-eabi/12.3.1/thumb/v7e-m+fp/hard/crtend.o
LOAD C:/ST/STM32CubeIDE_1.15.1/STM32CubeIDE/plugins/com.st.stm32cube.ide.mcu.externaltools.gnu-tools-for-stm32.12.3.rel1.win32_1.0.100.202403111256/tools/bin/../lib/gcc/arm-none-eabi/12.3.1/thumb/v7e-m+fp/hard/crtn.o
                0x20020000                        _estack = (ORIGIN (RAM) + LENGTH (RAM))
                0x00000200                        _Min_Heap_Size = 0x200
                0x00000400                        _Min_Stack_Size = 0x400

.isr_vector     0x08000000      0x198
                0x08000000                        . = ALIGN (0x4)
 *(.isr_vector)
 .isr_vector    0x08000000      0x198 ./Startup/startup_stm32f411retx.o
                0x08000000                g_pfnVectors
                0x08000198                        . = ALIGN (0x4)

.text           0x080001a0     0x7624
                0x080001a0                        . = ALIGN (0x4)
 *(.text)
 .text          0x080001a0       0x40 C:/ST/STM32CubeIDE_1.15.1/STM32CubeIDE/plugins/com.st.stm32cube.ide.mcu.externaltools.gnu-tools-for-stm32.12.3.rel1.win32_1.0.100.202403111256/tools/bin/../lib/gcc/arm-none-eabi/12.3.1/thumb/v7e-m+fp/hard/crtbegin.o
 .text          0x080001e0       0x10 C:/ST/STM32CubeIDE_1.15.1/STM32CubeIDE/plugins/com.st.stm32cube.ide.mcu.externaltools.gnu-tools-for-stm32.12.3.rel1.win32_1.0.100.202403111256/tools/bin/../lib/gcc/arm-none-eabi/12.3.1/../../../../arm-none-eabi/lib/thumb/v7e-m+fp/hard\libc_nano.a(libc_a-strlen.o)
                0x080001e0                strlen
 .text          0x080001f0       0xa0 C:/ST/STM32CubeIDE_1.15.1/STM32CubeIDE/plugins/com.st.stm32cube.ide.mcu.externaltools.gnu-tools-for-stm32.12.3.rel1.win32_1.0.100.202403111256/tools/bin/../lib/gcc/arm-none-eabi/12.3.1/../../../../arm-none-eabi/lib/thumb/v7e-m+fp/hard\libc_nano.a(libc_a-memchr.o)
                0x080001f0                memchr
 *(.text*)
 .text.NewMessageData
                0x08000290       0x24 ./Src/MQTTC/MQTTClient.o
 .text.getNextPacketId
                0x080002b4       0x32 ./Src/MQTTC/MQTTClient.o
 .text.sendPacket
                0x080002e6       0x92 ./Src/MQTTC/MQTTClient.o
 .text.MQTTClientInit
                0x08000378       0x8a ./Src/MQTTC/MQTTClient.o
                0x08000378                MQTTClientInit
 .text.decodePacket
                0x08000402       0x88 ./Src/MQTTC/MQTTClient.o
 .text.readPacket
                0x0800048a      0x108 ./Src/MQTTC/MQTTClient.o
 .text.isTopicMatched
                0x08000592       0xd2 ./Src/MQTTC/MQTTClient.o
 .text.deliverMessage
                0x08000664       0xd0 ./Src/MQTTC/MQTTClient.o
                0x08000664                deliverMessage
 .text.keepalive
                0x08000734       0xa2 ./Src/MQTTC/MQTTClient.o
                0x08000734                keepalive
 .text.MQTTCleanSession
                0x080007d6       0x38 ./Src/MQTTC/MQTTClient.o
                0x080007d6                MQTTCleanSession
 .text.MQTTCloseSession
                0x0800080e       0x2a ./Src/MQTTC/MQTTClient.o
                0x0800080e                MQTTCloseSession
 .text.cycle    0x08000838      0x200 ./Src/MQTTC/MQTTClient.o
                0x08000838                cycle
 .text.waitfor  0x08000a38       0x44 ./Src/MQTTC/MQTTClient.o
                0x08000a38                waitfor
 .text.MQTTConnectWithResults
                0x08000a7c      0x124 ./Src/MQTTC/MQTTClient.o
                0x08000a7c                MQTTConnectWithResults
 .text.MQTTConnect
                0x08000ba0       0x22 ./Src/MQTTC/MQTTClient.o
                0x08000ba0                MQTTConnect
 .text.MQTTPublish
                0x08000bc2      0x18c ./Src/MQTTC/MQTTClient.o
                0x08000bc2                MQTTPublish
 .text.MQTTSerialize_connectLength
                0x08000d4e       0xc2 ./Src/MQTTC/MQTTConnectClient.o
                0x08000d4e                MQTTSerialize_connectLength
 .text.MQTTSerialize_connect
                0x08000e10      0x1d8 ./Src/MQTTC/MQTTConnectClient.o
                0x08000e10                MQTTSerialize_connect
 .text.MQTTDeserialize_connack
                0x08000fe8       0xaa ./Src/MQTTC/MQTTConnectClient.o
                0x08000fe8                MQTTDeserialize_connack
 .text.MQTTSerialize_zero
                0x08001092       0x70 ./Src/MQTTC/MQTTConnectClient.o
                0x08001092                MQTTSerialize_zero
 .text.MQTTSerialize_pingreq
                0x08001102       0x1e ./Src/MQTTC/MQTTConnectClient.o
                0x08001102                MQTTSerialize_pingreq
 .text.MQTTDeserialize_publish
                0x08001120       0xe4 ./Src/MQTTC/MQTTDeserializePublish.o
                0x08001120                MQTTDeserialize_publish
 .text.MQTTDeserialize_ack
                0x08001204       0x96 ./Src/MQTTC/MQTTDeserializePublish.o
                0x08001204                MQTTDeserialize_ack
 .text.MQTTPacket_encode
                0x0800129a       0x5e ./Src/MQTTC/MQTTPacket.o
                0x0800129a                MQTTPacket_encode
 .text.MQTTPacket_decode
                0x080012f8       0x78 ./Src/MQTTC/MQTTPacket.o
                0x080012f8                MQTTPacket_decode
 .text.MQTTPacket_len
                0x08001370       0x54 ./Src/MQTTC/MQTTPacket.o
                0x08001370                MQTTPacket_len
 .text.bufchar  0x080013c4       0x40 ./Src/MQTTC/MQTTPacket.o
                0x080013c4                bufchar
 .text.MQTTPacket_decodeBuf
                0x08001404       0x2c ./Src/MQTTC/MQTTPacket.o
                0x08001404                MQTTPacket_decodeBuf
 .text.readInt  0x08001430       0x36 ./Src/MQTTC/MQTTPacket.o
                0x08001430                readInt
 .text.readChar
                0x08001466       0x28 ./Src/MQTTC/MQTTPacket.o
                0x08001466                readChar
 .text.writeChar
                0x0800148e       0x2a ./Src/MQTTC/MQTTPacket.o
                0x0800148e                writeChar
 .text.writeInt
                0x080014b8       0x52 ./Src/MQTTC/MQTTPacket.o
                0x080014b8                writeInt
 .text.writeCString
                0x0800150a       0x3e ./Src/MQTTC/MQTTPacket.o
                0x0800150a                writeCString
 .text.writeMQTTString
                0x08001548       0x5c ./Src/MQTTC/MQTTPacket.o
                0x08001548                writeMQTTString
 .text.readMQTTLenString
                0x080015a4       0x62 ./Src/MQTTC/MQTTPacket.o
                0x080015a4                readMQTTLenString
 .text.MQTTstrlen
                0x08001606       0x32 ./Src/MQTTC/MQTTPacket.o
                0x08001606                MQTTstrlen
 .text.MQTTPacket_equals
                0x08001638       0x6e ./Src/MQTTC/MQTTPacket.o
                0x08001638                MQTTPacket_equals
 .text.MQTTSerialize_publishLength
                0x080016a6       0x40 ./Src/MQTTC/MQTTSerializePublish.o
                0x080016a6                MQTTSerialize_publishLength
 .text.MQTTSerialize_publish
                0x080016e6       0xec ./Src/MQTTC/MQTTSerializePublish.o
                0x080016e6                MQTTSerialize_publish
 .text.MQTTSerialize_ack
                0x080017d2       0xaa ./Src/MQTTC/MQTTSerializePublish.o
                0x080017d2                MQTTSerialize_ack
 .text.MilliTimer_Handler
                0x0800187c       0x1c ./Src/MQTTC/mqtt_interface.o
                0x0800187c                MilliTimer_Handler
 .text.TimerInit
                0x08001898       0x1a ./Src/MQTTC/mqtt_interface.o
                0x08001898                TimerInit
 *fill*         0x080018b2        0x2 
 .text.TimerIsExpired
                0x080018b4       0x2c ./Src/MQTTC/mqtt_interface.o
                0x080018b4                TimerIsExpired
 .text.TimerCountdownMS
                0x080018e0       0x28 ./Src/MQTTC/mqtt_interface.o
                0x080018e0                TimerCountdownMS
 .text.TimerCountdown
                0x08001908       0x30 ./Src/MQTTC/mqtt_interface.o
                0x08001908                TimerCountdown
 .text.TimerLeftMS
                0x08001938       0x2c ./Src/MQTTC/mqtt_interface.o
                0x08001938                TimerLeftMS
 .text.NewNetwork
                0x08001964       0x3c ./Src/MQTTC/mqtt_interface.o
                0x08001964                NewNetwork
 .text.w5x00_read
                0x080019a0       0x5a ./Src/MQTTC/mqtt_interface.o
                0x080019a0                w5x00_read
 .text.w5x00_write
                0x080019fa       0x48 ./Src/MQTTC/mqtt_interface.o
                0x080019fa                w5x00_write
 .text.w5x00_disconnect
                0x08001a42       0x1c ./Src/MQTTC/mqtt_interface.o
                0x08001a42                w5x00_disconnect
 .text.ConnectNetwork
                0x08001a5e       0x58 ./Src/MQTTC/mqtt_interface.o
                0x08001a5e                ConnectNetwork
 *fill*         0x08001ab6        0x2 
 .text.pa1_adc_init
                0x08001ab8       0x64 ./Src/adc.o
                0x08001ab8                pa1_adc_init
 .text.start_conversion
                0x08001b1c       0x2c ./Src/adc.o
                0x08001b1c                start_conversion
 .text.adc_read
                0x08001b48       0x24 ./Src/adc.o
                0x08001b48                adc_read
 .text.button_init
                0x08001b6c       0x3c ./Src/bsp.o
                0x08001b6c                button_init
 .text.fpu_enable
                0x08001ba8       0x54 ./Src/fpu.o
                0x08001ba8                fpu_enable
 .text.check_cable_connection
                0x08001bfc       0x4c ./Src/main.o
                0x08001bfc                check_cable_connection
 .text.display_phy_config
                0x08001c48       0x98 ./Src/main.o
                0x08001c48                display_phy_config
 .text.handle_error
                0x08001ce0       0x18 ./Src/main.o
                0x08001ce0                handle_error
 .text.main     0x08001cf8      0x174 ./Src/main.o
                0x08001cf8                main
 .text.spi1_gpio_init
                0x08001e6c      0x108 ./Src/spi.o
                0x08001e6c                spi1_gpio_init
 .text.spi_init
                0x08001f74       0xd0 ./Src/spi.o
                0x08001f74                spi_init
 .text.spi_transmit
                0x08002044      0x240 ./Src/spi.o
                0x08002044                spi_transmit
 .text.spi_receive
                0x08002284      0x1da ./Src/spi.o
                0x08002284                spi_receive
 .text.spi_transmit_receive
                0x0800245e      0x292 ./Src/spi.o
                0x0800245e                spi_transmit_receive
 .text._read    0x080026f0       0x3a ./Src/syscalls.o
                0x080026f0                _read
 .text._write   0x0800272a       0x38 ./Src/syscalls.o
                0x0800272a                _write
 .text._close   0x08002762       0x18 ./Src/syscalls.o
                0x08002762                _close
 .text._fstat   0x0800277a       0x20 ./Src/syscalls.o
                0x0800277a                _fstat
 .text._isatty  0x0800279a       0x16 ./Src/syscalls.o
                0x0800279a                _isatty
 .text._lseek   0x080027b0       0x1a ./Src/syscalls.o
                0x080027b0                _lseek
 *fill*         0x080027ca        0x2 
 .text._sbrk    0x080027cc       0x6c ./Src/sysmem.o
                0x080027cc                _sbrk
 .text.delay    0x08002838       0x3c ./Src/timebase.o
                0x08002838                delay
 .text.get_tick
                0x08002874       0x2c ./Src/timebase.o
                0x08002874                get_tick
 .text.tick_increment
                0x080028a0       0x1c ./Src/timebase.o
 .text.timebase_init
                0x080028bc       0x48 ./Src/timebase.o
                0x080028bc                timebase_init
 .text.SysTick_Handler
                0x08002904       0x10 ./Src/timebase.o
                0x08002904                SysTick_Handler
 .text.__io_putchar
                0x08002914       0x18 ./Src/uart.o
                0x08002914                __io_putchar
 .text.debug_uart_init
                0x0800292c       0x94 ./Src/uart.o
                0x0800292c                debug_uart_init
 .text.uart_write
                0x080029c0       0x30 ./Src/uart.o
 .text.compute_uart_bd
                0x080029f0       0x26 ./Src/uart.o
 *fill*         0x08002a16        0x2 
 .text.uart_set_baudrate
                0x08002a18       0x28 ./Src/uart.o
 .text.ip_assigned_callback
                0x08002a40       0x18 ./Src/w5500_driver.o
                0x08002a40                ip_assigned_callback
 .text.ip_update_callback
                0x08002a58       0x18 ./Src/w5500_driver.o
                0x08002a58                ip_update_callback
 .text.ip_conflict_callback
                0x08002a70       0x18 ./Src/w5500_driver.o
                0x08002a70                ip_conflict_callback
 .text.wizchip_cs_pin_init
                0x08002a88       0x3c ./Src/w5500_driver.o
                0x08002a88                wizchip_cs_pin_init
 .text.wizchip_pin_cs_select
                0x08002ac4       0x20 ./Src/w5500_driver.o
                0x08002ac4                wizchip_pin_cs_select
 .text.wizchip_pin_cs_deselect
                0x08002ae4       0x20 ./Src/w5500_driver.o
                0x08002ae4                wizchip_pin_cs_deselect
 .text.wizchip_read_burst
                0x08002b04       0x28 ./Src/w5500_driver.o
                0x08002b04                wizchip_read_burst
 .text.wizchip_read_byte
                0x08002b2c       0x1a ./Src/w5500_driver.o
                0x08002b2c                wizchip_read_byte
 *fill*         0x08002b46        0x2 
 .text.wizchip_write_burst
                0x08002b48       0x28 ./Src/w5500_driver.o
                0x08002b48                wizchip_write_burst
 .text.wizchip_write_byte
                0x08002b70       0x1c ./Src/w5500_driver.o
                0x08002b70                wizchip_write_byte
 .text.w5500_spi_init
                0x08002b8c       0x58 ./Src/w5500_driver.o
                0x08002b8c                w5500_spi_init
 .text.w5500_init
                0x08002be4      0x180 ./Src/w5500_driver.o
                0x08002be4                w5500_init
 .text.Reset_Handler
                0x08002d64       0x50 ./Startup/startup_stm32f411retx.o
                0x08002d64                Reset_Handler
 .text.Default_Handler
                0x08002db4        0x2 ./Startup/startup_stm32f411retx.o
                0x08002db4                RTC_Alarm_IRQHandler
                0x08002db4                EXTI2_IRQHandler
                0x08002db4                DebugMon_Handler
                0x08002db4                SPI4_IRQHandler
                0x08002db4                TIM1_CC_IRQHandler
                0x08002db4                DMA2_Stream5_IRQHandler
                0x08002db4                HardFault_Handler
                0x08002db4                DMA1_Stream5_IRQHandler
                0x08002db4                PVD_IRQHandler
                0x08002db4                SDIO_IRQHandler
                0x08002db4                TAMP_STAMP_IRQHandler
                0x08002db4                PendSV_Handler
                0x08002db4                NMI_Handler
                0x08002db4                EXTI3_IRQHandler
                0x08002db4                TIM1_UP_TIM10_IRQHandler
                0x08002db4                I2C3_ER_IRQHandler
                0x08002db4                EXTI0_IRQHandler
                0x08002db4                I2C2_EV_IRQHandler
                0x08002db4                DMA1_Stream2_IRQHandler
                0x08002db4                FPU_IRQHandler
                0x08002db4                UsageFault_Handler
                0x08002db4                DMA2_Stream2_IRQHandler
                0x08002db4                SPI1_IRQHandler
                0x08002db4                TIM1_BRK_TIM9_IRQHandler
                0x08002db4                DMA2_Stream3_IRQHandler
                0x08002db4                USART6_IRQHandler
                0x08002db4                DMA2_Stream0_IRQHandler
                0x08002db4                TIM4_IRQHandler
                0x08002db4                I2C1_EV_IRQHandler
                0x08002db4                DMA1_Stream6_IRQHandler
                0x08002db4                DMA1_Stream1_IRQHandler
                0x08002db4                TIM3_IRQHandler
                0x08002db4                RCC_IRQHandler
                0x08002db4                Default_Handler
                0x08002db4                EXTI15_10_IRQHandler
                0x08002db4                ADC_IRQHandler
                0x08002db4                DMA1_Stream7_IRQHandler
                0x08002db4                SPI5_IRQHandler
                0x08002db4                TIM5_IRQHandler
                0x08002db4                DMA2_Stream7_IRQHandler
                0x08002db4                I2C3_EV_IRQHandler
                0x08002db4                EXTI9_5_IRQHandler
                0x08002db4                RTC_WKUP_IRQHandler
                0x08002db4                SPI2_IRQHandler
                0x08002db4                MemManage_Handler
                0x08002db4                DMA1_Stream0_IRQHandler
                0x08002db4                SVC_Handler
                0x08002db4                EXTI4_IRQHandler
                0x08002db4                WWDG_IRQHandler
                0x08002db4                TIM2_IRQHandler
                0x08002db4                OTG_FS_WKUP_IRQHandler
                0x08002db4                TIM1_TRG_COM_TIM11_IRQHandler
                0x08002db4                EXTI1_IRQHandler
                0x08002db4                USART2_IRQHandler
                0x08002db4                I2C2_ER_IRQHandler
                0x08002db4                DMA2_Stream1_IRQHandler
                0x08002db4                FLASH_IRQHandler
                0x08002db4                DMA2_Stream4_IRQHandler
                0x08002db4                BusFault_Handler
                0x08002db4                USART1_IRQHandler
                0x08002db4                OTG_FS_IRQHandler
                0x08002db4                SPI3_IRQHandler
                0x08002db4                DMA1_Stream4_IRQHandler
                0x08002db4                I2C1_ER_IRQHandler
                0x08002db4                DMA2_Stream6_IRQHandler
                0x08002db4                DMA1_Stream3_IRQHandler
 *fill*         0x08002db6        0x2 
 .text.default_ip_assign
                0x08002db8       0x38 ./Wiznet_W5500/dhcp.o
                0x08002db8                default_ip_assign
 .text.default_ip_update
                0x08002df0       0x2c ./Wiznet_W5500/dhcp.o
                0x08002df0                default_ip_update
 .text.default_ip_conflict
                0x08002e1c       0x28 ./Wiznet_W5500/dhcp.o
                0x08002e1c                default_ip_conflict
 .text.reg_dhcp_cbfunc
                0x08002e44       0x68 ./Wiznet_W5500/dhcp.o
                0x08002e44                reg_dhcp_cbfunc
 .text.makeDHCPMSG
                0x08002eac      0x1ec ./Wiznet_W5500/dhcp.o
                0x08002eac                makeDHCPMSG
 .text.send_DHCP_DISCOVER
                0x08003098      0x38c ./Wiznet_W5500/dhcp.o
                0x08003098                send_DHCP_DISCOVER
 .text.send_DHCP_REQUEST
                0x08003424      0x514 ./Wiznet_W5500/dhcp.o
                0x08003424                send_DHCP_REQUEST
 .text.send_DHCP_DECLINE
                0x08003938      0x2a4 ./Wiznet_W5500/dhcp.o
                0x08003938                send_DHCP_DECLINE
 .text.parseDHCPMSG
                0x08003bdc      0x43c ./Wiznet_W5500/dhcp.o
                0x08003bdc                parseDHCPMSG
 .text.DHCP_run
                0x08004018      0x234 ./Wiznet_W5500/dhcp.o
                0x08004018                DHCP_run
 .text.check_DHCP_timeout
                0x0800424c       0xc0 ./Wiznet_W5500/dhcp.o
                0x0800424c                check_DHCP_timeout
 .text.check_DHCP_leasedIP
                0x0800430c       0x7c ./Wiznet_W5500/dhcp.o
                0x0800430c                check_DHCP_leasedIP
 .text.DHCP_init
                0x08004388      0x128 ./Wiznet_W5500/dhcp.o
                0x08004388                DHCP_init
 .text.reset_DHCP_timeout
                0x080044b0       0x2c ./Wiznet_W5500/dhcp.o
                0x080044b0                reset_DHCP_timeout
 .text.getIPfromDHCP
                0x080044dc       0x40 ./Wiznet_W5500/dhcp.o
                0x080044dc                getIPfromDHCP
 .text.getGWfromDHCP
                0x0800451c       0x40 ./Wiznet_W5500/dhcp.o
                0x0800451c                getGWfromDHCP
 .text.getSNfromDHCP
                0x0800455c       0x40 ./Wiznet_W5500/dhcp.o
                0x0800455c                getSNfromDHCP
 .text.NibbleToHex
                0x0800459c       0x32 ./Wiznet_W5500/dhcp.o
                0x0800459c                NibbleToHex
 *fill*         0x080045ce        0x2 
 .text.socket   0x080045d0      0x228 ./Wiznet_W5500/socket.o
                0x080045d0                socket
 .text.close    0x080047f8       0xdc ./Wiznet_W5500/socket.o
                0x080047f8                close
 .text.connect  0x080048d4      0x1b8 ./Wiznet_W5500/socket.o
                0x080048d4                connect
 .text.disconnect
                0x08004a8c       0xec ./Wiznet_W5500/socket.o
                0x08004a8c                disconnect
 .text.send     0x08004b78      0x1f0 ./Wiznet_W5500/socket.o
                0x08004b78                send
 .text.recv     0x08004d68      0x168 ./Wiznet_W5500/socket.o
                0x08004d68                recv
 .text.sendto   0x08004ed0      0x268 ./Wiznet_W5500/socket.o
                0x08004ed0                sendto
 .text.recvfrom
                0x08005138      0x3d8 ./Wiznet_W5500/socket.o
                0x08005138                recvfrom
 .text.WIZCHIP_READ
                0x08005510       0x98 ./Wiznet_W5500/w5500.o
                0x08005510                WIZCHIP_READ
 .text.WIZCHIP_WRITE
                0x080055a8       0x9c ./Wiznet_W5500/w5500.o
                0x080055a8                WIZCHIP_WRITE
 .text.WIZCHIP_READ_BUF
                0x08005644       0xc0 ./Wiznet_W5500/w5500.o
                0x08005644                WIZCHIP_READ_BUF
 .text.WIZCHIP_WRITE_BUF
                0x08005704       0xc0 ./Wiznet_W5500/w5500.o
                0x08005704                WIZCHIP_WRITE_BUF
 .text.getSn_TX_FSR
                0x080057c4       0x92 ./Wiznet_W5500/w5500.o
                0x080057c4                getSn_TX_FSR
 .text.getSn_RX_RSR
                0x08005856       0x92 ./Wiznet_W5500/w5500.o
                0x08005856                getSn_RX_RSR
 .text.wiz_send_data
                0x080058e8       0xb4 ./Wiznet_W5500/w5500.o
                0x080058e8                wiz_send_data
 .text.wiz_recv_data
                0x0800599c       0xb4 ./Wiznet_W5500/w5500.o
                0x0800599c                wiz_recv_data
 .text.wiz_recv_ignore
                0x08005a50       0x8c ./Wiznet_W5500/w5500.o
                0x08005a50                wiz_recv_ignore
 .text.wizchip_cris_enter
                0x08005adc        0xe ./Wiznet_W5500/wizchip_conf.o
                0x08005adc                wizchip_cris_enter
 .text.wizchip_cris_exit
                0x08005aea        0xe ./Wiznet_W5500/wizchip_conf.o
                0x08005aea                wizchip_cris_exit
 .text.wizchip_cs_select
                0x08005af8        0xe ./Wiznet_W5500/wizchip_conf.o
                0x08005af8                wizchip_cs_select
 .text.wizchip_cs_deselect
                0x08005b06        0xe ./Wiznet_W5500/wizchip_conf.o
                0x08005b06                wizchip_cs_deselect
 .text.wizchip_bus_readdata
                0x08005b14       0x1a ./Wiznet_W5500/wizchip_conf.o
                0x08005b14                wizchip_bus_readdata
 .text.wizchip_bus_writedata
                0x08005b2e       0x1e ./Wiznet_W5500/wizchip_conf.o
                0x08005b2e                wizchip_bus_writedata
 .text.wizchip_spi_readbyte
                0x08005b4c       0x10 ./Wiznet_W5500/wizchip_conf.o
                0x08005b4c                wizchip_spi_readbyte
 .text.wizchip_spi_writebyte
                0x08005b5c       0x16 ./Wiznet_W5500/wizchip_conf.o
                0x08005b5c                wizchip_spi_writebyte
 .text.wizchip_spi_readburst
                0x08005b72       0x18 ./Wiznet_W5500/wizchip_conf.o
                0x08005b72                wizchip_spi_readburst
 .text.wizchip_spi_writeburst
                0x08005b8a       0x18 ./Wiznet_W5500/wizchip_conf.o
                0x08005b8a                wizchip_spi_writeburst
 *fill*         0x08005ba2        0x2 
 .text.reg_wizchip_cs_cbfunc
                0x08005ba4       0x4c ./Wiznet_W5500/wizchip_conf.o
                0x08005ba4                reg_wizchip_cs_cbfunc
 .text.reg_wizchip_spi_cbfunc
                0x08005bf0       0x58 ./Wiznet_W5500/wizchip_conf.o
                0x08005bf0                reg_wizchip_spi_cbfunc
 .text.reg_wizchip_spiburst_cbfunc
                0x08005c48       0x58 ./Wiznet_W5500/wizchip_conf.o
                0x08005c48                reg_wizchip_spiburst_cbfunc
 .text.ctlwizchip
                0x08005ca0      0x1c0 ./Wiznet_W5500/wizchip_conf.o
                0x08005ca0                ctlwizchip
 .text.wizchip_sw_reset
                0x08005e60       0x98 ./Wiznet_W5500/wizchip_conf.o
                0x08005e60                wizchip_sw_reset
 .text.wizchip_init
                0x08005ef8      0x118 ./Wiznet_W5500/wizchip_conf.o
                0x08005ef8                wizchip_init
 .text.wizchip_clrinterrupt
                0x08006010       0x68 ./Wiznet_W5500/wizchip_conf.o
                0x08006010                wizchip_clrinterrupt
 .text.wizchip_getinterrupt
                0x08006078       0x4a ./Wiznet_W5500/wizchip_conf.o
                0x08006078                wizchip_getinterrupt
 .text.wizchip_setinterruptmask
                0x080060c2       0x36 ./Wiznet_W5500/wizchip_conf.o
                0x080060c2                wizchip_setinterruptmask
 .text.wizchip_getinterruptmask
                0x080060f8       0x46 ./Wiznet_W5500/wizchip_conf.o
                0x080060f8                wizchip_getinterruptmask
 .text.wizphy_getphylink
                0x0800613e       0x2c ./Wiznet_W5500/wizchip_conf.o
                0x0800613e                wizphy_getphylink
 .text.wizphy_getphypmode
                0x0800616a       0x32 ./Wiznet_W5500/wizchip_conf.o
                0x0800616a                wizphy_getphypmode
 .text.wizphy_reset
                0x0800619c       0x4e ./Wiznet_W5500/wizchip_conf.o
                0x0800619c                wizphy_reset
 .text.wizphy_setphyconf
                0x080061ea       0x84 ./Wiznet_W5500/wizchip_conf.o
                0x080061ea                wizphy_setphyconf
 *fill*         0x0800626e        0x2 
 .text.wizphy_getphyconf
                0x08006270       0xd4 ./Wiznet_W5500/wizchip_conf.o
                0x08006270                wizphy_getphyconf
 .text.wizphy_setphypmode
                0x08006344       0x94 ./Wiznet_W5500/wizchip_conf.o
                0x08006344                wizphy_setphypmode
 .text.wizchip_setnetinfo
                0x080063d8       0x80 ./Wiznet_W5500/wizchip_conf.o
                0x080063d8                wizchip_setnetinfo
 .text.sbrk_aligned
                0x08006458       0x44 C:/ST/STM32CubeIDE_1.15.1/STM32CubeIDE/plugins/com.st.stm32cube.ide.mcu.externaltools.gnu-tools-for-stm32.12.3.rel1.win32_1.0.100.202403111256/tools/bin/../lib/gcc/arm-none-eabi/12.3.1/../../../../arm-none-eabi/lib/thumb/v7e-m+fp/hard\libc_nano.a(libc_a-mallocr.o)
 .text._malloc_r
                0x0800649c      0x100 C:/ST/STM32CubeIDE_1.15.1/STM32CubeIDE/plugins/com.st.stm32cube.ide.mcu.externaltools.gnu-tools-for-stm32.12.3.rel1.win32_1.0.100.202403111256/tools/bin/../lib/gcc/arm-none-eabi/12.3.1/../../../../arm-none-eabi/lib/thumb/v7e-m+fp/hard\libc_nano.a(libc_a-mallocr.o)
                0x0800649c                _malloc_r
 .text.__malloc_lock
                0x0800659c        0xc C:/ST/STM32CubeIDE_1.15.1/STM32CubeIDE/plugins/com.st.stm32cube.ide.mcu.externaltools.gnu-tools-for-stm32.12.3.rel1.win32_1.0.100.202403111256/tools/bin/../lib/gcc/arm-none-eabi/12.3.1/../../../../arm-none-eabi/lib/thumb/v7e-m+fp/hard\libc_nano.a(libc_a-mlock.o)
                0x0800659c                __malloc_lock
 .text.__malloc_unlock
                0x080065a8        0xc C:/ST/STM32CubeIDE_1.15.1/STM32CubeIDE/plugins/com.st.stm32cube.ide.mcu.externaltools.gnu-tools-for-stm32.12.3.rel1.win32_1.0.100.202403111256/tools/bin/../lib/gcc/arm-none-eabi/12.3.1/../../../../arm-none-eabi/lib/thumb/v7e-m+fp/hard\libc_nano.a(libc_a-mlock.o)
                0x080065a8                __malloc_unlock
 .text.std      0x080065b4       0x6c C:/ST/STM32CubeIDE_1.15.1/STM32CubeIDE/plugins/com.st.stm32cube.ide.mcu.externaltools.gnu-tools-for-stm32.12.3.rel1.win32_1.0.100.202403111256/tools/bin/../lib/gcc/arm-none-eabi/12.3.1/../../../../arm-none-eabi/lib/thumb/v7e-m+fp/hard\libc_nano.a(libc_a-findfp.o)
 .text.stdio_exit_handler
                0x08006620       0x18 C:/ST/STM32CubeIDE_1.15.1/STM32CubeIDE/plugins/com.st.stm32cube.ide.mcu.externaltools.gnu-tools-for-stm32.12.3.rel1.win32_1.0.100.202403111256/tools/bin/../lib/gcc/arm-none-eabi/12.3.1/../../../../arm-none-eabi/lib/thumb/v7e-m+fp/hard\libc_nano.a(libc_a-findfp.o)
 .text.cleanup_stdio
                0x08006638       0x40 C:/ST/STM32CubeIDE_1.15.1/STM32CubeIDE/plugins/com.st.stm32cube.ide.mcu.externaltools.gnu-tools-for-stm32.12.3.rel1.win32_1.0.100.202403111256/tools/bin/../lib/gcc/arm-none-eabi/12.3.1/../../../../arm-none-eabi/lib/thumb/v7e-m+fp/hard\libc_nano.a(libc_a-findfp.o)
 .text.global_stdio_init.part.0
                0x08006678       0x3c C:/ST/STM32CubeIDE_1.15.1/STM32CubeIDE/plugins/com.st.stm32cube.ide.mcu.externaltools.gnu-tools-for-stm32.12.3.rel1.win32_1.0.100.202403111256/tools/bin/../lib/gcc/arm-none-eabi/12.3.1/../../../../arm-none-eabi/lib/thumb/v7e-m+fp/hard\libc_nano.a(libc_a-findfp.o)
 .text.__sfp_lock_acquire
                0x080066b4        0xc C:/ST/STM32CubeIDE_1.15.1/STM32CubeIDE/plugins/com.st.stm32cube.ide.mcu.externaltools.gnu-tools-for-stm32.12.3.rel1.win32_1.0.100.202403111256/tools/bin/../lib/gcc/arm-none-eabi/12.3.1/../../../../arm-none-eabi/lib/thumb/v7e-m+fp/hard\libc_nano.a(libc_a-findfp.o)
                0x080066b4                __sfp_lock_acquire
 .text.__sfp_lock_release
                0x080066c0        0xc C:/ST/STM32CubeIDE_1.15.1/STM32CubeIDE/plugins/com.st.stm32cube.ide.mcu.externaltools.gnu-tools-for-stm32.12.3.rel1.win32_1.0.100.202403111256/tools/bin/../lib/gcc/arm-none-eabi/12.3.1/../../../../arm-none-eabi/lib/thumb/v7e-m+fp/hard\libc_nano.a(libc_a-findfp.o)
                0x080066c0                __sfp_lock_release
 .text.__sinit  0x080066cc       0x30 C:/ST/STM32CubeIDE_1.15.1/STM32CubeIDE/plugins/com.st.stm32cube.ide.mcu.externaltools.gnu-tools-for-stm32.12.3.rel1.win32_1.0.100.202403111256/tools/bin/../lib/gcc/arm-none-eabi/12.3.1/../../../../arm-none-eabi/lib/thumb/v7e-m+fp/hard\libc_nano.a(libc_a-findfp.o)
                0x080066cc                __sinit
 .text._fwalk_sglue
                0x080066fc       0x3c C:/ST/STM32CubeIDE_1.15.1/STM32CubeIDE/plugins/com.st.stm32cube.ide.mcu.externaltools.gnu-tools-for-stm32.12.3.rel1.win32_1.0.100.202403111256/tools/bin/../lib/gcc/arm-none-eabi/12.3.1/../../../../arm-none-eabi/lib/thumb/v7e-m+fp/hard\libc_nano.a(libc_a-fwalk.o)
                0x080066fc                _fwalk_sglue
 .text.printf   0x08006738       0x24 C:/ST/STM32CubeIDE_1.15.1/STM32CubeIDE/plugins/com.st.stm32cube.ide.mcu.externaltools.gnu-tools-for-stm32.12.3.rel1.win32_1.0.100.202403111256/tools/bin/../lib/gcc/arm-none-eabi/12.3.1/../../../../arm-none-eabi/lib/thumb/v7e-m+fp/hard\libc_nano.a(libc_a-printf.o)
                0x08006738                iprintf
                0x08006738                printf
 .text._puts_r  0x0800675c       0xaa C:/ST/STM32CubeIDE_1.15.1/STM32CubeIDE/plugins/com.st.stm32cube.ide.mcu.externaltools.gnu-tools-for-stm32.12.3.rel1.win32_1.0.100.202403111256/tools/bin/../lib/gcc/arm-none-eabi/12.3.1/../../../../arm-none-eabi/lib/thumb/v7e-m+fp/hard\libc_nano.a(libc_a-puts.o)
                0x0800675c                _puts_r
 *fill*         0x08006806        0x2 
 .text.puts     0x08006808       0x10 C:/ST/STM32CubeIDE_1.15.1/STM32CubeIDE/plugins/com.st.stm32cube.ide.mcu.externaltools.gnu-tools-for-stm32.12.3.rel1.win32_1.0.100.202403111256/tools/bin/../lib/gcc/arm-none-eabi/12.3.1/../../../../arm-none-eabi/lib/thumb/v7e-m+fp/hard\libc_nano.a(libc_a-puts.o)
                0x08006808                puts
 .text.snprintf
                0x08006818       0x68 C:/ST/STM32CubeIDE_1.15.1/STM32CubeIDE/plugins/com.st.stm32cube.ide.mcu.externaltools.gnu-tools-for-stm32.12.3.rel1.win32_1.0.100.202403111256/tools/bin/../lib/gcc/arm-none-eabi/12.3.1/../../../../arm-none-eabi/lib/thumb/v7e-m+fp/hard\libc_nano.a(libc_a-snprintf.o)
                0x08006818                sniprintf
                0x08006818                snprintf
 .text.sprintf  0x08006880       0x40 C:/ST/STM32CubeIDE_1.15.1/STM32CubeIDE/plugins/com.st.stm32cube.ide.mcu.externaltools.gnu-tools-for-stm32.12.3.rel1.win32_1.0.100.202403111256/tools/bin/../lib/gcc/arm-none-eabi/12.3.1/../../../../arm-none-eabi/lib/thumb/v7e-m+fp/hard\libc_nano.a(libc_a-sprintf.o)
                0x08006880                siprintf
                0x08006880                sprintf
 .text.__sread  0x080068c0       0x22 C:/ST/STM32CubeIDE_1.15.1/STM32CubeIDE/plugins/com.st.stm32cube.ide.mcu.externaltools.gnu-tools-for-stm32.12.3.rel1.win32_1.0.100.202403111256/tools/bin/../lib/gcc/arm-none-eabi/12.3.1/../../../../arm-none-eabi/lib/thumb/v7e-m+fp/hard\libc_nano.a(libc_a-stdio.o)
                0x080068c0                __sread
 .text.__swrite
                0x080068e2       0x38 C:/ST/STM32CubeIDE_1.15.1/STM32CubeIDE/plugins/com.st.stm32cube.ide.mcu.externaltools.gnu-tools-for-stm32.12.3.rel1.win32_1.0.100.202403111256/tools/bin/../lib/gcc/arm-none-eabi/12.3.1/../../../../arm-none-eabi/lib/thumb/v7e-m+fp/hard\libc_nano.a(libc_a-stdio.o)
                0x080068e2                __swrite
 .text.__sseek  0x0800691a       0x24 C:/ST/STM32CubeIDE_1.15.1/STM32CubeIDE/plugins/com.st.stm32cube.ide.mcu.externaltools.gnu-tools-for-stm32.12.3.rel1.win32_1.0.100.202403111256/tools/bin/../lib/gcc/arm-none-eabi/12.3.1/../../../../arm-none-eabi/lib/thumb/v7e-m+fp/hard\libc_nano.a(libc_a-stdio.o)
                0x0800691a                __sseek
 .text.__sclose
                0x0800693e        0x8 C:/ST/STM32CubeIDE_1.15.1/STM32CubeIDE/plugins/com.st.stm32cube.ide.mcu.externaltools.gnu-tools-for-stm32.12.3.rel1.win32_1.0.100.202403111256/tools/bin/../lib/gcc/arm-none-eabi/12.3.1/../../../../arm-none-eabi/lib/thumb/v7e-m+fp/hard\libc_nano.a(libc_a-stdio.o)
                0x0800693e                __sclose
 .text.__swbuf_r
                0x08006946       0x7c C:/ST/STM32CubeIDE_1.15.1/STM32CubeIDE/plugins/com.st.stm32cube.ide.mcu.externaltools.gnu-tools-for-stm32.12.3.rel1.win32_1.0.100.202403111256/tools/bin/../lib/gcc/arm-none-eabi/12.3.1/../../../../arm-none-eabi/lib/thumb/v7e-m+fp/hard\libc_nano.a(libc_a-wbuf.o)
                0x08006946                __swbuf_r
 *fill*         0x080069c2        0x2 
 .text.__swsetup_r
                0x080069c4       0xac C:/ST/STM32CubeIDE_1.15.1/STM32CubeIDE/plugins/com.st.stm32cube.ide.mcu.externaltools.gnu-tools-for-stm32.12.3.rel1.win32_1.0.100.202403111256/tools/bin/../lib/gcc/arm-none-eabi/12.3.1/../../../../arm-none-eabi/lib/thumb/v7e-m+fp/hard\libc_nano.a(libc_a-wsetup.o)
                0x080069c4                __swsetup_r
 .text.memset   0x08006a70       0x10 C:/ST/STM32CubeIDE_1.15.1/STM32CubeIDE/plugins/com.st.stm32cube.ide.mcu.externaltools.gnu-tools-for-stm32.12.3.rel1.win32_1.0.100.202403111256/tools/bin/../lib/gcc/arm-none-eabi/12.3.1/../../../../arm-none-eabi/lib/thumb/v7e-m+fp/hard\libc_nano.a(libc_a-memset.o)
                0x08006a70                memset
 .text.strncmp  0x08006a80       0x24 C:/ST/STM32CubeIDE_1.15.1/STM32CubeIDE/plugins/com.st.stm32cube.ide.mcu.externaltools.gnu-tools-for-stm32.12.3.rel1.win32_1.0.100.202403111256/tools/bin/../lib/gcc/arm-none-eabi/12.3.1/../../../../arm-none-eabi/lib/thumb/v7e-m+fp/hard\libc_nano.a(libc_a-strncmp.o)
                0x08006a80                strncmp
 .text._close_r
                0x08006aa4       0x20 C:/ST/STM32CubeIDE_1.15.1/STM32CubeIDE/plugins/com.st.stm32cube.ide.mcu.externaltools.gnu-tools-for-stm32.12.3.rel1.win32_1.0.100.202403111256/tools/bin/../lib/gcc/arm-none-eabi/12.3.1/../../../../arm-none-eabi/lib/thumb/v7e-m+fp/hard\libc_nano.a(libc_a-closer.o)
                0x08006aa4                _close_r
 .text._lseek_r
                0x08006ac4       0x24 C:/ST/STM32CubeIDE_1.15.1/STM32CubeIDE/plugins/com.st.stm32cube.ide.mcu.externaltools.gnu-tools-for-stm32.12.3.rel1.win32_1.0.100.202403111256/tools/bin/../lib/gcc/arm-none-eabi/12.3.1/../../../../arm-none-eabi/lib/thumb/v7e-m+fp/hard\libc_nano.a(libc_a-lseekr.o)
                0x08006ac4                _lseek_r
 .text._read_r  0x08006ae8       0x24 C:/ST/STM32CubeIDE_1.15.1/STM32CubeIDE/plugins/com.st.stm32cube.ide.mcu.externaltools.gnu-tools-for-stm32.12.3.rel1.win32_1.0.100.202403111256/tools/bin/../lib/gcc/arm-none-eabi/12.3.1/../../../../arm-none-eabi/lib/thumb/v7e-m+fp/hard\libc_nano.a(libc_a-readr.o)
                0x08006ae8                _read_r
 .text._sbrk_r  0x08006b0c       0x20 C:/ST/STM32CubeIDE_1.15.1/STM32CubeIDE/plugins/com.st.stm32cube.ide.mcu.externaltools.gnu-tools-for-stm32.12.3.rel1.win32_1.0.100.202403111256/tools/bin/../lib/gcc/arm-none-eabi/12.3.1/../../../../arm-none-eabi/lib/thumb/v7e-m+fp/hard\libc_nano.a(libc_a-sbrkr.o)
                0x08006b0c                _sbrk_r
 .text._write_r
                0x08006b2c       0x24 C:/ST/STM32CubeIDE_1.15.1/STM32CubeIDE/plugins/com.st.stm32cube.ide.mcu.externaltools.gnu-tools-for-stm32.12.3.rel1.win32_1.0.100.202403111256/tools/bin/../lib/gcc/arm-none-eabi/12.3.1/../../../../arm-none-eabi/lib/thumb/v7e-m+fp/hard\libc_nano.a(libc_a-writer.o)
                0x08006b2c                _write_r
 .text.__errno  0x08006b50        0xc C:/ST/STM32CubeIDE_1.15.1/STM32CubeIDE/plugins/com.st.stm32cube.ide.mcu.externaltools.gnu-tools-for-stm32.12.3.rel1.win32_1.0.100.202403111256/tools/bin/../lib/gcc/arm-none-eabi/12.3.1/../../../../arm-none-eabi/lib/thumb/v7e-m+fp/hard\libc_nano.a(libc_a-errno.o)
                0x08006b50                __errno
 .text.__libc_init_array
                0x08006b5c       0x48 C:/ST/STM32CubeIDE_1.15.1/STM32CubeIDE/plugins/com.st.stm32cube.ide.mcu.externaltools.gnu-tools-for-stm32.12.3.rel1.win32_1.0.100.202403111256/tools/bin/../lib/gcc/arm-none-eabi/12.3.1/../../../../arm-none-eabi/lib/thumb/v7e-m+fp/hard\libc_nano.a(libc_a-init.o)
                0x08006b5c                __libc_init_array
 .text.__retarget_lock_init_recursive
                0x08006ba4        0x2 C:/ST/STM32CubeIDE_1.15.1/STM32CubeIDE/plugins/com.st.stm32cube.ide.mcu.externaltools.gnu-tools-for-stm32.12.3.rel1.win32_1.0.100.202403111256/tools/bin/../lib/gcc/arm-none-eabi/12.3.1/../../../../arm-none-eabi/lib/thumb/v7e-m+fp/hard\libc_nano.a(libc_a-lock.o)
                0x08006ba4                __retarget_lock_init_recursive
 .text.__retarget_lock_acquire_recursive
                0x08006ba6        0x2 C:/ST/STM32CubeIDE_1.15.1/STM32CubeIDE/plugins/com.st.stm32cube.ide.mcu.externaltools.gnu-tools-for-stm32.12.3.rel1.win32_1.0.100.202403111256/tools/bin/../lib/gcc/arm-none-eabi/12.3.1/../../../../arm-none-eabi/lib/thumb/v7e-m+fp/hard\libc_nano.a(libc_a-lock.o)
                0x08006ba6                __retarget_lock_acquire_recursive
 .text.__retarget_lock_release_recursive
                0x08006ba8        0x2 C:/ST/STM32CubeIDE_1.15.1/STM32CubeIDE/plugins/com.st.stm32cube.ide.mcu.externaltools.gnu-tools-for-stm32.12.3.rel1.win32_1.0.100.202403111256/tools/bin/../lib/gcc/arm-none-eabi/12.3.1/../../../../arm-none-eabi/lib/thumb/v7e-m+fp/hard\libc_nano.a(libc_a-lock.o)
                0x08006ba8                __retarget_lock_release_recursive
 .text.memcpy   0x08006baa       0x1c C:/ST/STM32CubeIDE_1.15.1/STM32CubeIDE/plugins/com.st.stm32cube.ide.mcu.externaltools.gnu-tools-for-stm32.12.3.rel1.win32_1.0.100.202403111256/tools/bin/../lib/gcc/arm-none-eabi/12.3.1/../../../../arm-none-eabi/lib/thumb/v7e-m+fp/hard\libc_nano.a(libc_a-memcpy-stub.o)
                0x08006baa                memcpy
 *fill*         0x08006bc6        0x2 
 .text._free_r  0x08006bc8       0x94 C:/ST/STM32CubeIDE_1.15.1/STM32CubeIDE/plugins/com.st.stm32cube.ide.mcu.externaltools.gnu-tools-for-stm32.12.3.rel1.win32_1.0.100.202403111256/tools/bin/../lib/gcc/arm-none-eabi/12.3.1/../../../../arm-none-eabi/lib/thumb/v7e-m+fp/hard\libc_nano.a(libc_a-freer.o)
                0x08006bc8                _free_r
 .text.__ssputs_r
                0x08006c5c       0xb6 C:/ST/STM32CubeIDE_1.15.1/STM32CubeIDE/plugins/com.st.stm32cube.ide.mcu.externaltools.gnu-tools-for-stm32.12.3.rel1.win32_1.0.100.202403111256/tools/bin/../lib/gcc/arm-none-eabi/12.3.1/../../../../arm-none-eabi/lib/thumb/v7e-m+fp/hard\libc_nano.a(libc_a-nano-svfprintf.o)
                0x08006c5c                __ssputs_r
 *fill*         0x08006d12        0x2 
 .text._svfprintf_r
                0x08006d14      0x1f8 C:/ST/STM32CubeIDE_1.15.1/STM32CubeIDE/plugins/com.st.stm32cube.ide.mcu.externaltools.gnu-tools-for-stm32.12.3.rel1.win32_1.0.100.202403111256/tools/bin/../lib/gcc/arm-none-eabi/12.3.1/../../../../arm-none-eabi/lib/thumb/v7e-m+fp/hard\libc_nano.a(libc_a-nano-svfprintf.o)
                0x08006d14                _svfiprintf_r
                0x08006d14                _svfprintf_r
 .text.__sfputc_r
                0x08006f0c       0x2e C:/ST/STM32CubeIDE_1.15.1/STM32CubeIDE/plugins/com.st.stm32cube.ide.mcu.externaltools.gnu-tools-for-stm32.12.3.rel1.win32_1.0.100.202403111256/tools/bin/../lib/gcc/arm-none-eabi/12.3.1/../../../../arm-none-eabi/lib/thumb/v7e-m+fp/hard\libc_nano.a(libc_a-nano-vfprintf.o)
 .text.__sfputs_r
                0x08006f3a       0x24 C:/ST/STM32CubeIDE_1.15.1/STM32CubeIDE/plugins/com.st.stm32cube.ide.mcu.externaltools.gnu-tools-for-stm32.12.3.rel1.win32_1.0.100.202403111256/tools/bin/../lib/gcc/arm-none-eabi/12.3.1/../../../../arm-none-eabi/lib/thumb/v7e-m+fp/hard\libc_nano.a(libc_a-nano-vfprintf.o)
                0x08006f3a                __sfputs_r
 *fill*         0x08006f5e        0x2 
 .text._vfprintf_r
                0x08006f60      0x230 C:/ST/STM32CubeIDE_1.15.1/STM32CubeIDE/plugins/com.st.stm32cube.ide.mcu.externaltools.gnu-tools-for-stm32.12.3.rel1.win32_1.0.100.202403111256/tools/bin/../lib/gcc/arm-none-eabi/12.3.1/../../../../arm-none-eabi/lib/thumb/v7e-m+fp/hard\libc_nano.a(libc_a-nano-vfprintf.o)
                0x08006f60                _vfprintf_r
                0x08006f60                _vfiprintf_r
 .text._printf_common
                0x08007190       0xda C:/ST/STM32CubeIDE_1.15.1/STM32CubeIDE/plugins/com.st.stm32cube.ide.mcu.externaltools.gnu-tools-for-stm32.12.3.rel1.win32_1.0.100.202403111256/tools/bin/../lib/gcc/arm-none-eabi/12.3.1/../../../../arm-none-eabi/lib/thumb/v7e-m+fp/hard\libc_nano.a(libc_a-nano-vfprintf_i.o)
                0x08007190                _printf_common
 *fill*         0x0800726a        0x2 
 .text._printf_i
                0x0800726c      0x240 C:/ST/STM32CubeIDE_1.15.1/STM32CubeIDE/plugins/com.st.stm32cube.ide.mcu.externaltools.gnu-tools-for-stm32.12.3.rel1.win32_1.0.100.202403111256/tools/bin/../lib/gcc/arm-none-eabi/12.3.1/../../../../arm-none-eabi/lib/thumb/v7e-m+fp/hard\libc_nano.a(libc_a-nano-vfprintf_i.o)
                0x0800726c                _printf_i
 .text.__sflush_r
                0x080074ac      0x108 C:/ST/STM32CubeIDE_1.15.1/STM32CubeIDE/plugins/com.st.stm32cube.ide.mcu.externaltools.gnu-tools-for-stm32.12.3.rel1.win32_1.0.100.202403111256/tools/bin/../lib/gcc/arm-none-eabi/12.3.1/../../../../arm-none-eabi/lib/thumb/v7e-m+fp/hard\libc_nano.a(libc_a-fflush.o)
                0x080074ac                __sflush_r
 .text._fflush_r
                0x080075b4       0x50 C:/ST/STM32CubeIDE_1.15.1/STM32CubeIDE/plugins/com.st.stm32cube.ide.mcu.externaltools.gnu-tools-for-stm32.12.3.rel1.win32_1.0.100.202403111256/tools/bin/../lib/gcc/arm-none-eabi/12.3.1/../../../../arm-none-eabi/lib/thumb/v7e-m+fp/hard\libc_nano.a(libc_a-fflush.o)
                0x080075b4                _fflush_r
 .text.__swhatbuf_r
                0x08007604       0x4c C:/ST/STM32CubeIDE_1.15.1/STM32CubeIDE/plugins/com.st.stm32cube.ide.mcu.externaltools.gnu-tools-for-stm32.12.3.rel1.win32_1.0.100.202403111256/tools/bin/../lib/gcc/arm-none-eabi/12.3.1/../../../../arm-none-eabi/lib/thumb/v7e-m+fp/hard\libc_nano.a(libc_a-makebuf.o)
                0x08007604                __swhatbuf_r
 .text.__smakebuf_r
                0x08007650       0x78 C:/ST/STM32CubeIDE_1.15.1/STM32CubeIDE/plugins/com.st.stm32cube.ide.mcu.externaltools.gnu-tools-for-stm32.12.3.rel1.win32_1.0.100.202403111256/tools/bin/../lib/gcc/arm-none-eabi/12.3.1/../../../../arm-none-eabi/lib/thumb/v7e-m+fp/hard\libc_nano.a(libc_a-makebuf.o)
                0x08007650                __smakebuf_r
 .text.memmove  0x080076c8       0x34 C:/ST/STM32CubeIDE_1.15.1/STM32CubeIDE/plugins/com.st.stm32cube.ide.mcu.externaltools.gnu-tools-for-stm32.12.3.rel1.win32_1.0.100.202403111256/tools/bin/../lib/gcc/arm-none-eabi/12.3.1/../../../../arm-none-eabi/lib/thumb/v7e-m+fp/hard\libc_nano.a(libc_a-memmove.o)
                0x080076c8                memmove
 .text._fstat_r
                0x080076fc       0x24 C:/ST/STM32CubeIDE_1.15.1/STM32CubeIDE/plugins/com.st.stm32cube.ide.mcu.externaltools.gnu-tools-for-stm32.12.3.rel1.win32_1.0.100.202403111256/tools/bin/../lib/gcc/arm-none-eabi/12.3.1/../../../../arm-none-eabi/lib/thumb/v7e-m+fp/hard\libc_nano.a(libc_a-fstatr.o)
                0x080076fc                _fstat_r
 .text._isatty_r
                0x08007720       0x20 C:/ST/STM32CubeIDE_1.15.1/STM32CubeIDE/plugins/com.st.stm32cube.ide.mcu.externaltools.gnu-tools-for-stm32.12.3.rel1.win32_1.0.100.202403111256/tools/bin/../lib/gcc/arm-none-eabi/12.3.1/../../../../arm-none-eabi/lib/thumb/v7e-m+fp/hard\libc_nano.a(libc_a-isattyr.o)
                0x08007720                _isatty_r
 .text._realloc_r
                0x08007740       0x5c C:/ST/STM32CubeIDE_1.15.1/STM32CubeIDE/plugins/com.st.stm32cube.ide.mcu.externaltools.gnu-tools-for-stm32.12.3.rel1.win32_1.0.100.202403111256/tools/bin/../lib/gcc/arm-none-eabi/12.3.1/../../../../arm-none-eabi/lib/thumb/v7e-m+fp/hard\libc_nano.a(libc_a-reallocr.o)
                0x08007740                _realloc_r
 .text._malloc_usable_size_r
                0x0800779c       0x10 C:/ST/STM32CubeIDE_1.15.1/STM32CubeIDE/plugins/com.st.stm32cube.ide.mcu.externaltools.gnu-tools-for-stm32.12.3.rel1.win32_1.0.100.202403111256/tools/bin/../lib/gcc/arm-none-eabi/12.3.1/../../../../arm-none-eabi/lib/thumb/v7e-m+fp/hard\libc_nano.a(libc_a-msizer.o)
                0x0800779c                _malloc_usable_size_r
 *(.glue_7)
 .glue_7        0x080077ac        0x0 linker stubs
 *(.glue_7t)
 .glue_7t       0x080077ac        0x0 linker stubs
 *(.eh_frame)
 .eh_frame      0x080077ac        0x0 C:/ST/STM32CubeIDE_1.15.1/STM32CubeIDE/plugins/com.st.stm32cube.ide.mcu.externaltools.gnu-tools-for-stm32.12.3.rel1.win32_1.0.100.202403111256/tools/bin/../lib/gcc/arm-none-eabi/12.3.1/thumb/v7e-m+fp/hard/crtbegin.o
 *(.init)
 .init          0x080077ac        0x4 C:/ST/STM32CubeIDE_1.15.1/STM32CubeIDE/plugins/com.st.stm32cube.ide.mcu.externaltools.gnu-tools-for-stm32.12.3.rel1.win32_1.0.100.202403111256/tools/bin/../lib/gcc/arm-none-eabi/12.3.1/thumb/v7e-m+fp/hard/crti.o
                0x080077ac                _init
 .init          0x080077b0        0x8 C:/ST/STM32CubeIDE_1.15.1/STM32CubeIDE/plugins/com.st.stm32cube.ide.mcu.externaltools.gnu-tools-for-stm32.12.3.rel1.win32_1.0.100.202403111256/tools/bin/../lib/gcc/arm-none-eabi/12.3.1/thumb/v7e-m+fp/hard/crtn.o
 *(.fini)
 .fini          0x080077b8        0x4 C:/ST/STM32CubeIDE_1.15.1/STM32CubeIDE/plugins/com.st.stm32cube.ide.mcu.externaltools.gnu-tools-for-stm32.12.3.rel1.win32_1.0.100.202403111256/tools/bin/../lib/gcc/arm-none-eabi/12.3.1/thumb/v7e-m+fp/hard/crti.o
                0x080077b8                _fini
 .fini          0x080077bc        0x8 C:/ST/STM32CubeIDE_1.15.1/STM32CubeIDE/plugins/com.st.stm32cube.ide.mcu.externaltools.gnu-tools-for-stm32.12.3.rel1.win32_1.0.100.202403111256/tools/bin/../lib/gcc/arm-none-eabi/12.3.1/thumb/v7e-m+fp/hard/crtn.o
                0x080077c4                        . = ALIGN (0x4)
                0x080077c4                        _etext = .

.vfp11_veneer   0x080077c4        0x0
 .vfp11_veneer  0x080077c4        0x0 linker stubs

.v4_bx          0x080077c4        0x0
 .v4_bx         0x080077c4        0x0 linker stubs

.iplt           0x080077c4        0x0
 .iplt          0x080077c4        0x0 C:/ST/STM32CubeIDE_1.15.1/STM32CubeIDE/plugins/com.st.stm32cube.ide.mcu.externaltools.gnu-tools-for-stm32.12.3.rel1.win32_1.0.100.202403111256/tools/bin/../lib/gcc/arm-none-eabi/12.3.1/thumb/v7e-m+fp/hard/crtbegin.o

.rodata         0x080077c4      0x380
                0x080077c4                        . = ALIGN (0x4)
 *(.rodata)
 .rodata        0x080077c4       0x58 ./Src/MQTTC/MQTTClient.o
 .rodata        0x0800781c        0xf ./Src/MQTTC/MQTTConnectClient.o
 *fill*         0x0800782b        0x1 
 .rodata        0x0800782c      0x239 ./Src/main.o
 *fill*         0x08007a65        0x3 
 .rodata        0x08007a68       0x94 ./Src/w5500_driver.o
 .rodata        0x08007afc       0x12 ./Wiznet_W5500/dhcp.o
 *(.rodata*)
 .rodata._svfprintf_r.str1.1
                0x08007b0e       0x11 C:/ST/STM32CubeIDE_1.15.1/STM32CubeIDE/plugins/com.st.stm32cube.ide.mcu.externaltools.gnu-tools-for-stm32.12.3.rel1.win32_1.0.100.202403111256/tools/bin/../lib/gcc/arm-none-eabi/12.3.1/../../../../arm-none-eabi/lib/thumb/v7e-m+fp/hard\libc_nano.a(libc_a-nano-svfprintf.o)
 .rodata._vfprintf_r.str1.1
                0x08007b1f       0x11 C:/ST/STM32CubeIDE_1.15.1/STM32CubeIDE/plugins/com.st.stm32cube.ide.mcu.externaltools.gnu-tools-for-stm32.12.3.rel1.win32_1.0.100.202403111256/tools/bin/../lib/gcc/arm-none-eabi/12.3.1/../../../../arm-none-eabi/lib/thumb/v7e-m+fp/hard\libc_nano.a(libc_a-nano-vfprintf.o)
 .rodata._printf_i.str1.1
                0x08007b1f       0x22 C:/ST/STM32CubeIDE_1.15.1/STM32CubeIDE/plugins/com.st.stm32cube.ide.mcu.externaltools.gnu-tools-for-stm32.12.3.rel1.win32_1.0.100.202403111256/tools/bin/../lib/gcc/arm-none-eabi/12.3.1/../../../../arm-none-eabi/lib/thumb/v7e-m+fp/hard\libc_nano.a(libc_a-nano-vfprintf_i.o)
                0x08007b44                        . = ALIGN (0x4)
 *fill*         0x08007b41        0x3 

.ARM.extab      0x08007b44        0x0
                0x08007b44                        . = ALIGN (0x4)
 *(.ARM.extab* .gnu.linkonce.armextab.*)
                0x08007b44                        . = ALIGN (0x4)

.ARM            0x08007b44        0x8
                0x08007b44                        . = ALIGN (0x4)
                0x08007b44                        __exidx_start = .
 *(.ARM.exidx*)
 .ARM.exidx     0x08007b44        0x8 C:/ST/STM32CubeIDE_1.15.1/STM32CubeIDE/plugins/com.st.stm32cube.ide.mcu.externaltools.gnu-tools-for-stm32.12.3.rel1.win32_1.0.100.202403111256/tools/bin/../lib/gcc/arm-none-eabi/12.3.1/../../../../arm-none-eabi/lib/thumb/v7e-m+fp/hard\libc_nano.a(libc_a-strlen.o)
 .ARM.exidx     0x08007b4c        0x0 C:/ST/STM32CubeIDE_1.15.1/STM32CubeIDE/plugins/com.st.stm32cube.ide.mcu.externaltools.gnu-tools-for-stm32.12.3.rel1.win32_1.0.100.202403111256/tools/bin/../lib/gcc/arm-none-eabi/12.3.1/../../../../arm-none-eabi/lib/thumb/v7e-m+fp/hard\libc_nano.a(libc_a-memchr.o)
                                  0x8 (size before relaxing)
                0x08007b4c                        __exidx_end = .
                0x08007b4c                        . = ALIGN (0x4)

.rel.dyn        0x08007b4c        0x0
 .rel.iplt      0x08007b4c        0x0 C:/ST/STM32CubeIDE_1.15.1/STM32CubeIDE/plugins/com.st.stm32cube.ide.mcu.externaltools.gnu-tools-for-stm32.12.3.rel1.win32_1.0.100.202403111256/tools/bin/../lib/gcc/arm-none-eabi/12.3.1/thumb/v7e-m+fp/hard/crtbegin.o

.preinit_array  0x08007b4c        0x0
                0x08007b4c                        . = ALIGN (0x4)
                0x08007b4c                        PROVIDE (__preinit_array_start = .)
 *(.preinit_array*)
                0x08007b4c                        PROVIDE (__preinit_array_end = .)
                0x08007b4c                        . = ALIGN (0x4)

.init_array     0x08007b4c        0x4
                0x08007b4c                        . = ALIGN (0x4)
                0x08007b4c                        PROVIDE (__init_array_start = .)
 *(SORT_BY_NAME(.init_array.*))
 *(.init_array*)
 .init_array    0x08007b4c        0x4 C:/ST/STM32CubeIDE_1.15.1/STM32CubeIDE/plugins/com.st.stm32cube.ide.mcu.externaltools.gnu-tools-for-stm32.12.3.rel1.win32_1.0.100.202403111256/tools/bin/../lib/gcc/arm-none-eabi/12.3.1/thumb/v7e-m+fp/hard/crtbegin.o
                0x08007b50                        PROVIDE (__init_array_end = .)
                0x08007b50                        . = ALIGN (0x4)

.fini_array     0x08007b50        0x4
                0x08007b50                        . = ALIGN (0x4)
                [!provide]                        PROVIDE (__fini_array_start = .)
 *(SORT_BY_NAME(.fini_array.*))
 *(.fini_array*)
 .fini_array    0x08007b50        0x4 C:/ST/STM32CubeIDE_1.15.1/STM32CubeIDE/plugins/com.st.stm32cube.ide.mcu.externaltools.gnu-tools-for-stm32.12.3.rel1.win32_1.0.100.202403111256/tools/bin/../lib/gcc/arm-none-eabi/12.3.1/thumb/v7e-m+fp/hard/crtbegin.o
                [!provide]                        PROVIDE (__fini_array_end = .)
                0x08007b54                        . = ALIGN (0x4)
                0x08007b54                        _sidata = LOADADDR (.data)

.data           0x20000000      0x120 load address 0x08007b54
                0x20000000                        . = ALIGN (0x4)
                0x20000000                        _sdata = .
 *(.data)
 *(.data*)
 .data.connect_data
                0x20000000       0x58 ./Src/main.o
                0x20000000                connect_data
 .data.broker_ip
                0x20000058        0x4 ./Src/main.o
                0x20000058                broker_ip
 .data.broker_port
                0x2000005c        0x2 ./Src/main.o
                0x2000005c                broker_port
 *fill*         0x2000005e        0x2 
 .data.net_info
                0x20000060       0x17 ./Src/w5500_driver.o
                0x20000060                net_info
 *fill*         0x20000077        0x1 
 .data.dhcp_lease_time
                0x20000078        0x4 ./Wiznet_W5500/dhcp.o
                0x20000078                dhcp_lease_time
 .data.dhcp_tick_next
                0x2000007c        0x4 ./Wiznet_W5500/dhcp.o
                0x2000007c                dhcp_tick_next
 .data.HOST_NAME
                0x20000080        0x8 ./Wiznet_W5500/dhcp.o
                0x20000080                HOST_NAME
 .data.dhcp_ip_assign
                0x20000088        0x4 ./Wiznet_W5500/dhcp.o
                0x20000088                dhcp_ip_assign
 .data.dhcp_ip_update
                0x2000008c        0x4 ./Wiznet_W5500/dhcp.o
                0x2000008c                dhcp_ip_update
 .data.dhcp_ip_conflict
                0x20000090        0x4 ./Wiznet_W5500/dhcp.o
                0x20000090                dhcp_ip_conflict
 .data.sock_any_port
                0x20000094        0x2 ./Wiznet_W5500/socket.o
 *fill*         0x20000096        0x2 
 .data.WIZCHIP  0x20000098       0x2c ./Wiznet_W5500/wizchip_conf.o
                0x20000098                WIZCHIP
 .data.__sglue  0x200000c4        0xc C:/ST/STM32CubeIDE_1.15.1/STM32CubeIDE/plugins/com.st.stm32cube.ide.mcu.externaltools.gnu-tools-for-stm32.12.3.rel1.win32_1.0.100.202403111256/tools/bin/../lib/gcc/arm-none-eabi/12.3.1/../../../../arm-none-eabi/lib/thumb/v7e-m+fp/hard\libc_nano.a(libc_a-findfp.o)
                0x200000c4                __sglue
 .data._impure_ptr
                0x200000d0        0x4 C:/ST/STM32CubeIDE_1.15.1/STM32CubeIDE/plugins/com.st.stm32cube.ide.mcu.externaltools.gnu-tools-for-stm32.12.3.rel1.win32_1.0.100.202403111256/tools/bin/../lib/gcc/arm-none-eabi/12.3.1/../../../../arm-none-eabi/lib/thumb/v7e-m+fp/hard\libc_nano.a(libc_a-impure.o)
                0x200000d0                _impure_ptr
 .data._impure_data
                0x200000d4       0x4c C:/ST/STM32CubeIDE_1.15.1/STM32CubeIDE/plugins/com.st.stm32cube.ide.mcu.externaltools.gnu-tools-for-stm32.12.3.rel1.win32_1.0.100.202403111256/tools/bin/../lib/gcc/arm-none-eabi/12.3.1/../../../../arm-none-eabi/lib/thumb/v7e-m+fp/hard\libc_nano.a(libc_a-impure.o)
                0x200000d4                _impure_data
 *(.RamFunc)
 *(.RamFunc*)
                0x20000120                        . = ALIGN (0x4)
                0x20000120                        _edata = .

.igot.plt       0x20000120        0x0 load address 0x08007c74
 .igot.plt      0x20000120        0x0 C:/ST/STM32CubeIDE_1.15.1/STM32CubeIDE/plugins/com.st.stm32cube.ide.mcu.externaltools.gnu-tools-for-stm32.12.3.rel1.win32_1.0.100.202403111256/tools/bin/../lib/gcc/arm-none-eabi/12.3.1/thumb/v7e-m+fp/hard/crtbegin.o
                0x20000120                        . = ALIGN (0x4)

.bss            0x20000120      0x854 load address 0x08007c74
                0x20000120                        _sbss = .
                0x20000120                        __bss_start__ = _sbss
 *(.bss)
 .bss           0x20000120       0x1c C:/ST/STM32CubeIDE_1.15.1/STM32CubeIDE/plugins/com.st.stm32cube.ide.mcu.externaltools.gnu-tools-for-stm32.12.3.rel1.win32_1.0.100.202403111256/tools/bin/../lib/gcc/arm-none-eabi/12.3.1/thumb/v7e-m+fp/hard/crtbegin.o
 *(.bss*)
 .bss.bufptr    0x2000013c        0x4 ./Src/MQTTC/MQTTPacket.o
 .bss.MilliTimer
                0x20000140        0x4 ./Src/MQTTC/mqtt_interface.o
                0x20000140                MilliTimer
 .bss.mqtt_client
                0x20000144       0x68 ./Src/main.o
                0x20000144                mqtt_client
 .bss.network   0x200001ac       0x10 ./Src/main.o
                0x200001ac                network
 .bss.mqtt_msg  0x200001bc       0x10 ./Src/main.o
                0x200001bc                mqtt_msg
 .bss.tx_buffer
                0x200001cc       0x80 ./Src/main.o
                0x200001cc                tx_buffer
 .bss.rx_buffer
                0x2000024c       0x80 ./Src/main.o
                0x2000024c                rx_buffer
 .bss.current_phy_conf
                0x200002cc        0x4 ./Src/main.o
                0x200002cc                current_phy_conf
 .bss.__sbrk_heap_end
                0x200002d0        0x4 ./Src/sysmem.o
 .bss.g_curr_tick
                0x200002d4        0x4 ./Src/timebase.o
                0x200002d4                g_curr_tick
 .bss.g_curr_tick_p
                0x200002d8        0x4 ./Src/timebase.o
                0x200002d8                g_curr_tick_p
 .bss.hspi1     0x200002dc       0x44 ./Src/w5500_driver.o
                0x200002dc                hspi1
 .bss.temp_buffer
                0x20000320       0xaa ./Src/w5500_driver.o
                0x20000320                temp_buffer
 *fill*         0x200003ca        0x2 
 .bss.dhcp_buffer
                0x200003cc      0x400 ./Src/w5500_driver.o
                0x200003cc                dhcp_buffer
 .bss.is_ip_assigned
                0x200007cc        0x1 ./Src/w5500_driver.o
                0x200007cc                is_ip_assigned
 .bss.DHCP_SOCKET
                0x200007cd        0x1 ./Wiznet_W5500/dhcp.o
                0x200007cd                DHCP_SOCKET
 *fill*         0x200007ce        0x2 
 .bss.DHCP_SIP  0x200007d0        0x4 ./Wiznet_W5500/dhcp.o
                0x200007d0                DHCP_SIP
 .bss.DHCP_REAL_SIP
                0x200007d4        0x4 ./Wiznet_W5500/dhcp.o
                0x200007d4                DHCP_REAL_SIP
 .bss.OLD_allocated_ip
                0x200007d8        0x4 ./Wiznet_W5500/dhcp.o
                0x200007d8                OLD_allocated_ip
 .bss.DHCP_allocated_ip
                0x200007dc        0x4 ./Wiznet_W5500/dhcp.o
                0x200007dc                DHCP_allocated_ip
 .bss.DHCP_allocated_gw
                0x200007e0        0x4 ./Wiznet_W5500/dhcp.o
                0x200007e0                DHCP_allocated_gw
 .bss.DHCP_allocated_sn
                0x200007e4        0x4 ./Wiznet_W5500/dhcp.o
                0x200007e4                DHCP_allocated_sn
 .bss.DHCP_allocated_dns
                0x200007e8        0x4 ./Wiznet_W5500/dhcp.o
                0x200007e8                DHCP_allocated_dns
 .bss.dhcp_state
                0x200007ec        0x1 ./Wiznet_W5500/dhcp.o
                0x200007ec                dhcp_state
 .bss.dhcp_retry_count
                0x200007ed        0x1 ./Wiznet_W5500/dhcp.o
                0x200007ed                dhcp_retry_count
 *fill*         0x200007ee        0x2 
 .bss.dhcp_tick_1s
                0x200007f0        0x4 ./Wiznet_W5500/dhcp.o
                0x200007f0                dhcp_tick_1s
 .bss.DHCP_XID  0x200007f4        0x4 ./Wiznet_W5500/dhcp.o
                0x200007f4                DHCP_XID
 .bss.pDHCPMSG  0x200007f8        0x4 ./Wiznet_W5500/dhcp.o
                0x200007f8                pDHCPMSG
 .bss.DHCP_CHADDR
                0x200007fc        0x6 ./Wiznet_W5500/dhcp.o
                0x200007fc                DHCP_CHADDR
 .bss.sock_io_mode
                0x20000802        0x2 ./Wiznet_W5500/socket.o
 .bss.sock_is_sending
                0x20000804        0x2 ./Wiznet_W5500/socket.o
 *fill*         0x20000806        0x2 
 .bss.sock_remained_size
                0x20000808       0x10 ./Wiznet_W5500/socket.o
 .bss.sock_pack_info
                0x20000818        0x8 ./Wiznet_W5500/socket.o
                0x20000818                sock_pack_info
 .bss._DNS_     0x20000820        0x4 ./Wiznet_W5500/wizchip_conf.o
 .bss._DHCP_    0x20000824        0x1 ./Wiznet_W5500/wizchip_conf.o
 *fill*         0x20000825        0x3 
 .bss.__malloc_sbrk_start
                0x20000828        0x4 C:/ST/STM32CubeIDE_1.15.1/STM32CubeIDE/plugins/com.st.stm32cube.ide.mcu.externaltools.gnu-tools-for-stm32.12.3.rel1.win32_1.0.100.202403111256/tools/bin/../lib/gcc/arm-none-eabi/12.3.1/../../../../arm-none-eabi/lib/thumb/v7e-m+fp/hard\libc_nano.a(libc_a-mallocr.o)
                0x20000828                __malloc_sbrk_start
 .bss.__malloc_free_list
                0x2000082c        0x4 C:/ST/STM32CubeIDE_1.15.1/STM32CubeIDE/plugins/com.st.stm32cube.ide.mcu.externaltools.gnu-tools-for-stm32.12.3.rel1.win32_1.0.100.202403111256/tools/bin/../lib/gcc/arm-none-eabi/12.3.1/../../../../arm-none-eabi/lib/thumb/v7e-m+fp/hard\libc_nano.a(libc_a-mallocr.o)
                0x2000082c                __malloc_free_list
 .bss.__sf      0x20000830      0x138 C:/ST/STM32CubeIDE_1.15.1/STM32CubeIDE/plugins/com.st.stm32cube.ide.mcu.externaltools.gnu-tools-for-stm32.12.3.rel1.win32_1.0.100.202403111256/tools/bin/../lib/gcc/arm-none-eabi/12.3.1/../../../../arm-none-eabi/lib/thumb/v7e-m+fp/hard\libc_nano.a(libc_a-findfp.o)
                0x20000830                __sf
 .bss.__stdio_exit_handler
                0x20000968        0x4 C:/ST/STM32CubeIDE_1.15.1/STM32CubeIDE/plugins/com.st.stm32cube.ide.mcu.externaltools.gnu-tools-for-stm32.12.3.rel1.win32_1.0.100.202403111256/tools/bin/../lib/gcc/arm-none-eabi/12.3.1/../../../../arm-none-eabi/lib/thumb/v7e-m+fp/hard\libc_nano.a(libc_a-findfp.o)
                0x20000968                __stdio_exit_handler
 .bss.errno     0x2000096c        0x4 C:/ST/STM32CubeIDE_1.15.1/STM32CubeIDE/plugins/com.st.stm32cube.ide.mcu.externaltools.gnu-tools-for-stm32.12.3.rel1.win32_1.0.100.202403111256/tools/bin/../lib/gcc/arm-none-eabi/12.3.1/../../../../arm-none-eabi/lib/thumb/v7e-m+fp/hard\libc_nano.a(libc_a-reent.o)
                0x2000096c                errno
 .bss.__lock___malloc_recursive_mutex
                0x20000970        0x1 C:/ST/STM32CubeIDE_1.15.1/STM32CubeIDE/plugins/com.st.stm32cube.ide.mcu.externaltools.gnu-tools-for-stm32.12.3.rel1.win32_1.0.100.202403111256/tools/bin/../lib/gcc/arm-none-eabi/12.3.1/../../../../arm-none-eabi/lib/thumb/v7e-m+fp/hard\libc_nano.a(libc_a-lock.o)
                0x20000970                __lock___malloc_recursive_mutex
 .bss.__lock___sfp_recursive_mutex
                0x20000971        0x1 C:/ST/STM32CubeIDE_1.15.1/STM32CubeIDE/plugins/com.st.stm32cube.ide.mcu.externaltools.gnu-tools-for-stm32.12.3.rel1.win32_1.0.100.202403111256/tools/bin/../lib/gcc/arm-none-eabi/12.3.1/../../../../arm-none-eabi/lib/thumb/v7e-m+fp/hard\libc_nano.a(libc_a-lock.o)
                0x20000971                __lock___sfp_recursive_mutex
 *(COMMON)
                0x20000974                        . = ALIGN (0x4)
 *fill*         0x20000972        0x2 
                0x20000974                        _ebss = .
                0x20000974                        __bss_end__ = _ebss

._user_heap_stack
                0x20000974      0x604 load address 0x08007c74
                0x20000978                        . = ALIGN (0x8)
 *fill*         0x20000974        0x4 
                [!provide]                        PROVIDE (end = .)
                0x20000978                        PROVIDE (_end = .)
                0x20000b78                        . = (. + _Min_Heap_Size)
 *fill*         0x20000978      0x200 
                0x20000f78                        . = (. + _Min_Stack_Size)
 *fill*         0x20000b78      0x400 
                0x20000f78                        . = ALIGN (0x8)

/DISCARD/
 libc.a(*)
 libm.a(*)
 libgcc.a(*)

.ARM.attributes
                0x00000000       0x30
 *(.ARM.attributes)
 .ARM.attributes
                0x00000000       0x22 C:/ST/STM32CubeIDE_1.15.1/STM32CubeIDE/plugins/com.st.stm32cube.ide.mcu.externaltools.gnu-tools-for-stm32.12.3.rel1.win32_1.0.100.202403111256/tools/bin/../lib/gcc/arm-none-eabi/12.3.1/thumb/v7e-m+fp/hard/crti.o
 .ARM.attributes
                0x00000022       0x34 C:/ST/STM32CubeIDE_1.15.1/STM32CubeIDE/plugins/com.st.stm32cube.ide.mcu.externaltools.gnu-tools-for-stm32.12.3.rel1.win32_1.0.100.202403111256/tools/bin/../lib/gcc/arm-none-eabi/12.3.1/thumb/v7e-m+fp/hard/crtbegin.o
 .ARM.attributes
                0x00000056       0x34 ./Src/MQTTC/MQTTClient.o
 .ARM.attributes
                0x0000008a       0x34 ./Src/MQTTC/MQTTConnectClient.o
 .ARM.attributes
                0x000000be       0x34 ./Src/MQTTC/MQTTDeserializePublish.o
 .ARM.attributes
                0x000000f2       0x34 ./Src/MQTTC/MQTTPacket.o
 .ARM.attributes
                0x00000126       0x34 ./Src/MQTTC/MQTTSerializePublish.o
 .ARM.attributes
                0x0000015a       0x34 ./Src/MQTTC/mqtt_interface.o
 .ARM.attributes
                0x0000018e       0x34 ./Src/adc.o
 .ARM.attributes
                0x000001c2       0x34 ./Src/bsp.o
 .ARM.attributes
                0x000001f6       0x34 ./Src/fpu.o
 .ARM.attributes
                0x0000022a       0x34 ./Src/main.o
 .ARM.attributes
                0x0000025e       0x34 ./Src/spi.o
 .ARM.attributes
                0x00000292       0x34 ./Src/syscalls.o
 .ARM.attributes
                0x000002c6       0x34 ./Src/sysmem.o
 .ARM.attributes
                0x000002fa       0x34 ./Src/timebase.o
 .ARM.attributes
                0x0000032e       0x34 ./Src/uart.o
 .ARM.attributes
                0x00000362       0x34 ./Src/w5500_driver.o
 .ARM.attributes
                0x00000396       0x21 ./Startup/startup_stm32f411retx.o
 .ARM.attributes
                0x000003b7       0x34 ./Wiznet_W5500/dhcp.o
 .ARM.attributes
                0x000003eb       0x34 ./Wiznet_W5500/socket.o
 .ARM.attributes
                0x0000041f       0x34 ./Wiznet_W5500/w5500.o
 .ARM.attributes
                0x00000453       0x34 ./Wiznet_W5500/wizchip_conf.o
 .ARM.attributes
                0x00000487       0x34 C:/ST/STM32CubeIDE_1.15.1/STM32CubeIDE/plugins/com.st.stm32cube.ide.mcu.externaltools.gnu-tools-for-stm32.12.3.rel1.win32_1.0.100.202403111256/tools/bin/../lib/gcc/arm-none-eabi/12.3.1/../../../../arm-none-eabi/lib/thumb/v7e-m+fp/hard\libc_nano.a(libc_a-mallocr.o)
 .ARM.attributes
                0x000004bb       0x34 C:/ST/STM32CubeIDE_1.15.1/STM32CubeIDE/plugins/com.st.stm32cube.ide.mcu.externaltools.gnu-tools-for-stm32.12.3.rel1.win32_1.0.100.202403111256/tools/bin/../lib/gcc/arm-none-eabi/12.3.1/../../../../arm-none-eabi/lib/thumb/v7e-m+fp/hard\libc_nano.a(libc_a-mlock.o)
 .ARM.attributes
                0x000004ef       0x34 C:/ST/STM32CubeIDE_1.15.1/STM32CubeIDE/plugins/com.st.stm32cube.ide.mcu.externaltools.gnu-tools-for-stm32.12.3.rel1.win32_1.0.100.202403111256/tools/bin/../lib/gcc/arm-none-eabi/12.3.1/../../../../arm-none-eabi/lib/thumb/v7e-m+fp/hard\libc_nano.a(libc_a-findfp.o)
 .ARM.attributes
                0x00000523       0x34 C:/ST/STM32CubeIDE_1.15.1/STM32CubeIDE/plugins/com.st.stm32cube.ide.mcu.externaltools.gnu-tools-for-stm32.12.3.rel1.win32_1.0.100.202403111256/tools/bin/../lib/gcc/arm-none-eabi/12.3.1/../../../../arm-none-eabi/lib/thumb/v7e-m+fp/hard\libc_nano.a(libc_a-fwalk.o)
 .ARM.attributes
                0x00000557       0x34 C:/ST/STM32CubeIDE_1.15.1/STM32CubeIDE/plugins/com.st.stm32cube.ide.mcu.externaltools.gnu-tools-for-stm32.12.3.rel1.win32_1.0.100.202403111256/tools/bin/../lib/gcc/arm-none-eabi/12.3.1/../../../../arm-none-eabi/lib/thumb/v7e-m+fp/hard\libc_nano.a(libc_a-printf.o)
 .ARM.attributes
                0x0000058b       0x34 C:/ST/STM32CubeIDE_1.15.1/STM32CubeIDE/plugins/com.st.stm32cube.ide.mcu.externaltools.gnu-tools-for-stm32.12.3.rel1.win32_1.0.100.202403111256/tools/bin/../lib/gcc/arm-none-eabi/12.3.1/../../../../arm-none-eabi/lib/thumb/v7e-m+fp/hard\libc_nano.a(libc_a-puts.o)
 .ARM.attributes
                0x000005bf       0x34 C:/ST/STM32CubeIDE_1.15.1/STM32CubeIDE/plugins/com.st.stm32cube.ide.mcu.externaltools.gnu-tools-for-stm32.12.3.rel1.win32_1.0.100.202403111256/tools/bin/../lib/gcc/arm-none-eabi/12.3.1/../../../../arm-none-eabi/lib/thumb/v7e-m+fp/hard\libc_nano.a(libc_a-snprintf.o)
 .ARM.attributes
                0x000005f3       0x34 C:/ST/STM32CubeIDE_1.15.1/STM32CubeIDE/plugins/com.st.stm32cube.ide.mcu.externaltools.gnu-tools-for-stm32.12.3.rel1.win32_1.0.100.202403111256/tools/bin/../lib/gcc/arm-none-eabi/12.3.1/../../../../arm-none-eabi/lib/thumb/v7e-m+fp/hard\libc_nano.a(libc_a-sprintf.o)
 .ARM.attributes
                0x00000627       0x34 C:/ST/STM32CubeIDE_1.15.1/STM32CubeIDE/plugins/com.st.stm32cube.ide.mcu.externaltools.gnu-tools-for-stm32.12.3.rel1.win32_1.0.100.202403111256/tools/bin/../lib/gcc/arm-none-eabi/12.3.1/../../../../arm-none-eabi/lib/thumb/v7e-m+fp/hard\libc_nano.a(libc_a-stdio.o)
 .ARM.attributes
                0x0000065b       0x34 C:/ST/STM32CubeIDE_1.15.1/STM32CubeIDE/plugins/com.st.stm32cube.ide.mcu.externaltools.gnu-tools-for-stm32.12.3.rel1.win32_1.0.100.202403111256/tools/bin/../lib/gcc/arm-none-eabi/12.3.1/../../../../arm-none-eabi/lib/thumb/v7e-m+fp/hard\libc_nano.a(libc_a-wbuf.o)
 .ARM.attributes
                0x0000068f       0x34 C:/ST/STM32CubeIDE_1.15.1/STM32CubeIDE/plugins/com.st.stm32cube.ide.mcu.externaltools.gnu-tools-for-stm32.12.3.rel1.win32_1.0.100.202403111256/tools/bin/../lib/gcc/arm-none-eabi/12.3.1/../../../../arm-none-eabi/lib/thumb/v7e-m+fp/hard\libc_nano.a(libc_a-wsetup.o)
 .ARM.attributes
                0x000006c3       0x34 C:/ST/STM32CubeIDE_1.15.1/STM32CubeIDE/plugins/com.st.stm32cube.ide.mcu.externaltools.gnu-tools-for-stm32.12.3.rel1.win32_1.0.100.202403111256/tools/bin/../lib/gcc/arm-none-eabi/12.3.1/../../../../arm-none-eabi/lib/thumb/v7e-m+fp/hard\libc_nano.a(libc_a-memset.o)
 .ARM.attributes
                0x000006f7       0x34 C:/ST/STM32CubeIDE_1.15.1/STM32CubeIDE/plugins/com.st.stm32cube.ide.mcu.externaltools.gnu-tools-for-stm32.12.3.rel1.win32_1.0.100.202403111256/tools/bin/../lib/gcc/arm-none-eabi/12.3.1/../../../../arm-none-eabi/lib/thumb/v7e-m+fp/hard\libc_nano.a(libc_a-strncmp.o)
 .ARM.attributes
                0x0000072b       0x34 C:/ST/STM32CubeIDE_1.15.1/STM32CubeIDE/plugins/com.st.stm32cube.ide.mcu.externaltools.gnu-tools-for-stm32.12.3.rel1.win32_1.0.100.202403111256/tools/bin/../lib/gcc/arm-none-eabi/12.3.1/../../../../arm-none-eabi/lib/thumb/v7e-m+fp/hard\libc_nano.a(libc_a-closer.o)
 .ARM.attributes
                0x0000075f       0x34 C:/ST/STM32CubeIDE_1.15.1/STM32CubeIDE/plugins/com.st.stm32cube.ide.mcu.externaltools.gnu-tools-for-stm32.12.3.rel1.win32_1.0.100.202403111256/tools/bin/../lib/gcc/arm-none-eabi/12.3.1/../../../../arm-none-eabi/lib/thumb/v7e-m+fp/hard\libc_nano.a(libc_a-reent.o)
 .ARM.attributes
                0x00000793       0x34 C:/ST/STM32CubeIDE_1.15.1/STM32CubeIDE/plugins/com.st.stm32cube.ide.mcu.externaltools.gnu-tools-for-stm32.12.3.rel1.win32_1.0.100.202403111256/tools/bin/../lib/gcc/arm-none-eabi/12.3.1/../../../../arm-none-eabi/lib/thumb/v7e-m+fp/hard\libc_nano.a(libc_a-impure.o)
 .ARM.attributes
                0x000007c7       0x34 C:/ST/STM32CubeIDE_1.15.1/STM32CubeIDE/plugins/com.st.stm32cube.ide.mcu.externaltools.gnu-tools-for-stm32.12.3.rel1.win32_1.0.100.202403111256/tools/bin/../lib/gcc/arm-none-eabi/12.3.1/../../../../arm-none-eabi/lib/thumb/v7e-m+fp/hard\libc_nano.a(libc_a-lseekr.o)
 .ARM.attributes
                0x000007fb       0x34 C:/ST/STM32CubeIDE_1.15.1/STM32CubeIDE/plugins/com.st.stm32cube.ide.mcu.externaltools.gnu-tools-for-stm32.12.3.rel1.win32_1.0.100.202403111256/tools/bin/../lib/gcc/arm-none-eabi/12.3.1/../../../../arm-none-eabi/lib/thumb/v7e-m+fp/hard\libc_nano.a(libc_a-readr.o)
 .ARM.attributes
                0x0000082f       0x34 C:/ST/STM32CubeIDE_1.15.1/STM32CubeIDE/plugins/com.st.stm32cube.ide.mcu.externaltools.gnu-tools-for-stm32.12.3.rel1.win32_1.0.100.202403111256/tools/bin/../lib/gcc/arm-none-eabi/12.3.1/../../../../arm-none-eabi/lib/thumb/v7e-m+fp/hard\libc_nano.a(libc_a-sbrkr.o)
 .ARM.attributes
                0x00000863       0x34 C:/ST/STM32CubeIDE_1.15.1/STM32CubeIDE/plugins/com.st.stm32cube.ide.mcu.externaltools.gnu-tools-for-stm32.12.3.rel1.win32_1.0.100.202403111256/tools/bin/../lib/gcc/arm-none-eabi/12.3.1/../../../../arm-none-eabi/lib/thumb/v7e-m+fp/hard\libc_nano.a(libc_a-writer.o)
 .ARM.attributes
                0x00000897       0x34 C:/ST/STM32CubeIDE_1.15.1/STM32CubeIDE/plugins/com.st.stm32cube.ide.mcu.externaltools.gnu-tools-for-stm32.12.3.rel1.win32_1.0.100.202403111256/tools/bin/../lib/gcc/arm-none-eabi/12.3.1/../../../../arm-none-eabi/lib/thumb/v7e-m+fp/hard\libc_nano.a(libc_a-errno.o)
 .ARM.attributes
                0x000008cb       0x34 C:/ST/STM32CubeIDE_1.15.1/STM32CubeIDE/plugins/com.st.stm32cube.ide.mcu.externaltools.gnu-tools-for-stm32.12.3.rel1.win32_1.0.100.202403111256/tools/bin/../lib/gcc/arm-none-eabi/12.3.1/../../../../arm-none-eabi/lib/thumb/v7e-m+fp/hard\libc_nano.a(libc_a-init.o)
 .ARM.attributes
                0x000008ff       0x34 C:/ST/STM32CubeIDE_1.15.1/STM32CubeIDE/plugins/com.st.stm32cube.ide.mcu.externaltools.gnu-tools-for-stm32.12.3.rel1.win32_1.0.100.202403111256/tools/bin/../lib/gcc/arm-none-eabi/12.3.1/../../../../arm-none-eabi/lib/thumb/v7e-m+fp/hard\libc_nano.a(libc_a-lock.o)
 .ARM.attributes
                0x00000933       0x34 C:/ST/STM32CubeIDE_1.15.1/STM32CubeIDE/plugins/com.st.stm32cube.ide.mcu.externaltools.gnu-tools-for-stm32.12.3.rel1.win32_1.0.100.202403111256/tools/bin/../lib/gcc/arm-none-eabi/12.3.1/../../../../arm-none-eabi/lib/thumb/v7e-m+fp/hard\libc_nano.a(libc_a-memcpy-stub.o)
 .ARM.attributes
                0x00000967       0x17 C:/ST/STM32CubeIDE_1.15.1/STM32CubeIDE/plugins/com.st.stm32cube.ide.mcu.externaltools.gnu-tools-for-stm32.12.3.rel1.win32_1.0.100.202403111256/tools/bin/../lib/gcc/arm-none-eabi/12.3.1/../../../../arm-none-eabi/lib/thumb/v7e-m+fp/hard\libc_nano.a(libc_a-strlen.o)
 .ARM.attributes
                0x0000097e       0x34 C:/ST/STM32CubeIDE_1.15.1/STM32CubeIDE/plugins/com.st.stm32cube.ide.mcu.externaltools.gnu-tools-for-stm32.12.3.rel1.win32_1.0.100.202403111256/tools/bin/../lib/gcc/arm-none-eabi/12.3.1/../../../../arm-none-eabi/lib/thumb/v7e-m+fp/hard\libc_nano.a(libc_a-freer.o)
 .ARM.attributes
                0x000009b2       0x34 C:/ST/STM32CubeIDE_1.15.1/STM32CubeIDE/plugins/com.st.stm32cube.ide.mcu.externaltools.gnu-tools-for-stm32.12.3.rel1.win32_1.0.100.202403111256/tools/bin/../lib/gcc/arm-none-eabi/12.3.1/../../../../arm-none-eabi/lib/thumb/v7e-m+fp/hard\libc_nano.a(libc_a-nano-svfprintf.o)
 .ARM.attributes
                0x000009e6       0x34 C:/ST/STM32CubeIDE_1.15.1/STM32CubeIDE/plugins/com.st.stm32cube.ide.mcu.externaltools.gnu-tools-for-stm32.12.3.rel1.win32_1.0.100.202403111256/tools/bin/../lib/gcc/arm-none-eabi/12.3.1/../../../../arm-none-eabi/lib/thumb/v7e-m+fp/hard\libc_nano.a(libc_a-nano-vfprintf.o)
 .ARM.attributes
                0x00000a1a       0x34 C:/ST/STM32CubeIDE_1.15.1/STM32CubeIDE/plugins/com.st.stm32cube.ide.mcu.externaltools.gnu-tools-for-stm32.12.3.rel1.win32_1.0.100.202403111256/tools/bin/../lib/gcc/arm-none-eabi/12.3.1/../../../../arm-none-eabi/lib/thumb/v7e-m+fp/hard\libc_nano.a(libc_a-nano-vfprintf_i.o)
 .ARM.attributes
                0x00000a4e       0x34 C:/ST/STM32CubeIDE_1.15.1/STM32CubeIDE/plugins/com.st.stm32cube.ide.mcu.externaltools.gnu-tools-for-stm32.12.3.rel1.win32_1.0.100.202403111256/tools/bin/../lib/gcc/arm-none-eabi/12.3.1/../../../../arm-none-eabi/lib/thumb/v7e-m+fp/hard\libc_nano.a(libc_a-fflush.o)
 .ARM.attributes
                0x00000a82       0x34 C:/ST/STM32CubeIDE_1.15.1/STM32CubeIDE/plugins/com.st.stm32cube.ide.mcu.externaltools.gnu-tools-for-stm32.12.3.rel1.win32_1.0.100.202403111256/tools/bin/../lib/gcc/arm-none-eabi/12.3.1/../../../../arm-none-eabi/lib/thumb/v7e-m+fp/hard\libc_nano.a(libc_a-makebuf.o)
 .ARM.attributes
                0x00000ab6       0x34 C:/ST/STM32CubeIDE_1.15.1/STM32CubeIDE/plugins/com.st.stm32cube.ide.mcu.externaltools.gnu-tools-for-stm32.12.3.rel1.win32_1.0.100.202403111256/tools/bin/../lib/gcc/arm-none-eabi/12.3.1/../../../../arm-none-eabi/lib/thumb/v7e-m+fp/hard\libc_nano.a(libc_a-memmove.o)
 .ARM.attributes
                0x00000aea       0x34 C:/ST/STM32CubeIDE_1.15.1/STM32CubeIDE/plugins/com.st.stm32cube.ide.mcu.externaltools.gnu-tools-for-stm32.12.3.rel1.win32_1.0.100.202403111256/tools/bin/../lib/gcc/arm-none-eabi/12.3.1/../../../../arm-none-eabi/lib/thumb/v7e-m+fp/hard\libc_nano.a(libc_a-fstatr.o)
 .ARM.attributes
                0x00000b1e       0x34 C:/ST/STM32CubeIDE_1.15.1/STM32CubeIDE/plugins/com.st.stm32cube.ide.mcu.externaltools.gnu-tools-for-stm32.12.3.rel1.win32_1.0.100.202403111256/tools/bin/../lib/gcc/arm-none-eabi/12.3.1/../../../../arm-none-eabi/lib/thumb/v7e-m+fp/hard\libc_nano.a(libc_a-isattyr.o)
 .ARM.attributes
                0x00000b52       0x1c C:/ST/STM32CubeIDE_1.15.1/STM32CubeIDE/plugins/com.st.stm32cube.ide.mcu.externaltools.gnu-tools-for-stm32.12.3.rel1.win32_1.0.100.202403111256/tools/bin/../lib/gcc/arm-none-eabi/12.3.1/../../../../arm-none-eabi/lib/thumb/v7e-m+fp/hard\libc_nano.a(libc_a-memchr.o)
 .ARM.attributes
                0x00000b6e       0x34 C:/ST/STM32CubeIDE_1.15.1/STM32CubeIDE/plugins/com.st.stm32cube.ide.mcu.externaltools.gnu-tools-for-stm32.12.3.rel1.win32_1.0.100.202403111256/tools/bin/../lib/gcc/arm-none-eabi/12.3.1/../../../../arm-none-eabi/lib/thumb/v7e-m+fp/hard\libc_nano.a(libc_a-reallocr.o)
 .ARM.attributes
                0x00000ba2       0x34 C:/ST/STM32CubeIDE_1.15.1/STM32CubeIDE/plugins/com.st.stm32cube.ide.mcu.externaltools.gnu-tools-for-stm32.12.3.rel1.win32_1.0.100.202403111256/tools/bin/../lib/gcc/arm-none-eabi/12.3.1/../../../../arm-none-eabi/lib/thumb/v7e-m+fp/hard\libc_nano.a(libc_a-msizer.o)
 .ARM.attributes
                0x00000bd6       0x22 C:/ST/STM32CubeIDE_1.15.1/STM32CubeIDE/plugins/com.st.stm32cube.ide.mcu.externaltools.gnu-tools-for-stm32.12.3.rel1.win32_1.0.100.202403111256/tools/bin/../lib/gcc/arm-none-eabi/12.3.1/thumb/v7e-m+fp/hard/crtn.o
OUTPUT(13_w5500_mqtt_publish_sensor_data.elf elf32-littlearm)
LOAD linker stubs
LOAD C:/ST/STM32CubeIDE_1.15.1/STM32CubeIDE/plugins/com.st.stm32cube.ide.mcu.externaltools.gnu-tools-for-stm32.12.3.rel1.win32_1.0.100.202403111256/tools/bin/../lib/gcc/arm-none-eabi/12.3.1/../../../../arm-none-eabi/lib/thumb/v7e-m+fp/hard\libc.a
LOAD C:/ST/STM32CubeIDE_1.15.1/STM32CubeIDE/plugins/com.st.stm32cube.ide.mcu.externaltools.gnu-tools-for-stm32.12.3.rel1.win32_1.0.100.202403111256/tools/bin/../lib/gcc/arm-none-eabi/12.3.1/../../../../arm-none-eabi/lib/thumb/v7e-m+fp/hard\libm.a
LOAD C:/ST/STM32CubeIDE_1.15.1/STM32CubeIDE/plugins/com.st.stm32cube.ide.mcu.externaltools.gnu-tools-for-stm32.12.3.rel1.win32_1.0.100.202403111256/tools/bin/../lib/gcc/arm-none-eabi/12.3.1/thumb/v7e-m+fp/hard\libgcc.a

.debug_info     0x00000000     0x8448
 .debug_info    0x00000000     0x1358 ./Src/MQTTC/MQTTClient.o
 .debug_info    0x00001358      0x6ec ./Src/MQTTC/MQTTConnectClient.o
 .debug_info    0x00001a44      0x3b3 ./Src/MQTTC/MQTTDeserializePublish.o
 .debug_info    0x00001df7      0x7dc ./Src/MQTTC/MQTTPacket.o
 .debug_info    0x000025d3      0x51e ./Src/MQTTC/MQTTSerializePublish.o
 .debug_info    0x00002af1      0x4c3 ./Src/MQTTC/mqtt_interface.o
 .debug_info    0x00002fb4      0x3fc ./Src/adc.o
 .debug_info    0x000033b0      0x333 ./Src/bsp.o
 .debug_info    0x000036e3      0x249 ./Src/fpu.o
 .debug_info    0x0000392c      0x8d1 ./Src/main.o
 .debug_info    0x000041fd      0x708 ./Src/spi.o
 .debug_info    0x00004905      0x6a3 ./Src/syscalls.o
 .debug_info    0x00004fa8      0x168 ./Src/sysmem.o
 .debug_info    0x00005110      0x1df ./Src/timebase.o
 .debug_info    0x000052ef      0x418 ./Src/uart.o
 .debug_info    0x00005707      0xa1d ./Src/w5500_driver.o
 .debug_info    0x00006124       0x30 ./Startup/startup_stm32f411retx.o
 .debug_info    0x00006154      0xa1e ./Wiznet_W5500/dhcp.o
 .debug_info    0x00006b72      0x727 ./Wiznet_W5500/socket.o
 .debug_info    0x00007299      0x539 ./Wiznet_W5500/w5500.o
 .debug_info    0x000077d2      0xc76 ./Wiznet_W5500/wizchip_conf.o

.debug_abbrev   0x00000000     0x2439
 .debug_abbrev  0x00000000      0x34b ./Src/MQTTC/MQTTClient.o
 .debug_abbrev  0x0000034b      0x1db ./Src/MQTTC/MQTTConnectClient.o
 .debug_abbrev  0x00000526      0x192 ./Src/MQTTC/MQTTDeserializePublish.o
 .debug_abbrev  0x000006b8      0x2b2 ./Src/MQTTC/MQTTPacket.o
 .debug_abbrev  0x0000096a      0x1bf ./Src/MQTTC/MQTTSerializePublish.o
 .debug_abbrev  0x00000b29      0x18c ./Src/MQTTC/mqtt_interface.o
 .debug_abbrev  0x00000cb5      0x107 ./Src/adc.o
 .debug_abbrev  0x00000dbc       0xd2 ./Src/bsp.o
 .debug_abbrev  0x00000e8e       0xb8 ./Src/fpu.o
 .debug_abbrev  0x00000f46      0x250 ./Src/main.o
 .debug_abbrev  0x00001196      0x1af ./Src/spi.o
 .debug_abbrev  0x00001345      0x1b6 ./Src/syscalls.o
 .debug_abbrev  0x000014fb       0xbc ./Src/sysmem.o
 .debug_abbrev  0x000015b7      0x181 ./Src/timebase.o
 .debug_abbrev  0x00001738      0x141 ./Src/uart.o
 .debug_abbrev  0x00001879      0x261 ./Src/w5500_driver.o
 .debug_abbrev  0x00001ada       0x24 ./Startup/startup_stm32f411retx.o
 .debug_abbrev  0x00001afe      0x23a ./Wiznet_W5500/dhcp.o
 .debug_abbrev  0x00001d38      0x1c1 ./Wiznet_W5500/socket.o
 .debug_abbrev  0x00001ef9      0x21f ./Wiznet_W5500/w5500.o
 .debug_abbrev  0x00002118      0x321 ./Wiznet_W5500/wizchip_conf.o

.debug_aranges  0x00000000      0x870
 .debug_aranges
                0x00000000       0xd8 ./Src/MQTTC/MQTTClient.o
 .debug_aranges
                0x000000d8       0x48 ./Src/MQTTC/MQTTConnectClient.o
 .debug_aranges
                0x00000120       0x28 ./Src/MQTTC/MQTTDeserializePublish.o
 .debug_aranges
                0x00000148       0xa8 ./Src/MQTTC/MQTTPacket.o
 .debug_aranges
                0x000001f0       0x48 ./Src/MQTTC/MQTTSerializePublish.o
 .debug_aranges
                0x00000238       0x70 ./Src/MQTTC/mqtt_interface.o
 .debug_aranges
                0x000002a8       0x30 ./Src/adc.o
 .debug_aranges
                0x000002d8       0x40 ./Src/bsp.o
 .debug_aranges
                0x00000318       0x20 ./Src/fpu.o
 .debug_aranges
                0x00000338       0x38 ./Src/main.o
 .debug_aranges
                0x00000370       0x40 ./Src/spi.o
 .debug_aranges
                0x000003b0       0xa8 ./Src/syscalls.o
 .debug_aranges
                0x00000458       0x20 ./Src/sysmem.o
 .debug_aranges
                0x00000478       0x40 ./Src/timebase.o
 .debug_aranges
                0x000004b8       0x40 ./Src/uart.o
 .debug_aranges
                0x000004f8       0x78 ./Src/w5500_driver.o
 .debug_aranges
                0x00000570       0x28 ./Startup/startup_stm32f411retx.o
 .debug_aranges
                0x00000598       0xc8 ./Wiznet_W5500/dhcp.o
 .debug_aranges
                0x00000660       0x78 ./Wiznet_W5500/socket.o
 .debug_aranges
                0x000006d8       0x60 ./Wiznet_W5500/w5500.o
 .debug_aranges
                0x00000738      0x138 ./Wiznet_W5500/wizchip_conf.o

.debug_rnglists
                0x00000000      0x682
 .debug_rnglists
                0x00000000       0xd8 ./Src/MQTTC/MQTTClient.o
 .debug_rnglists
                0x000000d8       0x34 ./Src/MQTTC/MQTTConnectClient.o
 .debug_rnglists
                0x0000010c       0x1b ./Src/MQTTC/MQTTDeserializePublish.o
 .debug_rnglists
                0x00000127       0x94 ./Src/MQTTC/MQTTPacket.o
 .debug_rnglists
                0x000001bb       0x33 ./Src/MQTTC/MQTTSerializePublish.o
 .debug_rnglists
                0x000001ee       0x4f ./Src/MQTTC/mqtt_interface.o
 .debug_rnglists
                0x0000023d       0x1f ./Src/adc.o
 .debug_rnglists
                0x0000025c       0x2b ./Src/bsp.o
 .debug_rnglists
                0x00000287       0x13 ./Src/fpu.o
 .debug_rnglists
                0x0000029a       0x27 ./Src/main.o
 .debug_rnglists
                0x000002c1       0x30 ./Src/spi.o
 .debug_rnglists
                0x000002f1       0x79 ./Src/syscalls.o
 .debug_rnglists
                0x0000036a       0x13 ./Src/sysmem.o
 .debug_rnglists
                0x0000037d       0x2b ./Src/timebase.o
 .debug_rnglists
                0x000003a8       0x2c ./Src/uart.o
 .debug_rnglists
                0x000003d4       0x56 ./Src/w5500_driver.o
 .debug_rnglists
                0x0000042a       0x19 ./Startup/startup_stm32f411retx.o
 .debug_rnglists
                0x00000443       0x99 ./Wiznet_W5500/dhcp.o
 .debug_rnglists
                0x000004dc       0x6d ./Wiznet_W5500/socket.o
 .debug_rnglists
                0x00000549       0x4c ./Wiznet_W5500/w5500.o
 .debug_rnglists
                0x00000595       0xed ./Wiznet_W5500/wizchip_conf.o

.debug_macro    0x00000000    0x119a3
 .debug_macro   0x00000000      0x1d1 ./Src/MQTTC/MQTTClient.o
 .debug_macro   0x000001d1      0xac0 ./Src/MQTTC/MQTTClient.o
 .debug_macro   0x00000c91       0x16 ./Src/MQTTC/MQTTClient.o
 .debug_macro   0x00000ca7       0x1c ./Src/MQTTC/MQTTClient.o
 .debug_macro   0x00000cc3       0x17 ./Src/MQTTC/MQTTClient.o
 .debug_macro   0x00000cda       0x22 ./Src/MQTTC/MQTTClient.o
 .debug_macro   0x00000cfc       0x5b ./Src/MQTTC/MQTTClient.o
 .debug_macro   0x00000d57       0x2a ./Src/MQTTC/MQTTClient.o
 .debug_macro   0x00000d81       0x94 ./Src/MQTTC/MQTTClient.o
 .debug_macro   0x00000e15       0x43 ./Src/MQTTC/MQTTClient.o
 .debug_macro   0x00000e58       0x34 ./Src/MQTTC/MQTTClient.o
 .debug_macro   0x00000e8c       0x16 ./Src/MQTTC/MQTTClient.o
 .debug_macro   0x00000ea2       0x57 ./Src/MQTTC/MQTTClient.o
 .debug_macro   0x00000ef9       0x9e ./Src/MQTTC/MQTTClient.o
 .debug_macro   0x00000f97      0x369 ./Src/MQTTC/MQTTClient.o
 .debug_macro   0x00001300      0x10b ./Src/MQTTC/MQTTClient.o
 .debug_macro   0x0000140b       0x10 ./Src/MQTTC/MQTTClient.o
 .debug_macro   0x0000141b       0x16 ./Src/MQTTC/MQTTClient.o
 .debug_macro   0x00001431       0x43 ./Src/MQTTC/MQTTClient.o
 .debug_macro   0x00001474       0x34 ./Src/MQTTC/MQTTClient.o
 .debug_macro   0x000014a8       0x10 ./Src/MQTTC/MQTTClient.o
 .debug_macro   0x000014b8       0x58 ./Src/MQTTC/MQTTClient.o
 .debug_macro   0x00001510       0x8e ./Src/MQTTC/MQTTClient.o
 .debug_macro   0x0000159e       0x1c ./Src/MQTTC/MQTTClient.o
 .debug_macro   0x000015ba      0x177 ./Src/MQTTC/MQTTClient.o
 .debug_macro   0x00001731       0x16 ./Src/MQTTC/MQTTClient.o
 .debug_macro   0x00001747       0x16 ./Src/MQTTC/MQTTClient.o
 .debug_macro   0x0000175d      0x146 ./Src/MQTTC/MQTTClient.o
 .debug_macro   0x000018a3       0x4c ./Src/MQTTC/MQTTClient.o
 .debug_macro   0x000018ef      0x103 ./Src/MQTTC/MQTTClient.o
 .debug_macro   0x000019f2       0x6a ./Src/MQTTC/MQTTClient.o
 .debug_macro   0x00001a5c      0x1df ./Src/MQTTC/MQTTClient.o
 .debug_macro   0x00001c3b       0x17 ./Src/MQTTC/MQTTClient.o
 .debug_macro   0x00001c52       0x16 ./Src/MQTTC/MQTTClient.o
 .debug_macro   0x00001c68       0x35 ./Src/MQTTC/MQTTClient.o
 .debug_macro   0x00001c9d       0x20 ./Src/MQTTC/MQTTClient.o
 .debug_macro   0x00001cbd      0x18c ./Src/MQTTC/MQTTConnectClient.o
 .debug_macro   0x00001e49      0x192 ./Src/MQTTC/MQTTDeserializePublish.o
 .debug_macro   0x00001fdb      0x192 ./Src/MQTTC/MQTTPacket.o
 .debug_macro   0x0000216d      0x18c ./Src/MQTTC/MQTTSerializePublish.o
 .debug_macro   0x000022f9       0x9a ./Src/MQTTC/mqtt_interface.o
 .debug_macro   0x00002393       0x8e ./Src/MQTTC/mqtt_interface.o
 .debug_macro   0x00002421       0x51 ./Src/MQTTC/mqtt_interface.o
 .debug_macro   0x00002472       0x6c ./Src/MQTTC/mqtt_interface.o
 .debug_macro   0x000024de      0x5e7 ./Src/MQTTC/mqtt_interface.o