17:57:20 **** Build of configuration Debug for project 7_system_drivers-i2c ****
make -j8 all 
arm-none-eabi-gcc -mcpu=cortex-m4 -g3 -c -x assembler-with-cpp -MMD -MP -MF"Startup/startup_stm32f411retx.d" -MT"Startup/startup_stm32f411retx.o" --specs=nano.specs -mfpu=fpv4-sp-d16 -mfloat-abi=hard -mthumb -o "Startup/startup_stm32f411retx.o" "../Startup/startup_stm32f411retx.s"
arm-none-eabi-gcc "../Src/fpu.c" -mcpu=cortex-m4 -std=gnu11 -g3 -DDEBUG -DSTM32 -DSTM32F4 -DSTM32F411RETx -DSTM32F411xE -c -I../Inc -I"C:/Users/Ninsaw/Documents/MQTT_Over_Ethernet/7_system_drivers-i2c/chip_headers/CMSIS/Include" -I"C:/Users/Ninsaw/Documents/MQTT_Over_Ethernet/7_system_drivers-i2c/chip_headers/CMSIS/Device/ST/STM32F4xx/Include" -O0 -ffunction-sections -fdata-sections -Wall -fstack-usage -fcyclomatic-complexity -MMD -MP -MF"Src/fpu.d" -MT"Src/fpu.o" --specs=nano.specs -mfpu=fpv4-sp-d16 -mfloat-abi=hard -mthumb -o "Src/fpu.o"
arm-none-eabi-gcc "../Src/i2c.c" -mcpu=cortex-m4 -std=gnu11 -g3 -DDEBUG -DSTM32 -DSTM32F4 -DSTM32F411RETx -DSTM32F411xE -c -I../Inc -I"C:/Users/Ninsaw/Documents/MQTT_Over_Ethernet/7_system_drivers-i2c/chip_headers/CMSIS/Include" -I"C:/Users/Ninsaw/Documents/MQTT_Over_Ethernet/7_system_drivers-i2c/chip_headers/CMSIS/Device/ST/STM32F4xx/Include" -O0 -ffunction-sections -fdata-sections -Wall -fstack-usage -fcyclomatic-complexity -MMD -MP -MF"Src/i2c.d" -MT"Src/i2c.o" --specs=nano.specs -mfpu=fpv4-sp-d16 -mfloat-abi=hard -mthumb -o "Src/i2c.o"
arm-none-eabi-gcc "../Src/main.c" -mcpu=cortex-m4 -std=gnu11 -g3 -DDEBUG -DSTM32 -DSTM32F4 -DSTM32F411RETx -DSTM32F411xE -c -I../Inc -I"C:/Users/Ninsaw/Documents/MQTT_Over_Ethernet/7_system_drivers-i2c/chip_headers/CMSIS/Include" -I"C:/Users/Ninsaw/Documents/MQTT_Over_Ethernet/7_system_drivers-i2c/chip_headers/CMSIS/Device/ST/STM32F4xx/Include" -O0 -ffunction-sections -fdata-sections -Wall -fstack-usage -fcyclomatic-complexity -MMD -MP -MF"Src/main.d" -MT"Src/main.o" --specs=nano.specs -mfpu=fpv4-sp-d16 -mfloat-abi=hard -mthumb -o "Src/main.o"
arm-none-eabi-gcc "../Src/syscalls.c" -mcpu=cortex-m4 -std=gnu11 -g3 -DDEBUG -DSTM32 -DSTM32F4 -DSTM32F411RETx -DSTM32F411xE -c -I../Inc -I"C:/Users/Ninsaw/Documents/MQTT_Over_Ethernet/7_system_drivers-i2c/chip_headers/CMSIS/Include" -I"C:/Users/Ninsaw/Documents/MQTT_Over_Ethernet/7_system_drivers-i2c/chip_headers/CMSIS/Device/ST/STM32F4xx/Include" -O0 -ffunction-sections -fdata-sections -Wall -fstack-usage -fcyclomatic-complexity -MMD -MP -MF"Src/syscalls.d" -MT"Src/syscalls.o" --specs=nano.specs -mfpu=fpv4-sp-d16 -mfloat-abi=hard -mthumb -o "Src/syscalls.o"
arm-none-eabi-gcc "../Src/sysmem.c" -mcpu=cortex-m4 -std=gnu11 -g3 -DDEBUG -DSTM32 -DSTM32F4 -DSTM32F411RETx -DSTM32F411xE -c -I../Inc -I"C:/Users/Ninsaw/Documents/MQTT_Over_Ethernet/7_system_drivers-i2c/chip_headers/CMSIS/Include" -I"C:/Users/Ninsaw/Documents/MQTT_Over_Ethernet/7_system_drivers-i2c/chip_headers/CMSIS/Device/ST/STM32F4xx/Include" -O0 -ffunction-sections -fdata-sections -Wall -fstack-usage -fcyclomatic-complexity -MMD -MP -MF"Src/sysmem.d" -MT"Src/sysmem.o" --specs=nano.specs -mfpu=fpv4-sp-d16 -mfloat-abi=hard -mthumb -o "Src/sysmem.o"
arm-none-eabi-gcc "../Src/timebase.c" -mcpu=cortex-m4 -std=gnu11 -g3 -DDEBUG -DSTM32 -DSTM32F4 -DSTM32F411RETx -DSTM32F411xE -c -I../Inc -I"C:/Users/Ninsaw/Documents/MQTT_Over_Ethernet/7_system_drivers-i2c/chip_headers/CMSIS/Include" -I"C:/Users/Ninsaw/Documents/MQTT_Over_Ethernet/7_system_drivers-i2c/chip_headers/CMSIS/Device/ST/STM32F4xx/Include" -O0 -ffunction-sections -fdata-sections -Wall -fstack-usage -fcyclomatic-complexity -MMD -MP -MF"Src/timebase.d" -MT"Src/timebase.o" --specs=nano.specs -mfpu=fpv4-sp-d16 -mfloat-abi=hard -mthumb -o "Src/timebase.o"
arm-none-eabi-gcc "../Src/uart.c" -mcpu=cortex-m4 -std=gnu11 -g3 -DDEBUG -DSTM32 -DSTM32F4 -DSTM32F411RETx -DSTM32F411xE -c -I../Inc -I"C:/Users/Ninsaw/Documents/MQTT_Over_Ethernet/7_system_drivers-i2c/chip_headers/CMSIS/Include" -I"C:/Users/Ninsaw/Documents/MQTT_Over_Ethernet/7_system_drivers-i2c/chip_headers/CMSIS/Device/ST/STM32F4xx/Include" -O0 -ffunction-sections -fdata-sections -Wall -fstack-usage -fcyclomatic-complexity -MMD -MP -MF"Src/uart.d" -MT"Src/uart.o" --specs=nano.specs -mfpu=fpv4-sp-d16 -mfloat-abi=hard -mthumb -o "Src/uart.o"
../Src/i2c.c: In function 'i2c1_byte_read':
../Src/i2c.c:85:22: warning: variable 'tmp' set but not used [-Wunused-but-set-variable]
   85 |         volatile int tmp;
      |                      ^~~
../Src/i2c.c: In function 'i2c1_burst_read':
../Src/i2c.c:143:22: warning: variable 'tmp' set but not used [-Wunused-but-set-variable]
  143 |         volatile int tmp;
      |                      ^~~
../Src/i2c.c: In function 'i2c1_write_byte':
../Src/i2c.c:223:22: warning: variable 'tmp' set but not used [-Wunused-but-set-variable]
  223 |         volatile int tmp;
      |                      ^~~
../Src/i2c.c: In function 'i2c1_burst_write':
../Src/i2c.c:262:22: warning: variable 'tmp' set but not used [-Wunused-but-set-variable]
  262 |         volatile int tmp;
      |                      ^~~
arm-none-eabi-gcc -o "7_system_drivers-i2c.elf" @"objects.list"   -mcpu=cortex-m4 -T"C:\Users\Ninsaw\Documents\MQTT_Over_Ethernet\7_system_drivers-i2c\STM32F411RETX_FLASH.ld" --specs=nosys.specs -Wl,-Map="7_system_drivers-i2c.map" -Wl,--gc-sections -static --specs=nano.specs -mfpu=fpv4-sp-d16 -mfloat-abi=hard -mthumb -Wl,--start-group -lc -lm -Wl,--end-group
C:/ST/STM32CubeIDE_1.15.1/STM32CubeIDE/plugins/com.st.stm32cube.ide.mcu.externaltools.gnu-tools-for-stm32.12.3.rel1.win32_1.0.100.202403111256/tools/bin/../lib/gcc/arm-none-eabi/12.3.1/../../../../arm-none-eabi/bin/ld.exe: warning: 7_system_drivers-i2c.elf has a LOAD segment with RWX permissions
Finished building target: 7_system_drivers-i2c.elf
 
arm-none-eabi-size  7_system_drivers-i2c.elf 
arm-none-eabi-objdump -h -S 7_system_drivers-i2c.elf  > "7_system_drivers-i2c.list"
   text	   data	    bss	    dec	    hex	filename
   5464	    100	   1908	   7472	   1d30	7_system_drivers-i2c.elf
Finished building: default.size.stdout
 
Finished building: 7_system_drivers-i2c.list
 

17:57:22 Build Finished. 0 errors, 5 warnings. (took 1s.793ms)

