17:57:22 **** Build of configuration Debug for project 8_system_drivers-spi-extended ****
make -j8 all 
arm-none-eabi-gcc -mcpu=cortex-m4 -g3 -c -x assembler-with-cpp -MMD -MP -MF"Startup/startup_stm32f411retx.d" -MT"Startup/startup_stm32f411retx.o" --specs=nano.specs -mfpu=fpv4-sp-d16 -mfloat-abi=hard -mthumb -o "Startup/startup_stm32f411retx.o" "../Startup/startup_stm32f411retx.s"
arm-none-eabi-gcc "../Src/adc.c" -mcpu=cortex-m4 -std=gnu11 -g3 -DDEBUG -DSTM32 -DSTM32F4 -DSTM32F411RETx -DSTM32F411xE -c -I"C:/Users/Ninsaw/Documents/MQTT_Over_Ethernet/8_system_drivers-spi-extended/chip_headers/CMSIS/Include" -I"C:/Users/Ninsaw/Documents/MQTT_Over_Ethernet/8_system_drivers-spi-extended/chip_headers/CMSIS/Device/ST/STM32F4xx/Include" -I"C:/Users/Ninsaw/Documents/MQTT_Over_Ethernet/8_system_drivers-spi-extended/Inc" -O0 -ffunction-sections -fdata-sections -Wall -fstack-usage -fcyclomatic-complexity -MMD -MP -MF"Src/adc.d" -MT"Src/adc.o" --specs=nano.specs -mfpu=fpv4-sp-d16 -mfloat-abi=hard -mthumb -o "Src/adc.o"
arm-none-eabi-gcc "../Src/bsp.c" -mcpu=cortex-m4 -std=gnu11 -g3 -DDEBUG -DSTM32 -DSTM32F4 -DSTM32F411RETx -DSTM32F411xE -c -I"C:/Users/Ninsaw/Documents/MQTT_Over_Ethernet/8_system_drivers-spi-extended/chip_headers/CMSIS/Include" -I"C:/Users/Ninsaw/Documents/MQTT_Over_Ethernet/8_system_drivers-spi-extended/chip_headers/CMSIS/Device/ST/STM32F4xx/Include" -I"C:/Users/Ninsaw/Documents/MQTT_Over_Ethernet/8_system_drivers-spi-extended/Inc" -O0 -ffunction-sections -fdata-sections -Wall -fstack-usage -fcyclomatic-complexity -MMD -MP -MF"Src/bsp.d" -MT"Src/bsp.o" --specs=nano.specs -mfpu=fpv4-sp-d16 -mfloat-abi=hard -mthumb -o "Src/bsp.o"
arm-none-eabi-gcc "../Src/fpu.c" -mcpu=cortex-m4 -std=gnu11 -g3 -DDEBUG -DSTM32 -DSTM32F4 -DSTM32F411RETx -DSTM32F411xE -c -I"C:/Users/Ninsaw/Documents/MQTT_Over_Ethernet/8_system_drivers-spi-extended/chip_headers/CMSIS/Include" -I"C:/Users/Ninsaw/Documents/MQTT_Over_Ethernet/8_system_drivers-spi-extended/chip_headers/CMSIS/Device/ST/STM32F4xx/Include" -I"C:/Users/Ninsaw/Documents/MQTT_Over_Ethernet/8_system_drivers-spi-extended/Inc" -O0 -ffunction-sections -fdata-sections -Wall -fstack-usage -fcyclomatic-complexity -MMD -MP -MF"Src/fpu.d" -MT"Src/fpu.o" --specs=nano.specs -mfpu=fpv4-sp-d16 -mfloat-abi=hard -mthumb -o "Src/fpu.o"
arm-none-eabi-gcc "../Src/main.c" -mcpu=cortex-m4 -std=gnu11 -g3 -DDEBUG -DSTM32 -DSTM32F4 -DSTM32F411RETx -DSTM32F411xE -c -I"C:/Users/Ninsaw/Documents/MQTT_Over_Ethernet/8_system_drivers-spi-extended/chip_headers/CMSIS/Include" -I"C:/Users/Ninsaw/Documents/MQTT_Over_Ethernet/8_system_drivers-spi-extended/chip_headers/CMSIS/Device/ST/STM32F4xx/Include" -I"C:/Users/Ninsaw/Documents/MQTT_Over_Ethernet/8_system_drivers-spi-extended/Inc" -O0 -ffunction-sections -fdata-sections -Wall -fstack-usage -fcyclomatic-complexity -MMD -MP -MF"Src/main.d" -MT"Src/main.o" --specs=nano.specs -mfpu=fpv4-sp-d16 -mfloat-abi=hard -mthumb -o "Src/main.o"
arm-none-eabi-gcc "../Src/spi.c" -mcpu=cortex-m4 -std=gnu11 -g3 -DDEBUG -DSTM32 -DSTM32F4 -DSTM32F411RETx -DSTM32F411xE -c -I"C:/Users/Ninsaw/Documents/MQTT_Over_Ethernet/8_system_drivers-spi-extended/chip_headers/CMSIS/Include" -I"C:/Users/Ninsaw/Documents/MQTT_Over_Ethernet/8_system_drivers-spi-extended/chip_headers/CMSIS/Device/ST/STM32F4xx/Include" -I"C:/Users/Ninsaw/Documents/MQTT_Over_Ethernet/8_system_drivers-spi-extended/Inc" -O0 -ffunction-sections -fdata-sections -Wall -fstack-usage -fcyclomatic-complexity -MMD -MP -MF"Src/spi.d" -MT"Src/spi.o" --specs=nano.specs -mfpu=fpv4-sp-d16 -mfloat-abi=hard -mthumb -o "Src/spi.o"
arm-none-eabi-gcc "../Src/syscalls.c" -mcpu=cortex-m4 -std=gnu11 -g3 -DDEBUG -DSTM32 -DSTM32F4 -DSTM32F411RETx -DSTM32F411xE -c -I"C:/Users/Ninsaw/Documents/MQTT_Over_Ethernet/8_system_drivers-spi-extended/chip_headers/CMSIS/Include" -I"C:/Users/Ninsaw/Documents/MQTT_Over_Ethernet/8_system_drivers-spi-extended/chip_headers/CMSIS/Device/ST/STM32F4xx/Include" -I"C:/Users/Ninsaw/Documents/MQTT_Over_Ethernet/8_system_drivers-spi-extended/Inc" -O0 -ffunction-sections -fdata-sections -Wall -fstack-usage -fcyclomatic-complexity -MMD -MP -MF"Src/syscalls.d" -MT"Src/syscalls.o" --specs=nano.specs -mfpu=fpv4-sp-d16 -mfloat-abi=hard -mthumb -o "Src/syscalls.o"
arm-none-eabi-gcc "../Src/sysmem.c" -mcpu=cortex-m4 -std=gnu11 -g3 -DDEBUG -DSTM32 -DSTM32F4 -DSTM32F411RETx -DSTM32F411xE -c -I"C:/Users/Ninsaw/Documents/MQTT_Over_Ethernet/8_system_drivers-spi-extended/chip_headers/CMSIS/Include" -I"C:/Users/Ninsaw/Documents/MQTT_Over_Ethernet/8_system_drivers-spi-extended/chip_headers/CMSIS/Device/ST/STM32F4xx/Include" -I"C:/Users/Ninsaw/Documents/MQTT_Over_Ethernet/8_system_drivers-spi-extended/Inc" -O0 -ffunction-sections -fdata-sections -Wall -fstack-usage -fcyclomatic-complexity -MMD -MP -MF"Src/sysmem.d" -MT"Src/sysmem.o" --specs=nano.specs -mfpu=fpv4-sp-d16 -mfloat-abi=hard -mthumb -o "Src/sysmem.o"
arm-none-eabi-gcc "../Src/timebase.c" -mcpu=cortex-m4 -std=gnu11 -g3 -DDEBUG -DSTM32 -DSTM32F4 -DSTM32F411RETx -DSTM32F411xE -c -I"C:/Users/Ninsaw/Documents/MQTT_Over_Ethernet/8_system_drivers-spi-extended/chip_headers/CMSIS/Include" -I"C:/Users/Ninsaw/Documents/MQTT_Over_Ethernet/8_system_drivers-spi-extended/chip_headers/CMSIS/Device/ST/STM32F4xx/Include" -I"C:/Users/Ninsaw/Documents/MQTT_Over_Ethernet/8_system_drivers-spi-extended/Inc" -O0 -ffunction-sections -fdata-sections -Wall -fstack-usage -fcyclomatic-complexity -MMD -MP -MF"Src/timebase.d" -MT"Src/timebase.o" --specs=nano.specs -mfpu=fpv4-sp-d16 -mfloat-abi=hard -mthumb -o "Src/timebase.o"
../Src/spi.c: In function 'spi_transmit_receive':
../Src/spi.c:314:32: warning: variable 'tmp_state' set but not used [-Wunused-but-set-variable]
  314 |           SPI_StateTypeDef     tmp_state;
      |                                ^~~~~~~~~
../Src/spi.c:313:32: warning: variable 'tmp_mode' set but not used [-Wunused-but-set-variable]
  313 |           uint32_t             tmp_mode;
      |                                ^~~~~~~~
arm-none-eabi-gcc "../Src/uart.c" -mcpu=cortex-m4 -std=gnu11 -g3 -DDEBUG -DSTM32 -DSTM32F4 -DSTM32F411RETx -DSTM32F411xE -c -I"C:/Users/Ninsaw/Documents/MQTT_Over_Ethernet/8_system_drivers-spi-extended/chip_headers/CMSIS/Include" -I"C:/Users/Ninsaw/Documents/MQTT_Over_Ethernet/8_system_drivers-spi-extended/chip_headers/CMSIS/Device/ST/STM32F4xx/Include" -I"C:/Users/Ninsaw/Documents/MQTT_Over_Ethernet/8_system_drivers-spi-extended/Inc" -O0 -ffunction-sections -fdata-sections -Wall -fstack-usage -fcyclomatic-complexity -MMD -MP -MF"Src/uart.d" -MT"Src/uart.o" --specs=nano.specs -mfpu=fpv4-sp-d16 -mfloat-abi=hard -mthumb -o "Src/uart.o"
arm-none-eabi-gcc -o "8_system_drivers-spi-extended.elf" @"objects.list"   -mcpu=cortex-m4 -T"C:\Users\Ninsaw\Documents\MQTT_Over_Ethernet\8_system_drivers-spi-extended\STM32F411RETX_FLASH.ld" --specs=nosys.specs -Wl,-Map="8_system_drivers-spi-extended.map" -Wl,--gc-sections -static --specs=nano.specs -mfpu=fpv4-sp-d16 -mfloat-abi=hard -mthumb -Wl,--start-group -lc -lm -Wl,--end-group
C:/ST/STM32CubeIDE_1.15.1/STM32CubeIDE/plugins/com.st.stm32cube.ide.mcu.externaltools.gnu-tools-for-stm32.12.3.rel1.win32_1.0.100.202403111256/tools/bin/../lib/gcc/arm-none-eabi/12.3.1/../../../../arm-none-eabi/bin/ld.exe: warning: 8_system_drivers-spi-extended.elf has a LOAD segment with RWX permissions
Finished building target: 8_system_drivers-spi-extended.elf
 
arm-none-eabi-size  8_system_drivers-spi-extended.elf 
arm-none-eabi-objdump -h -S 8_system_drivers-spi-extended.elf  > "8_system_drivers-spi-extended.list"
   text	   data	    bss	    dec	    hex	filename
   3020	     12	   1644	   4676	   1244	8_system_drivers-spi-extended.elf
Finished building: default.size.stdout
 
Finished building: 8_system_drivers-spi-extended.list
 

17:57:24 Build Finished. 0 errors, 3 warnings. (took 1s.830ms)

