Archive member included to satisfy reference by file (symbol)

C:/ST/STM32CubeIDE_1.15.1/STM32CubeIDE/plugins/com.st.stm32cube.ide.mcu.externaltools.gnu-tools-for-stm32.12.3.rel1.win32_1.0.100.202403111256/tools/bin/../lib/gcc/arm-none-eabi/12.3.1/../../../../arm-none-eabi/lib/thumb/v7e-m+fp/hard\libc_nano.a(libc_a-exit.o)
                              C:/ST/STM32CubeIDE_1.15.1/STM32CubeIDE/plugins/com.st.stm32cube.ide.mcu.externaltools.gnu-tools-for-stm32.12.3.rel1.win32_1.0.100.202403111256/tools/bin/../lib/gcc/arm-none-eabi/12.3.1/../../../../arm-none-eabi/lib/thumb/v7e-m+fp/hard/crt0.o (exit)
C:/ST/STM32CubeIDE_1.15.1/STM32CubeIDE/plugins/com.st.stm32cube.ide.mcu.externaltools.gnu-tools-for-stm32.12.3.rel1.win32_1.0.100.202403111256/tools/bin/../lib/gcc/arm-none-eabi/12.3.1/../../../../arm-none-eabi/lib/thumb/v7e-m+fp/hard\libc_nano.a(libc_a-malloc.o)
                              ./Wiznet_W5500/httpServer.o (malloc)
C:/ST/STM32CubeIDE_1.15.1/STM32CubeIDE/plugins/com.st.stm32cube.ide.mcu.externaltools.gnu-tools-for-stm32.12.3.rel1.win32_1.0.100.202403111256/tools/bin/../lib/gcc/arm-none-eabi/12.3.1/../../../../arm-none-eabi/lib/thumb/v7e-m+fp/hard\libc_nano.a(libc_a-mallocr.o)
                              C:/ST/STM32CubeIDE_1.15.1/STM32CubeIDE/plugins/com.st.stm32cube.ide.mcu.externaltools.gnu-tools-for-stm32.12.3.rel1.win32_1.0.100.202403111256/tools/bin/../lib/gcc/arm-none-eabi/12.3.1/../../../../arm-none-eabi/lib/thumb/v7e-m+fp/hard\libc_nano.a(libc_a-malloc.o) (_malloc_r)
C:/ST/STM32CubeIDE_1.15.1/STM32CubeIDE/plugins/com.st.stm32cube.ide.mcu.externaltools.gnu-tools-for-stm32.12.3.rel1.win32_1.0.100.202403111256/tools/bin/../lib/gcc/arm-none-eabi/12.3.1/../../../../arm-none-eabi/lib/thumb/v7e-m+fp/hard\libc_nano.a(libc_a-mlock.o)
                              C:/ST/STM32CubeIDE_1.15.1/STM32CubeIDE/plugins/com.st.stm32cube.ide.mcu.externaltools.gnu-tools-for-stm32.12.3.rel1.win32_1.0.100.202403111256/tools/bin/../lib/gcc/arm-none-eabi/12.3.1/../../../../arm-none-eabi/lib/thumb/v7e-m+fp/hard\libc_nano.a(libc_a-mallocr.o) (__malloc_lock)
C:/ST/STM32CubeIDE_1.15.1/STM32CubeIDE/plugins/com.st.stm32cube.ide.mcu.externaltools.gnu-tools-for-stm32.12.3.rel1.win32_1.0.100.202403111256/tools/bin/../lib/gcc/arm-none-eabi/12.3.1/../../../../arm-none-eabi/lib/thumb/v7e-m+fp/hard\libc_nano.a(libc_a-findfp.o)
                              C:/ST/STM32CubeIDE_1.15.1/STM32CubeIDE/plugins/com.st.stm32cube.ide.mcu.externaltools.gnu-tools-for-stm32.12.3.rel1.win32_1.0.100.202403111256/tools/bin/../lib/gcc/arm-none-eabi/12.3.1/../../../../arm-none-eabi/lib/thumb/v7e-m+fp/hard\libc_nano.a(libc_a-exit.o) (__stdio_exit_handler)
C:/ST/STM32CubeIDE_1.15.1/STM32CubeIDE/plugins/com.st.stm32cube.ide.mcu.externaltools.gnu-tools-for-stm32.12.3.rel1.win32_1.0.100.202403111256/tools/bin/../lib/gcc/arm-none-eabi/12.3.1/../../../../arm-none-eabi/lib/thumb/v7e-m+fp/hard\libc_nano.a(libc_a-fwalk.o)
                              C:/ST/STM32CubeIDE_1.15.1/STM32CubeIDE/plugins/com.st.stm32cube.ide.mcu.externaltools.gnu-tools-for-stm32.12.3.rel1.win32_1.0.100.202403111256/tools/bin/../lib/gcc/arm-none-eabi/12.3.1/../../../../arm-none-eabi/lib/thumb/v7e-m+fp/hard\libc_nano.a(libc_a-findfp.o) (_fwalk_sglue)
C:/ST/STM32CubeIDE_1.15.1/STM32CubeIDE/plugins/com.st.stm32cube.ide.mcu.externaltools.gnu-tools-for-stm32.12.3.rel1.win32_1.0.100.202403111256/tools/bin/../lib/gcc/arm-none-eabi/12.3.1/../../../../arm-none-eabi/lib/thumb/v7e-m+fp/hard\libc_nano.a(libc_a-printf.o)
                              ./Src/main.o (printf)
C:/ST/STM32CubeIDE_1.15.1/STM32CubeIDE/plugins/com.st.stm32cube.ide.mcu.externaltools.gnu-tools-for-stm32.12.3.rel1.win32_1.0.100.202403111256/tools/bin/../lib/gcc/arm-none-eabi/12.3.1/../../../../arm-none-eabi/lib/thumb/v7e-m+fp/hard\libc_nano.a(libc_a-puts.o)
                              ./Src/main.o (puts)
C:/ST/STM32CubeIDE_1.15.1/STM32CubeIDE/plugins/com.st.stm32cube.ide.mcu.externaltools.gnu-tools-for-stm32.12.3.rel1.win32_1.0.100.202403111256/tools/bin/../lib/gcc/arm-none-eabi/12.3.1/../../../../arm-none-eabi/lib/thumb/v7e-m+fp/hard\libc_nano.a(libc_a-snprintf.o)
                              ./Src/MQTTC/MQTTFormat.o (snprintf)
C:/ST/STM32CubeIDE_1.15.1/STM32CubeIDE/plugins/com.st.stm32cube.ide.mcu.externaltools.gnu-tools-for-stm32.12.3.rel1.win32_1.0.100.202403111256/tools/bin/../lib/gcc/arm-none-eabi/12.3.1/../../../../arm-none-eabi/lib/thumb/v7e-m+fp/hard\libc_nano.a(libc_a-sprintf.o)
                              ./Src/w5500_driver.o (sprintf)
C:/ST/STM32CubeIDE_1.15.1/STM32CubeIDE/plugins/com.st.stm32cube.ide.mcu.externaltools.gnu-tools-for-stm32.12.3.rel1.win32_1.0.100.202403111256/tools/bin/../lib/gcc/arm-none-eabi/12.3.1/../../../../arm-none-eabi/lib/thumb/v7e-m+fp/hard\libc_nano.a(libc_a-stdio.o)
[...]
Memory Configuration

Name             Origin             Length             Attributes
RAM              0x20000000         0x00020000         xrw
FLASH            0x08000000         0x00080000         xr
*default*        0x00000000         0xffffffff

Linker script and memory map

LOAD C:/ST/STM32CubeIDE_1.15.1/STM32CubeIDE/plugins/com.st.stm32cube.ide.mcu.externaltools.gnu-tools-for-stm32.12.3.rel1.win32_1.0.100.202403111256/tools/bin/../lib/gcc/arm-none-eabi/12.3.1/thumb/v7e-m+fp/hard/crti.o
LOAD C:/ST/STM32CubeIDE_1.15.1/STM32CubeIDE/plugins/com.st.stm32cube.ide.mcu.externaltools.gnu-tools-for-stm32.12.3.rel1.win32_1.0.100.202403111256/tools/bin/../lib/gcc/arm-none-eabi/12.3.1/thumb/v7e-m+fp/hard/crtbegin.o
LOAD C:/ST/STM32CubeIDE_1.15.1/STM32CubeIDE/plugins/com.st.stm32cube.ide.mcu.externaltools.gnu-tools-for-stm32.12.3.rel1.win32_1.0.100.202403111256/tools/bin/../lib/gcc/arm-none-eabi/12.3.1/../../../../arm-none-eabi/lib/thumb/v7e-m+fp/hard/crt0.o
LOAD ./Src/MQTTC/MQTTClient.o
LOAD ./Src/MQTTC/MQTTConnectClient.o
LOAD ./Src/MQTTC/MQTTConnectServer.o
LOAD ./Src/MQTTC/MQTTDeserializePublish.o
LOAD ./Src/MQTTC/MQTTFormat.o
LOAD ./Src/MQTTC/MQTTPacket.o
LOAD ./Src/MQTTC/MQTTSerializePublish.o
LOAD ./Src/MQTTC/MQTTSubscribeClient.o
LOAD ./Src/MQTTC/MQTTSubscribeServer.o
LOAD ./Src/MQTTC/MQTTUnsubscribeClient.o
LOAD ./Src/MQTTC/MQTTUnsubscribeServer.o
LOAD ./Src/MQTTC/mqtt_interface.o
LOAD ./Src/adc.o
LOAD ./Src/bsp.o
LOAD ./Src/fpu.o
LOAD ./Src/main.o
LOAD ./Src/spi.o
LOAD ./Src/syscalls.o
LOAD ./Src/sysmem.o
LOAD ./Src/timebase.o
LOAD ./Src/uart.o
LOAD ./Src/w5500_driver.o
LOAD ./Startup/startup_stm32f411retx.o
LOAD ./Wiznet_W5500/dhcp.o
LOAD ./Wiznet_W5500/httpParser.o
LOAD ./Wiznet_W5500/httpServer.o
LOAD ./Wiznet_W5500/httpUtil.o
LOAD ./Wiznet_W5500/socket.o
LOAD ./Wiznet_W5500/w5500.o
LOAD ./Wiznet_W5500/wizchip_conf.o
START GROUP
LOAD C:/ST/STM32CubeIDE_1.15.1/STM32CubeIDE/plugins/com.st.stm32cube.ide.mcu.externaltools.gnu-tools-for-stm32.12.3.rel1.win32_1.0.100.202403111256/tools/bin/../lib/gcc/arm-none-eabi/12.3.1/../../../../arm-none-eabi/lib/thumb/v7e-m+fp/hard\libc_nano.a
LOAD C:/ST/STM32CubeIDE_1.15.1/STM32CubeIDE/plugins/com.st.stm32cube.ide.mcu.externaltools.gnu-tools-for-stm32.12.3.rel1.win32_1.0.100.202403111256/tools/bin/../lib/gcc/arm-none-eabi/12.3.1/../../../../arm-none-eabi/lib/thumb/v7e-m+fp/hard\libm.a
END GROUP
START GROUP
LOAD C:/ST/STM32CubeIDE_1.15.1/STM32CubeIDE/plugins/com.st.stm32cube.ide.mcu.externaltools.gnu-tools-for-stm32.12.3.rel1.win32_1.0.100.202403111256/tools/bin/../lib/gcc/arm-none-eabi/12.3.1/thumb/v7e-m+fp/hard\libgcc.a
LOAD C:/ST/STM32CubeIDE_1.15.1/STM32CubeIDE/plugins/com.st.stm32cube.ide.mcu.externaltools.gnu-tools-for-stm32.12.3.rel1.win32_1.0.100.202403111256/tools/bin/../lib/gcc/arm-none-eabi/12.3.1/../../../../arm-none-eabi/lib/thumb/v7e-m+fp/hard\libc_nano.a
END GROUP
START GROUP
LOAD C:/ST/STM32CubeIDE_1.15.1/STM32CubeIDE/plugins/com.st.stm32cube.ide.mcu.externaltools.gnu-tools-for-stm32.12.3.rel1.win32_1.0.100.202403111256/tools/bin/../lib/gcc/arm-none-eabi/12.3.1/thumb/v7e-m+fp/hard\libgcc.a
LOAD C:/ST/STM32CubeIDE_1.15.1/STM32CubeIDE/plugins/com.st.stm32cube.ide.mcu.externaltools.gnu-tools-for-stm32.12.3.rel1.win32_1.0.100.202403111256/tools/bin/../lib/gcc/arm-none-eabi/12.3.1/../../../../arm-none-eabi/lib/thumb/v7e-m+fp/hard\libc_nano.a
LOAD C:/ST/STM32CubeIDE_1.15.1/STM32CubeIDE/plugins/com.st.stm32cube.ide.mcu.externaltools.gnu-tools-for-stm32.12.3.rel1.win32_1.0.100.202403111256/tools/bin/../lib/gcc/arm-none-eabi/12.3.1/../../../../arm-none-eabi/lib/thumb/v7e-m+fp/hard\libnosys.a
END GROUP
START GROUP
LOAD C:/ST/STM32CubeIDE_1.15.1/STM32CubeIDE/plugins/com.st.stm32cube.ide.mcu.externaltools.gnu-tools-for-stm32.12.3.rel1.win32_1.0.100.202403111256/tools/bin/../lib/gcc/arm-none-eabi/12.3.1/thumb/v7e-m+fp/hard\libgcc.a
LOAD C:/ST/STM32CubeIDE_1.15.1/STM32CubeIDE/plugins/com.st.stm32cube.ide.mcu.externaltools.gnu-tools-for-stm32.12.3.rel1.win32_1.0.100.202403111256/tools/bin/../lib/gcc/arm-none-eabi/12.3.1/../../../../arm-none-eabi/lib/thumb/v7e-m+fp/hard\libc_nano.a
LOAD C:/ST/STM32CubeIDE_1.15.1/STM32CubeIDE/plugins/com.st.stm32cube.ide.mcu.externaltools.gnu-tools-for-stm32.12.3.rel1.win32_1.0.100.202403111256/tools/bin/../lib/gcc/arm-none-eabi/12.3.1/../../../../arm-none-eabi/lib/thumb/v7e-m+fp/hard\libnosys.a
END GROUP
LOAD C:/ST/STM32CubeIDE_1.15.1/STM32CubeIDE/plugins/com.st.stm32cube.ide.mcu.externaltools.gnu-tools-for-stm32.12.3.rel1.win32_1.0.100.202403111256/tools/bin/../lib/gcc/arm-none-eabi/12.3.1/thumb/v7e-m+fp/hard/crtend.o
LOAD C:/ST/STM32CubeIDE_1.15.1/STM32CubeIDE/plugins/com.st.stm32cube.ide.mcu.externaltools.gnu-tools-for-stm32.12.3.rel1.win32_1.0.100.202403111256/tools/bin/../lib/gcc/arm-none-eabi/12.3.1/thumb/v7e-m+fp/hard/crtn.o
                0x20020000                        _estack = (ORIGIN (RAM) + LENGTH (RAM))
                0x00000200                        _Min_Heap_Size = 0x200
                0x00000400                        _Min_Stack_Size = 0x400

.isr_vector     0x08000000      0x198
                0x08000000                        . = ALIGN (0x4)
 *(.isr_vector)
 .isr_vector    0x08000000      0x198 ./Startup/startup_stm32f411retx.o
                0x08000000                g_pfnVectors
                0x08000198                        . = ALIGN (0x4)

.text           0x080001a0     0x566c
                0x080001a0                        . = ALIGN (0x4)
 *(.text)
 .text          0x080001a0       0x40 C:/ST/STM32CubeIDE_1.15.1/STM32CubeIDE/plugins/com.st.stm32cube.ide.mcu.externaltools.gnu-tools-for-stm32.12.3.rel1.win32_1.0.100.202403111256/tools/bin/../lib/gcc/arm-none-eabi/12.3.1/thumb/v7e-m+fp/hard/crtbegin.o
 .text          0x080001e0       0xa0 C:/ST/STM32CubeIDE_1.15.1/STM32CubeIDE/plugins/com.st.stm32cube.ide.mcu.externaltools.gnu-tools-for-stm32.12.3.rel1.win32_1.0.100.202403111256/tools/bin/../lib/gcc/arm-none-eabi/12.3.1/../../../../arm-none-eabi/lib/thumb/v7e-m+fp/hard\libc_nano.a(libc_a-memchr.o)
                0x080001e0                memchr
 *(.text*)
 .text.MilliTimer_Handler
                0x08000280       0x1c ./Src/MQTTC/mqtt_interface.o
                0x08000280                MilliTimer_Handler
 .text.pa1_adc_init
                0x0800029c       0x64 ./Src/adc.o
                0x0800029c                pa1_adc_init
 .text.start_conversion
                0x08000300       0x2c ./Src/adc.o
                0x08000300                start_conversion
 .text.led_init
                0x0800032c       0x3c ./Src/bsp.o
                0x0800032c                led_init
 .text.button_init
                0x08000368       0x3c ./Src/bsp.o
                0x08000368                button_init
 .text.fpu_enable
                0x080003a4       0x54 ./Src/fpu.o
                0x080003a4                fpu_enable
 .text.check_cable_connection
                0x080003f8       0x4c ./Src/main.o
                0x080003f8                check_cable_connection
 .text.display_phy_config
                0x08000444       0x98 ./Src/main.o
                0x08000444                display_phy_config
 .text.main     0x080004dc       0x60 ./Src/main.o
                0x080004dc                main
 .text.spi1_gpio_init
                0x0800053c      0x108 ./Src/spi.o
                0x0800053c                spi1_gpio_init
 .text.spi_init
                0x08000644       0xd0 ./Src/spi.o
                0x08000644                spi_init
 .text.spi_transmit
                0x08000714      0x240 ./Src/spi.o
                0x08000714                spi_transmit
 .text.spi_receive
                0x08000954      0x1da ./Src/spi.o
                0x08000954                spi_receive
 .text.spi_transmit_receive
                0x08000b2e      0x292 ./Src/spi.o
                0x08000b2e                spi_transmit_receive
 .text._read    0x08000dc0       0x3a ./Src/syscalls.o
                0x08000dc0                _read
 .text._write   0x08000dfa       0x38 ./Src/syscalls.o
                0x08000dfa                _write
 .text._close   0x08000e32       0x18 ./Src/syscalls.o
                0x08000e32                _close
 .text._fstat   0x08000e4a       0x20 ./Src/syscalls.o
                0x08000e4a                _fstat
 .text._isatty  0x08000e6a       0x16 ./Src/syscalls.o
                0x08000e6a                _isatty
 .text._lseek   0x08000e80       0x1a ./Src/syscalls.o
                0x08000e80                _lseek
 *fill*         0x08000e9a        0x2 
 .text._sbrk    0x08000e9c       0x6c ./Src/sysmem.o
                0x08000e9c                _sbrk
 .text.delay    0x08000f08       0x3c ./Src/timebase.o
                0x08000f08                delay
 .text.get_tick
                0x08000f44       0x2c ./Src/timebase.o
                0x08000f44                get_tick
 .text.tick_increment
                0x08000f70       0x1c ./Src/timebase.o
 .text.timebase_init
                0x08000f8c       0x48 ./Src/timebase.o
                0x08000f8c                timebase_init
 .text.SysTick_Handler
                0x08000fd4       0x10 ./Src/timebase.o
                0x08000fd4                SysTick_Handler
 .text.__io_putchar
                0x08000fe4       0x18 ./Src/uart.o
                0x08000fe4                __io_putchar
 .text.debug_uart_init
                0x08000ffc       0x94 ./Src/uart.o
                0x08000ffc                debug_uart_init
 .text.uart_write
                0x08001090       0x30 ./Src/uart.o
 .text.compute_uart_bd
                0x080010c0       0x26 ./Src/uart.o
 *fill*         0x080010e6        0x2 
 .text.uart_set_baudrate
                0x080010e8       0x28 ./Src/uart.o
 .text.ip_assigned_callback
                0x08001110       0x18 ./Src/w5500_driver.o
                0x08001110                ip_assigned_callback
 .text.ip_update_callback
                0x08001128       0x18 ./Src/w5500_driver.o
                0x08001128                ip_update_callback
 .text.ip_conflict_callback
                0x08001140       0x18 ./Src/w5500_driver.o
                0x08001140                ip_conflict_callback
 .text.wizchip_cs_pin_init
                0x08001158       0x3c ./Src/w5500_driver.o
                0x08001158                wizchip_cs_pin_init
 .text.wizchip_pin_cs_select
                0x08001194       0x20 ./Src/w5500_driver.o
                0x08001194                wizchip_pin_cs_select
 .text.wizchip_pin_cs_deselect
                0x080011b4       0x20 ./Src/w5500_driver.o
                0x080011b4                wizchip_pin_cs_deselect
 .text.wizchip_read_burst
                0x080011d4       0x28 ./Src/w5500_driver.o
                0x080011d4                wizchip_read_burst
 .text.wizchip_read_byte
                0x080011fc       0x1a ./Src/w5500_driver.o
                0x080011fc                wizchip_read_byte
 *fill*         0x08001216        0x2 
 .text.wizchip_write_burst
                0x08001218       0x28 ./Src/w5500_driver.o
                0x08001218                wizchip_write_burst
 .text.wizchip_write_byte
                0x08001240       0x1c ./Src/w5500_driver.o
                0x08001240                wizchip_write_byte
 .text.w5500_spi_init
                0x0800125c       0x58 ./Src/w5500_driver.o
                0x0800125c                w5500_spi_init
 .text.w5500_init
                0x080012b4      0x180 ./Src/w5500_driver.o
                0x080012b4                w5500_init
 .text.Reset_Handler
                0x08001434       0x50 ./Startup/startup_stm32f411retx.o
                0x08001434                Reset_Handler
 .text.Default_Handler
                0x08001484        0x2 ./Startup/startup_stm32f411retx.o
                0x08001484                RTC_Alarm_IRQHandler
                0x08001484                EXTI2_IRQHandler
                0x08001484                DebugMon_Handler
                0x08001484                SPI4_IRQHandler
                0x08001484                TIM1_CC_IRQHandler
                0x08001484                DMA2_Stream5_IRQHandler
                0x08001484                HardFault_Handler
                0x08001484                DMA1_Stream5_IRQHandler
                0x08001484                PVD_IRQHandler
                0x08001484                SDIO_IRQHandler
                0x08001484                TAMP_STAMP_IRQHandler
                0x08001484                PendSV_Handler
                0x08001484                NMI_Handler
                0x08001484                EXTI3_IRQHandler
                0x08001484                TIM1_UP_TIM10_IRQHandler
                0x08001484                I2C3_ER_IRQHandler
                0x08001484                EXTI0_IRQHandler
                0x08001484                I2C2_EV_IRQHandler
                0x08001484                DMA1_Stream2_IRQHandler
                0x08001484                FPU_IRQHandler
                0x08001484                UsageFault_Handler
                0x08001484                DMA2_Stream2_IRQHandler
                0x08001484                SPI1_IRQHandler
                0x08001484                TIM1_BRK_TIM9_IRQHandler
                0x08001484                DMA2_Stream3_IRQHandler
                0x08001484                USART6_IRQHandler
                0x08001484                DMA2_Stream0_IRQHandler
                0x08001484                TIM4_IRQHandler
                0x08001484                I2C1_EV_IRQHandler
                0x08001484                DMA1_Stream6_IRQHandler
                0x08001484                DMA1_Stream1_IRQHandler
                0x08001484                TIM3_IRQHandler
                0x08001484                RCC_IRQHandler
                0x08001484                Default_Handler
                0x08001484                EXTI15_10_IRQHandler
                0x08001484                ADC_IRQHandler
                0x08001484                DMA1_Stream7_IRQHandler
                0x08001484                SPI5_IRQHandler
                0x08001484                TIM5_IRQHandler
                0x08001484                DMA2_Stream7_IRQHandler
                0x08001484                I2C3_EV_IRQHandler
                0x08001484                EXTI9_5_IRQHandler
                0x08001484                RTC_WKUP_IRQHandler
                0x08001484                SPI2_IRQHandler
                0x08001484                MemManage_Handler
                0x08001484                DMA1_Stream0_IRQHandler
                0x08001484                SVC_Handler
                0x08001484                EXTI4_IRQHandler
                0x08001484                WWDG_IRQHandler
                0x08001484                TIM2_IRQHandler
                0x08001484                OTG_FS_WKUP_IRQHandler
                0x08001484                TIM1_TRG_COM_TIM11_IRQHandler
                0x08001484                EXTI1_IRQHandler
                0x08001484                USART2_IRQHandler
                0x08001484                I2C2_ER_IRQHandler
                0x08001484                DMA2_Stream1_IRQHandler
                0x08001484                FLASH_IRQHandler
                0x08001484                DMA2_Stream4_IRQHandler
                0x08001484                BusFault_Handler
                0x08001484                USART1_IRQHandler
                0x08001484                OTG_FS_IRQHandler
                0x08001484                SPI3_IRQHandler
                0x08001484                DMA1_Stream4_IRQHandler
                0x08001484                I2C1_ER_IRQHandler
                0x08001484                DMA2_Stream6_IRQHandler
                0x08001484                DMA1_Stream3_IRQHandler
 *fill*         0x08001486        0x2 
 .text.default_ip_assign
                0x08001488       0x38 ./Wiznet_W5500/dhcp.o
                0x08001488                default_ip_assign
 .text.default_ip_update
                0x080014c0       0x2c ./Wiznet_W5500/dhcp.o
                0x080014c0                default_ip_update
 .text.default_ip_conflict
                0x080014ec       0x28 ./Wiznet_W5500/dhcp.o
                0x080014ec                default_ip_conflict
 .text.reg_dhcp_cbfunc
                0x08001514       0x68 ./Wiznet_W5500/dhcp.o
                0x08001514                reg_dhcp_cbfunc
 .text.makeDHCPMSG
                0x0800157c      0x1ec ./Wiznet_W5500/dhcp.o
                0x0800157c                makeDHCPMSG
 .text.send_DHCP_DISCOVER
                0x08001768      0x38c ./Wiznet_W5500/dhcp.o
                0x08001768                send_DHCP_DISCOVER
 .text.send_DHCP_REQUEST
                0x08001af4      0x514 ./Wiznet_W5500/dhcp.o
                0x08001af4                send_DHCP_REQUEST
 .text.send_DHCP_DECLINE
                0x08002008      0x2a4 ./Wiznet_W5500/dhcp.o
                0x08002008                send_DHCP_DECLINE
 .text.parseDHCPMSG
                0x080022ac      0x43c ./Wiznet_W5500/dhcp.o
                0x080022ac                parseDHCPMSG
 .text.DHCP_run
                0x080026e8      0x234 ./Wiznet_W5500/dhcp.o
                0x080026e8                DHCP_run
 .text.check_DHCP_timeout
                0x0800291c       0xc0 ./Wiznet_W5500/dhcp.o
                0x0800291c                check_DHCP_timeout
 .text.check_DHCP_leasedIP
                0x080029dc       0x7c ./Wiznet_W5500/dhcp.o
                0x080029dc                check_DHCP_leasedIP
 .text.DHCP_init
                0x08002a58      0x128 ./Wiznet_W5500/dhcp.o
                0x08002a58                DHCP_init
 .text.reset_DHCP_timeout
                0x08002b80       0x2c ./Wiznet_W5500/dhcp.o
                0x08002b80                reset_DHCP_timeout
 .text.getIPfromDHCP
                0x08002bac       0x40 ./Wiznet_W5500/dhcp.o
                0x08002bac                getIPfromDHCP
 .text.getGWfromDHCP
                0x08002bec       0x40 ./Wiznet_W5500/dhcp.o
                0x08002bec                getGWfromDHCP
 .text.getSNfromDHCP
                0x08002c2c       0x40 ./Wiznet_W5500/dhcp.o
                0x08002c2c                getSNfromDHCP
 .text.NibbleToHex
                0x08002c6c       0x32 ./Wiznet_W5500/dhcp.o
                0x08002c6c                NibbleToHex
 *fill*         0x08002c9e        0x2 
 .text.socket   0x08002ca0      0x228 ./Wiznet_W5500/socket.o
                0x08002ca0                socket
 .text.close    0x08002ec8       0xdc ./Wiznet_W5500/socket.o
                0x08002ec8                close
 .text.sendto   0x08002fa4      0x268 ./Wiznet_W5500/socket.o
                0x08002fa4                sendto
 .text.recvfrom
                0x0800320c      0x3d8 ./Wiznet_W5500/socket.o
                0x0800320c                recvfrom
 .text.WIZCHIP_READ
                0x080035e4       0x98 ./Wiznet_W5500/w5500.o
                0x080035e4                WIZCHIP_READ
 .text.WIZCHIP_WRITE
                0x0800367c       0x9c ./Wiznet_W5500/w5500.o
                0x0800367c                WIZCHIP_WRITE
 .text.WIZCHIP_READ_BUF
                0x08003718       0xc0 ./Wiznet_W5500/w5500.o
                0x08003718                WIZCHIP_READ_BUF
 .text.WIZCHIP_WRITE_BUF
                0x080037d8       0xc0 ./Wiznet_W5500/w5500.o
                0x080037d8                WIZCHIP_WRITE_BUF
 .text.getSn_TX_FSR
                0x08003898       0x92 ./Wiznet_W5500/w5500.o
                0x08003898                getSn_TX_FSR
 .text.getSn_RX_RSR
                0x0800392a       0x92 ./Wiznet_W5500/w5500.o
                0x0800392a                getSn_RX_RSR
 .text.wiz_send_data
                0x080039bc       0xb4 ./Wiznet_W5500/w5500.o
                0x080039bc                wiz_send_data
 .text.wiz_recv_data
                0x08003a70       0xb4 ./Wiznet_W5500/w5500.o
                0x08003a70                wiz_recv_data
 .text.wiz_recv_ignore
                0x08003b24       0x8c ./Wiznet_W5500/w5500.o
                0x08003b24                wiz_recv_ignore
 .text.wizchip_cris_enter
                0x08003bb0        0xe ./Wiznet_W5500/wizchip_conf.o
                0x08003bb0                wizchip_cris_enter
 .text.wizchip_cris_exit
                0x08003bbe        0xe ./Wiznet_W5500/wizchip_conf.o
                0x08003bbe                wizchip_cris_exit
 .text.wizchip_cs_select
                0x08003bcc        0xe ./Wiznet_W5500/wizchip_conf.o
                0x08003bcc                wizchip_cs_select
 .text.wizchip_cs_deselect
                0x08003bda        0xe ./Wiznet_W5500/wizchip_conf.o
                0x08003bda                wizchip_cs_deselect
 .text.wizchip_bus_readdata
                0x08003be8       0x1a ./Wiznet_W5500/wizchip_conf.o
                0x08003be8                wizchip_bus_readdata
 .text.wizchip_bus_writedata
                0x08003c02       0x1e ./Wiznet_W5500/wizchip_conf.o
                0x08003c02                wizchip_bus_writedata
 .text.wizchip_spi_readbyte
                0x08003c20       0x10 ./Wiznet_W5500/wizchip_conf.o
                0x08003c20                wizchip_spi_readbyte
 .text.wizchip_spi_writebyte
                0x08003c30       0x16 ./Wiznet_W5500/wizchip_conf.o
                0x08003c30                wizchip_spi_writebyte
 .text.wizchip_spi_readburst
                0x08003c46       0x18 ./Wiznet_W5500/wizchip_conf.o
                0x08003c46                wizchip_spi_readburst
 .text.wizchip_spi_writeburst
                0x08003c5e       0x18 ./Wiznet_W5500/wizchip_conf.o
                0x08003c5e                wizchip_spi_writeburst
 *fill*         0x08003c76        0x2 
 .text.reg_wizchip_cs_cbfunc
                0x08003c78       0x4c ./Wiznet_W5500/wizchip_conf.o
                0x08003c78                reg_wizchip_cs_cbfunc
 .text.reg_wizchip_spi_cbfunc
                0x08003cc4       0x58 ./Wiznet_W5500/wizchip_conf.o
                0x08003cc4                reg_wizchip_spi_cbfunc
 .text.reg_wizchip_spiburst_cbfunc
                0x08003d1c       0x58 ./Wiznet_W5500/wizchip_conf.o
                0x08003d1c                reg_wizchip_spiburst_cbfunc
 .text.ctlwizchip
                0x08003d74      0x1c0 ./Wiznet_W5500/wizchip_conf.o
                0x08003d74                ctlwizchip
 .text.wizchip_sw_reset
                0x08003f34       0x98 ./Wiznet_W5500/wizchip_conf.o
                0x08003f34                wizchip_sw_reset
 .text.wizchip_init
                0x08003fcc      0x118 ./Wiznet_W5500/wizchip_conf.o
                0x08003fcc                wizchip_init
 .text.wizchip_clrinterrupt
                0x080040e4       0x68 ./Wiznet_W5500/wizchip_conf.o
                0x080040e4                wizchip_clrinterrupt
 .text.wizchip_getinterrupt
                0x0800414c       0x4a ./Wiznet_W5500/wizchip_conf.o
                0x0800414c                wizchip_getinterrupt
 .text.wizchip_setinterruptmask
                0x08004196       0x36 ./Wiznet_W5500/wizchip_conf.o
                0x08004196                wizchip_setinterruptmask
 .text.wizchip_getinterruptmask
                0x080041cc       0x46 ./Wiznet_W5500/wizchip_conf.o
                0x080041cc                wizchip_getinterruptmask
 .text.wizphy_getphylink
                0x08004212       0x2c ./Wiznet_W5500/wizchip_conf.o
                0x08004212                wizphy_getphylink
 .text.wizphy_getphypmode
                0x0800423e       0x32 ./Wiznet_W5500/wizchip_conf.o
                0x0800423e                wizphy_getphypmode
 .text.wizphy_reset
                0x08004270       0x4e ./Wiznet_W5500/wizchip_conf.o
                0x08004270                wizphy_reset
 .text.wizphy_setphyconf
                0x080042be       0x84 ./Wiznet_W5500/wizchip_conf.o
                0x080042be                wizphy_setphyconf
 *fill*         0x08004342        0x2 
 .text.wizphy_getphyconf
                0x08004344       0xd4 ./Wiznet_W5500/wizchip_conf.o
                0x08004344                wizphy_getphyconf
 .text.wizphy_setphypmode
                0x08004418       0x94 ./Wiznet_W5500/wizchip_conf.o
                0x08004418                wizphy_setphypmode
 .text.wizchip_setnetinfo
                0x080044ac       0x80 ./Wiznet_W5500/wizchip_conf.o
                0x080044ac                wizchip_setnetinfo
 .text.sbrk_aligned
                0x0800452c       0x44 C:/ST/STM32CubeIDE_1.15.1/STM32CubeIDE/plugins/com.st.stm32cube.ide.mcu.externaltools.gnu-tools-for-stm32.12.3.rel1.win32_1.0.100.202403111256/tools/bin/../lib/gcc/arm-none-eabi/12.3.1/../../../../arm-none-eabi/lib/thumb/v7e-m+fp/hard\libc_nano.a(libc_a-mallocr.o)
 .text._malloc_r
                0x08004570      0x100 C:/ST/STM32CubeIDE_1.15.1/STM32CubeIDE/plugins/com.st.stm32cube.ide.mcu.externaltools.gnu-tools-for-stm32.12.3.rel1.win32_1.0.100.202403111256/tools/bin/../lib/gcc/arm-none-eabi/12.3.1/../../../../arm-none-eabi/lib/thumb/v7e-m+fp/hard\libc_nano.a(libc_a-mallocr.o)
                0x08004570                _malloc_r
 .text.__malloc_lock
                0x08004670        0xc C:/ST/STM32CubeIDE_1.15.1/STM32CubeIDE/plugins/com.st.stm32cube.ide.mcu.externaltools.gnu-tools-for-stm32.12.3.rel1.win32_1.0.100.202403111256/tools/bin/../lib/gcc/arm-none-eabi/12.3.1/../../../../arm-none-eabi/lib/thumb/v7e-m+fp/hard\libc_nano.a(libc_a-mlock.o)
                0x08004670                __malloc_lock
 .text.__malloc_unlock
                0x0800467c        0xc C:/ST/STM32CubeIDE_1.15.1/STM32CubeIDE/plugins/com.st.stm32cube.ide.mcu.externaltools.gnu-tools-for-stm32.12.3.rel1.win32_1.0.100.202403111256/tools/bin/../lib/gcc/arm-none-eabi/12.3.1/../../../../arm-none-eabi/lib/thumb/v7e-m+fp/hard\libc_nano.a(libc_a-mlock.o)
                0x0800467c                __malloc_unlock
 .text.std      0x08004688       0x6c C:/ST/STM32CubeIDE_1.15.1/STM32CubeIDE/plugins/com.st.stm32cube.ide.mcu.externaltools.gnu-tools-for-stm32.12.3.rel1.win32_1.0.100.202403111256/tools/bin/../lib/gcc/arm-none-eabi/12.3.1/../../../../arm-none-eabi/lib/thumb/v7e-m+fp/hard\libc_nano.a(libc_a-findfp.o)
 .text.stdio_exit_handler
                0x080046f4       0x18 C:/ST/STM32CubeIDE_1.15.1/STM32CubeIDE/plugins/com.st.stm32cube.ide.mcu.externaltools.gnu-tools-for-stm32.12.3.rel1.win32_1.0.100.202403111256/tools/bin/../lib/gcc/arm-none-eabi/12.3.1/../../../../arm-none-eabi/lib/thumb/v7e-m+fp/hard\libc_nano.a(libc_a-findfp.o)
 .text.cleanup_stdio
                0x0800470c       0x40 C:/ST/STM32CubeIDE_1.15.1/STM32CubeIDE/plugins/com.st.stm32cube.ide.mcu.externaltools.gnu-tools-for-stm32.12.3.rel1.win32_1.0.100.202403111256/tools/bin/../lib/gcc/arm-none-eabi/12.3.1/../../../../arm-none-eabi/lib/thumb/v7e-m+fp/hard\libc_nano.a(libc_a-findfp.o)
 .text.global_stdio_init.part.0
                0x0800474c       0x3c C:/ST/STM32CubeIDE_1.15.1/STM32CubeIDE/plugins/com.st.stm32cube.ide.mcu.externaltools.gnu-tools-for-stm32.12.3.rel1.win32_1.0.100.202403111256/tools/bin/../lib/gcc/arm-none-eabi/12.3.1/../../../../arm-none-eabi/lib/thumb/v7e-m+fp/hard\libc_nano.a(libc_a-findfp.o)
 .text.__sfp_lock_acquire
                0x08004788        0xc C:/ST/STM32CubeIDE_1.15.1/STM32CubeIDE/plugins/com.st.stm32cube.ide.mcu.externaltools.gnu-tools-for-stm32.12.3.rel1.win32_1.0.100.202403111256/tools/bin/../lib/gcc/arm-none-eabi/12.3.1/../../../../arm-none-eabi/lib/thumb/v7e-m+fp/hard\libc_nano.a(libc_a-findfp.o)
                0x08004788                __sfp_lock_acquire
 .text.__sfp_lock_release
                0x08004794        0xc C:/ST/STM32CubeIDE_1.15.1/STM32CubeIDE/plugins/com.st.stm32cube.ide.mcu.externaltools.gnu-tools-for-stm32.12.3.rel1.win32_1.0.100.202403111256/tools/bin/../lib/gcc/arm-none-eabi/12.3.1/../../../../arm-none-eabi/lib/thumb/v7e-m+fp/hard\libc_nano.a(libc_a-findfp.o)
                0x08004794                __sfp_lock_release
 .text.__sinit  0x080047a0       0x30 C:/ST/STM32CubeIDE_1.15.1/STM32CubeIDE/plugins/com.st.stm32cube.ide.mcu.externaltools.gnu-tools-for-stm32.12.3.rel1.win32_1.0.100.202403111256/tools/bin/../lib/gcc/arm-none-eabi/12.3.1/../../../../arm-none-eabi/lib/thumb/v7e-m+fp/hard\libc_nano.a(libc_a-findfp.o)
                0x080047a0                __sinit
 .text._fwalk_sglue
                0x080047d0       0x3c C:/ST/STM32CubeIDE_1.15.1/STM32CubeIDE/plugins/com.st.stm32cube.ide.mcu.externaltools.gnu-tools-for-stm32.12.3.rel1.win32_1.0.100.202403111256/tools/bin/../lib/gcc/arm-none-eabi/12.3.1/../../../../arm-none-eabi/lib/thumb/v7e-m+fp/hard\libc_nano.a(libc_a-fwalk.o)
                0x080047d0                _fwalk_sglue
 .text.printf   0x0800480c       0x24 C:/ST/STM32CubeIDE_1.15.1/STM32CubeIDE/plugins/com.st.stm32cube.ide.mcu.externaltools.gnu-tools-for-stm32.12.3.rel1.win32_1.0.100.202403111256/tools/bin/../lib/gcc/arm-none-eabi/12.3.1/../../../../arm-none-eabi/lib/thumb/v7e-m+fp/hard\libc_nano.a(libc_a-printf.o)
                0x0800480c                iprintf
                0x0800480c                printf
 .text._puts_r  0x08004830       0xaa C:/ST/STM32CubeIDE_1.15.1/STM32CubeIDE/plugins/com.st.stm32cube.ide.mcu.externaltools.gnu-tools-for-stm32.12.3.rel1.win32_1.0.100.202403111256/tools/bin/../lib/gcc/arm-none-eabi/12.3.1/../../../../arm-none-eabi/lib/thumb/v7e-m+fp/hard\libc_nano.a(libc_a-puts.o)
                0x08004830                _puts_r
 *fill*         0x080048da        0x2 
 .text.puts     0x080048dc       0x10 C:/ST/STM32CubeIDE_1.15.1/STM32CubeIDE/plugins/com.st.stm32cube.ide.mcu.externaltools.gnu-tools-for-stm32.12.3.rel1.win32_1.0.100.202403111256/tools/bin/../lib/gcc/arm-none-eabi/12.3.1/../../../../arm-none-eabi/lib/thumb/v7e-m+fp/hard\libc_nano.a(libc_a-puts.o)
                0x080048dc                puts
 .text.sprintf  0x080048ec       0x40 C:/ST/STM32CubeIDE_1.15.1/STM32CubeIDE/plugins/com.st.stm32cube.ide.mcu.externaltools.gnu-tools-for-stm32.12.3.rel1.win32_1.0.100.202403111256/tools/bin/../lib/gcc/arm-none-eabi/12.3.1/../../../../arm-none-eabi/lib/thumb/v7e-m+fp/hard\libc_nano.a(libc_a-sprintf.o)
                0x080048ec                siprintf
                0x080048ec                sprintf
 .text.__sread  0x0800492c       0x22 C:/ST/STM32CubeIDE_1.15.1/STM32CubeIDE/plugins/com.st.stm32cube.ide.mcu.externaltools.gnu-tools-for-stm32.12.3.rel1.win32_1.0.100.202403111256/tools/bin/../lib/gcc/arm-none-eabi/12.3.1/../../../../arm-none-eabi/lib/thumb/v7e-m+fp/hard\libc_nano.a(libc_a-stdio.o)
                0x0800492c                __sread
 .text.__swrite
                0x0800494e       0x38 C:/ST/STM32CubeIDE_1.15.1/STM32CubeIDE/plugins/com.st.stm32cube.ide.mcu.externaltools.gnu-tools-for-stm32.12.3.rel1.win32_1.0.100.202403111256/tools/bin/../lib/gcc/arm-none-eabi/12.3.1/../../../../arm-none-eabi/lib/thumb/v7e-m+fp/hard\libc_nano.a(libc_a-stdio.o)
                0x0800494e                __swrite
 .text.__sseek  0x08004986       0x24 C:/ST/STM32CubeIDE_1.15.1/STM32CubeIDE/plugins/com.st.stm32cube.ide.mcu.externaltools.gnu-tools-for-stm32.12.3.rel1.win32_1.0.100.202403111256/tools/bin/../lib/gcc/arm-none-eabi/12.3.1/../../../../arm-none-eabi/lib/thumb/v7e-m+fp/hard\libc_nano.a(libc_a-stdio.o)
                0x08004986                __sseek
 .text.__sclose
                0x080049aa        0x8 C:/ST/STM32CubeIDE_1.15.1/STM32CubeIDE/plugins/com.st.stm32cube.ide.mcu.externaltools.gnu-tools-for-stm32.12.3.rel1.win32_1.0.100.202403111256/tools/bin/../lib/gcc/arm-none-eabi/12.3.1/../../../../arm-none-eabi/lib/thumb/v7e-m+fp/hard\libc_nano.a(libc_a-stdio.o)
                0x080049aa                __sclose
 .text.__swbuf_r
                0x080049b2       0x7c C:/ST/STM32CubeIDE_1.15.1/STM32CubeIDE/plugins/com.st.stm32cube.ide.mcu.externaltools.gnu-tools-for-stm32.12.3.rel1.win32_1.0.100.202403111256/tools/bin/../lib/gcc/arm-none-eabi/12.3.1/../../../../arm-none-eabi/lib/thumb/v7e-m+fp/hard\libc_nano.a(libc_a-wbuf.o)
                0x080049b2                __swbuf_r
 *fill*         0x08004a2e        0x2 
 .text.__swsetup_r
                0x08004a30       0xac C:/ST/STM32CubeIDE_1.15.1/STM32CubeIDE/plugins/com.st.stm32cube.ide.mcu.externaltools.gnu-tools-for-stm32.12.3.rel1.win32_1.0.100.202403111256/tools/bin/../lib/gcc/arm-none-eabi/12.3.1/../../../../arm-none-eabi/lib/thumb/v7e-m+fp/hard\libc_nano.a(libc_a-wsetup.o)
                0x08004a30                __swsetup_r
 .text.memset   0x08004adc       0x10 C:/ST/STM32CubeIDE_1.15.1/STM32CubeIDE/plugins/com.st.stm32cube.ide.mcu.externaltools.gnu-tools-for-stm32.12.3.rel1.win32_1.0.100.202403111256/tools/bin/../lib/gcc/arm-none-eabi/12.3.1/../../../../arm-none-eabi/lib/thumb/v7e-m+fp/hard\libc_nano.a(libc_a-memset.o)
                0x08004adc                memset
 .text._close_r
                0x08004aec       0x20 C:/ST/STM32CubeIDE_1.15.1/STM32CubeIDE/plugins/com.st.stm32cube.ide.mcu.externaltools.gnu-tools-for-stm32.12.3.rel1.win32_1.0.100.202403111256/tools/bin/../lib/gcc/arm-none-eabi/12.3.1/../../../../arm-none-eabi/lib/thumb/v7e-m+fp/hard\libc_nano.a(libc_a-closer.o)
                0x08004aec                _close_r
 .text._lseek_r
                0x08004b0c       0x24 C:/ST/STM32CubeIDE_1.15.1/STM32CubeIDE/plugins/com.st.stm32cube.ide.mcu.externaltools.gnu-tools-for-stm32.12.3.rel1.win32_1.0.100.202403111256/tools/bin/../lib/gcc/arm-none-eabi/12.3.1/../../../../arm-none-eabi/lib/thumb/v7e-m+fp/hard\libc_nano.a(libc_a-lseekr.o)
                0x08004b0c                _lseek_r
 .text._read_r  0x08004b30       0x24 C:/ST/STM32CubeIDE_1.15.1/STM32CubeIDE/plugins/com.st.stm32cube.ide.mcu.externaltools.gnu-tools-for-stm32.12.3.rel1.win32_1.0.100.202403111256/tools/bin/../lib/gcc/arm-none-eabi/12.3.1/../../../../arm-none-eabi/lib/thumb/v7e-m+fp/hard\libc_nano.a(libc_a-readr.o)
                0x08004b30                _read_r
 .text._sbrk_r  0x08004b54       0x20 C:/ST/STM32CubeIDE_1.15.1/STM32CubeIDE/plugins/com.st.stm32cube.ide.mcu.externaltools.gnu-tools-for-stm32.12.3.rel1.win32_1.0.100.202403111256/tools/bin/../lib/gcc/arm-none-eabi/12.3.1/../../../../arm-none-eabi/lib/thumb/v7e-m+fp/hard\libc_nano.a(libc_a-sbrkr.o)
                0x08004b54                _sbrk_r
 .text._write_r
                0x08004b74       0x24 C:/ST/STM32CubeIDE_1.15.1/STM32CubeIDE/plugins/com.st.stm32cube.ide.mcu.externaltools.gnu-tools-for-stm32.12.3.rel1.win32_1.0.100.202403111256/tools/bin/../lib/gcc/arm-none-eabi/12.3.1/../../../../arm-none-eabi/lib/thumb/v7e-m+fp/hard\libc_nano.a(libc_a-writer.o)
                0x08004b74                _write_r
 .text.__errno  0x08004b98        0xc C:/ST/STM32CubeIDE_1.15.1/STM32CubeIDE/plugins/com.st.stm32cube.ide.mcu.externaltools.gnu-tools-for-stm32.12.3.rel1.win32_1.0.100.202403111256/tools/bin/../lib/gcc/arm-none-eabi/12.3.1/../../../../arm-none-eabi/lib/thumb/v7e-m+fp/hard\libc_nano.a(libc_a-errno.o)
                0x08004b98                __errno
 .text.__libc_init_array
                0x08004ba4       0x48 C:/ST/STM32CubeIDE_1.15.1/STM32CubeIDE/plugins/com.st.stm32cube.ide.mcu.externaltools.gnu-tools-for-stm32.12.3.rel1.win32_1.0.100.202403111256/tools/bin/../lib/gcc/arm-none-eabi/12.3.1/../../../../arm-none-eabi/lib/thumb/v7e-m+fp/hard\libc_nano.a(libc_a-init.o)
                0x08004ba4                __libc_init_array
 .text.__retarget_lock_init_recursive
                0x08004bec        0x2 C:/ST/STM32CubeIDE_1.15.1/STM32CubeIDE/plugins/com.st.stm32cube.ide.mcu.externaltools.gnu-tools-for-stm32.12.3.rel1.win32_1.0.100.202403111256/tools/bin/../lib/gcc/arm-none-eabi/12.3.1/../../../../arm-none-eabi/lib/thumb/v7e-m+fp/hard\libc_nano.a(libc_a-lock.o)
                0x08004bec                __retarget_lock_init_recursive
 .text.__retarget_lock_acquire_recursive
                0x08004bee        0x2 C:/ST/STM32CubeIDE_1.15.1/STM32CubeIDE/plugins/com.st.stm32cube.ide.mcu.externaltools.gnu-tools-for-stm32.12.3.rel1.win32_1.0.100.202403111256/tools/bin/../lib/gcc/arm-none-eabi/12.3.1/../../../../arm-none-eabi/lib/thumb/v7e-m+fp/hard\libc_nano.a(libc_a-lock.o)
                0x08004bee                __retarget_lock_acquire_recursive
 .text.__retarget_lock_release_recursive
                0x08004bf0        0x2 C:/ST/STM32CubeIDE_1.15.1/STM32CubeIDE/plugins/com.st.stm32cube.ide.mcu.externaltools.gnu-tools-for-stm32.12.3.rel1.win32_1.0.100.202403111256/tools/bin/../lib/gcc/arm-none-eabi/12.3.1/../../../../arm-none-eabi/lib/thumb/v7e-m+fp/hard\libc_nano.a(libc_a-lock.o)
                0x08004bf0                __retarget_lock_release_recursive
 .text.memcpy   0x08004bf2       0x1c C:/ST/STM32CubeIDE_1.15.1/STM32CubeIDE/plugins/com.st.stm32cube.ide.mcu.externaltools.gnu-tools-for-stm32.12.3.rel1.win32_1.0.100.202403111256/tools/bin/../lib/gcc/arm-none-eabi/12.3.1/../../../../arm-none-eabi/lib/thumb/v7e-m+fp/hard\libc_nano.a(libc_a-memcpy-stub.o)
                0x08004bf2                memcpy
 *fill*         0x08004c0e        0x2 
 .text._free_r  0x08004c10       0x94 C:/ST/STM32CubeIDE_1.15.1/STM32CubeIDE/plugins/com.st.stm32cube.ide.mcu.externaltools.gnu-tools-for-stm32.12.3.rel1.win32_1.0.100.202403111256/tools/bin/../lib/gcc/arm-none-eabi/12.3.1/../../../../arm-none-eabi/lib/thumb/v7e-m+fp/hard\libc_nano.a(libc_a-freer.o)
                0x08004c10                _free_r
 .text.__ssputs_r
                0x08004ca4       0xb6 C:/ST/STM32CubeIDE_1.15.1/STM32CubeIDE/plugins/com.st.stm32cube.ide.mcu.externaltools.gnu-tools-for-stm32.12.3.rel1.win32_1.0.100.202403111256/tools/bin/../lib/gcc/arm-none-eabi/12.3.1/../../../../arm-none-eabi/lib/thumb/v7e-m+fp/hard\libc_nano.a(libc_a-nano-svfprintf.o)
                0x08004ca4                __ssputs_r
 *fill*         0x08004d5a        0x2 
 .text._svfprintf_r
                0x08004d5c      0x1f8 C:/ST/STM32CubeIDE_1.15.1/STM32CubeIDE/plugins/com.st.stm32cube.ide.mcu.externaltools.gnu-tools-for-stm32.12.3.rel1.win32_1.0.100.202403111256/tools/bin/../lib/gcc/arm-none-eabi/12.3.1/../../../../arm-none-eabi/lib/thumb/v7e-m+fp/hard\libc_nano.a(libc_a-nano-svfprintf.o)
                0x08004d5c                _svfiprintf_r
                0x08004d5c                _svfprintf_r
 .text.__sfputc_r
                0x08004f54       0x2e C:/ST/STM32CubeIDE_1.15.1/STM32CubeIDE/plugins/com.st.stm32cube.ide.mcu.externaltools.gnu-tools-for-stm32.12.3.rel1.win32_1.0.100.202403111256/tools/bin/../lib/gcc/arm-none-eabi/12.3.1/../../../../arm-none-eabi/lib/thumb/v7e-m+fp/hard\libc_nano.a(libc_a-nano-vfprintf.o)
 .text.__sfputs_r
                0x08004f82       0x24 C:/ST/STM32CubeIDE_1.15.1/STM32CubeIDE/plugins/com.st.stm32cube.ide.mcu.externaltools.gnu-tools-for-stm32.12.3.rel1.win32_1.0.100.202403111256/tools/bin/../lib/gcc/arm-none-eabi/12.3.1/../../../../arm-none-eabi/lib/thumb/v7e-m+fp/hard\libc_nano.a(libc_a-nano-vfprintf.o)
                0x08004f82                __sfputs_r
 *fill*         0x08004fa6        0x2 
 .text._vfprintf_r
                0x08004fa8      0x230 C:/ST/STM32CubeIDE_1.15.1/STM32CubeIDE/plugins/com.st.stm32cube.ide.mcu.externaltools.gnu-tools-for-stm32.12.3.rel1.win32_1.0.100.202403111256/tools/bin/../lib/gcc/arm-none-eabi/12.3.1/../../../../arm-none-eabi/lib/thumb/v7e-m+fp/hard\libc_nano.a(libc_a-nano-vfprintf.o)
                0x08004fa8                _vfprintf_r
                0x08004fa8                _vfiprintf_r
 .text._printf_common
                0x080051d8       0xda C:/ST/STM32CubeIDE_1.15.1/STM32CubeIDE/plugins/com.st.stm32cube.ide.mcu.externaltools.gnu-tools-for-stm32.12.3.rel1.win32_1.0.100.202403111256/tools/bin/../lib/gcc/arm-none-eabi/12.3.1/../../../../arm-none-eabi/lib/thumb/v7e-m+fp/hard\libc_nano.a(libc_a-nano-vfprintf_i.o)
                0x080051d8                _printf_common
 *fill*         0x080052b2        0x2 
 .text._printf_i
                0x080052b4      0x240 C:/ST/STM32CubeIDE_1.15.1/STM32CubeIDE/plugins/com.st.stm32cube.ide.mcu.externaltools.gnu-tools-for-stm32.12.3.rel1.win32_1.0.100.202403111256/tools/bin/../lib/gcc/arm-none-eabi/12.3.1/../../../../arm-none-eabi/lib/thumb/v7e-m+fp/hard\libc_nano.a(libc_a-nano-vfprintf_i.o)
                0x080052b4                _printf_i
 .text.__sflush_r
                0x080054f4      0x108 C:/ST/STM32CubeIDE_1.15.1/STM32CubeIDE/plugins/com.st.stm32cube.ide.mcu.externaltools.gnu-tools-for-stm32.12.3.rel1.win32_1.0.100.202403111256/tools/bin/../lib/gcc/arm-none-eabi/12.3.1/../../../../arm-none-eabi/lib/thumb/v7e-m+fp/hard\libc_nano.a(libc_a-fflush.o)
                0x080054f4                __sflush_r
 .text._fflush_r
                0x080055fc       0x50 C:/ST/STM32CubeIDE_1.15.1/STM32CubeIDE/plugins/com.st.stm32cube.ide.mcu.externaltools.gnu-tools-for-stm32.12.3.rel1.win32_1.0.100.202403111256/tools/bin/../lib/gcc/arm-none-eabi/12.3.1/../../../../arm-none-eabi/lib/thumb/v7e-m+fp/hard\libc_nano.a(libc_a-fflush.o)
                0x080055fc                _fflush_r
 .text.__swhatbuf_r
                0x0800564c       0x4c C:/ST/STM32CubeIDE_1.15.1/STM32CubeIDE/plugins/com.st.stm32cube.ide.mcu.externaltools.gnu-tools-for-stm32.12.3.rel1.win32_1.0.100.202403111256/tools/bin/../lib/gcc/arm-none-eabi/12.3.1/../../../../arm-none-eabi/lib/thumb/v7e-m+fp/hard\libc_nano.a(libc_a-makebuf.o)
                0x0800564c                __swhatbuf_r
 .text.__smakebuf_r
                0x08005698       0x78 C:/ST/STM32CubeIDE_1.15.1/STM32CubeIDE/plugins/com.st.stm32cube.ide.mcu.externaltools.gnu-tools-for-stm32.12.3.rel1.win32_1.0.100.202403111256/tools/bin/../lib/gcc/arm-none-eabi/12.3.1/../../../../arm-none-eabi/lib/thumb/v7e-m+fp/hard\libc_nano.a(libc_a-makebuf.o)
                0x08005698                __smakebuf_r
 .text.memmove  0x08005710       0x34 C:/ST/STM32CubeIDE_1.15.1/STM32CubeIDE/plugins/com.st.stm32cube.ide.mcu.externaltools.gnu-tools-for-stm32.12.3.rel1.win32_1.0.100.202403111256/tools/bin/../lib/gcc/arm-none-eabi/12.3.1/../../../../arm-none-eabi/lib/thumb/v7e-m+fp/hard\libc_nano.a(libc_a-memmove.o)
                0x08005710                memmove
 .text._fstat_r
                0x08005744       0x24 C:/ST/STM32CubeIDE_1.15.1/STM32CubeIDE/plugins/com.st.stm32cube.ide.mcu.externaltools.gnu-tools-for-stm32.12.3.rel1.win32_1.0.100.202403111256/tools/bin/../lib/gcc/arm-none-eabi/12.3.1/../../../../arm-none-eabi/lib/thumb/v7e-m+fp/hard\libc_nano.a(libc_a-fstatr.o)
                0x08005744                _fstat_r
 .text._isatty_r
                0x08005768       0x20 C:/ST/STM32CubeIDE_1.15.1/STM32CubeIDE/plugins/com.st.stm32cube.ide.mcu.externaltools.gnu-tools-for-stm32.12.3.rel1.win32_1.0.100.202403111256/tools/bin/../lib/gcc/arm-none-eabi/12.3.1/../../../../arm-none-eabi/lib/thumb/v7e-m+fp/hard\libc_nano.a(libc_a-isattyr.o)
                0x08005768                _isatty_r
 .text._realloc_r
                0x08005788       0x5c C:/ST/STM32CubeIDE_1.15.1/STM32CubeIDE/plugins/com.st.stm32cube.ide.mcu.externaltools.gnu-tools-for-stm32.12.3.rel1.win32_1.0.100.202403111256/tools/bin/../lib/gcc/arm-none-eabi/12.3.1/../../../../arm-none-eabi/lib/thumb/v7e-m+fp/hard\libc_nano.a(libc_a-reallocr.o)
                0x08005788                _realloc_r
 .text._malloc_usable_size_r
                0x080057e4       0x10 C:/ST/STM32CubeIDE_1.15.1/STM32CubeIDE/plugins/com.st.stm32cube.ide.mcu.externaltools.gnu-tools-for-stm32.12.3.rel1.win32_1.0.100.202403111256/tools/bin/../lib/gcc/arm-none-eabi/12.3.1/../../../../arm-none-eabi/lib/thumb/v7e-m+fp/hard\libc_nano.a(libc_a-msizer.o)
                0x080057e4                _malloc_usable_size_r
 *(.glue_7)
 .glue_7        0x080057f4        0x0 linker stubs
 *(.glue_7t)
 .glue_7t       0x080057f4        0x0 linker stubs
 *(.eh_frame)
 .eh_frame      0x080057f4        0x0 C:/ST/STM32CubeIDE_1.15.1/STM32CubeIDE/plugins/com.st.stm32cube.ide.mcu.externaltools.gnu-tools-for-stm32.12.3.rel1.win32_1.0.100.202403111256/tools/bin/../lib/gcc/arm-none-eabi/12.3.1/thumb/v7e-m+fp/hard/crtbegin.o
 *(.init)
 .init          0x080057f4        0x4 C:/ST/STM32CubeIDE_1.15.1/STM32CubeIDE/plugins/com.st.stm32cube.ide.mcu.externaltools.gnu-tools-for-stm32.12.3.rel1.win32_1.0.100.202403111256/tools/bin/../lib/gcc/arm-none-eabi/12.3.1/thumb/v7e-m+fp/hard/crti.o
                0x080057f4                _init
 .init          0x080057f8        0x8 C:/ST/STM32CubeIDE_1.15.1/STM32CubeIDE/plugins/com.st.stm32cube.ide.mcu.externaltools.gnu-tools-for-stm32.12.3.rel1.win32_1.0.100.202403111256/tools/bin/../lib/gcc/arm-none-eabi/12.3.1/thumb/v7e-m+fp/hard/crtn.o
 *(.fini)
 .fini          0x08005800        0x4 C:/ST/STM32CubeIDE_1.15.1/STM32CubeIDE/plugins/com.st.stm32cube.ide.mcu.externaltools.gnu-tools-for-stm32.12.3.rel1.win32_1.0.100.202403111256/tools/bin/../lib/gcc/arm-none-eabi/12.3.1/thumb/v7e-m+fp/hard/crti.o
                0x08005800                _fini
 .fini          0x08005804        0x8 C:/ST/STM32CubeIDE_1.15.1/STM32CubeIDE/plugins/com.st.stm32cube.ide.mcu.externaltools.gnu-tools-for-stm32.12.3.rel1.win32_1.0.100.202403111256/tools/bin/../lib/gcc/arm-none-eabi/12.3.1/thumb/v7e-m+fp/hard/crtn.o
                0x0800580c                        . = ALIGN (0x4)
                0x0800580c                        _etext = .

.vfp11_veneer   0x0800580c        0x0
 .vfp11_veneer  0x0800580c        0x0 linker stubs

.v4_bx          0x0800580c        0x0
 .v4_bx         0x0800580c        0x0 linker stubs

.iplt           0x0800580c        0x0
 .iplt          0x0800580c        0x0 C:/ST/STM32CubeIDE_1.15.1/STM32CubeIDE/plugins/com.st.stm32cube.ide.mcu.externaltools.gnu-tools-for-stm32.12.3.rel1.win32_1.0.100.202403111256/tools/bin/../lib/gcc/arm-none-eabi/12.3.1/thumb/v7e-m+fp/hard/crtbegin.o

.rodata         0x0800580c      0x204
                0x0800580c                        . = ALIGN (0x4)
 *(.rodata)
 .rodata        0x0800580c      0x126 ./Src/main.o
 *fill*         0x08005932        0x2 
 .rodata        0x08005934       0x94 ./Src/w5500_driver.o
 .rodata        0x080059c8       0x12 ./Wiznet_W5500/dhcp.o
 *(.rodata*)
 .rodata._svfprintf_r.str1.1
                0x080059da       0x11 C:/ST/STM32CubeIDE_1.15.1/STM32CubeIDE/plugins/com.st.stm32cube.ide.mcu.externaltools.gnu-tools-for-stm32.12.3.rel1.win32_1.0.100.202403111256/tools/bin/../lib/gcc/arm-none-eabi/12.3.1/../../../../arm-none-eabi/lib/thumb/v7e-m+fp/hard\libc_nano.a(libc_a-nano-svfprintf.o)
 .rodata._vfprintf_r.str1.1
                0x080059eb       0x11 C:/ST/STM32CubeIDE_1.15.1/STM32CubeIDE/plugins/com.st.stm32cube.ide.mcu.externaltools.gnu-tools-for-stm32.12.3.rel1.win32_1.0.100.202403111256/tools/bin/../lib/gcc/arm-none-eabi/12.3.1/../../../../arm-none-eabi/lib/thumb/v7e-m+fp/hard\libc_nano.a(libc_a-nano-vfprintf.o)
 .rodata._printf_i.str1.1
                0x080059eb       0x22 C:/ST/STM32CubeIDE_1.15.1/STM32CubeIDE/plugins/com.st.stm32cube.ide.mcu.externaltools.gnu-tools-for-stm32.12.3.rel1.win32_1.0.100.202403111256/tools/bin/../lib/gcc/arm-none-eabi/12.3.1/../../../../arm-none-eabi/lib/thumb/v7e-m+fp/hard\libc_nano.a(libc_a-nano-vfprintf_i.o)
                0x08005a10                        . = ALIGN (0x4)
 *fill*         0x08005a0d        0x3 

.ARM.extab      0x08005a10        0x0
                0x08005a10                        . = ALIGN (0x4)
 *(.ARM.extab* .gnu.linkonce.armextab.*)
                0x08005a10                        . = ALIGN (0x4)

.ARM            0x08005a10        0x8
                0x08005a10                        . = ALIGN (0x4)
                0x08005a10                        __exidx_start = .
 *(.ARM.exidx*)
 .ARM.exidx     0x08005a10        0x8 C:/ST/STM32CubeIDE_1.15.1/STM32CubeIDE/plugins/com.st.stm32cube.ide.mcu.externaltools.gnu-tools-for-stm32.12.3.rel1.win32_1.0.100.202403111256/tools/bin/../lib/gcc/arm-none-eabi/12.3.1/../../../../arm-none-eabi/lib/thumb/v7e-m+fp/hard\libc_nano.a(libc_a-memchr.o)
                0x08005a18                        __exidx_end = .
                0x08005a18                        . = ALIGN (0x4)

.rel.dyn        0x08005a18        0x0
 .rel.iplt      0x08005a18        0x0 C:/ST/STM32CubeIDE_1.15.1/STM32CubeIDE/plugins/com.st.stm32cube.ide.mcu.externaltools.gnu-tools-for-stm32.12.3.rel1.win32_1.0.100.202403111256/tools/bin/../lib/gcc/arm-none-eabi/12.3.1/thumb/v7e-m+fp/hard/crtbegin.o

.preinit_array  0x08005a18        0x0
                0x08005a18                        . = ALIGN (0x4)
                0x08005a18                        PROVIDE (__preinit_array_start = .)
 *(.preinit_array*)
                0x08005a18                        PROVIDE (__preinit_array_end = .)
                0x08005a18                        . = ALIGN (0x4)

.init_array     0x08005a18        0x4
                0x08005a18                        . = ALIGN (0x4)
                0x08005a18                        PROVIDE (__init_array_start = .)
 *(SORT_BY_NAME(.init_array.*))
 *(.init_array*)
 .init_array    0x08005a18        0x4 C:/ST/STM32CubeIDE_1.15.1/STM32CubeIDE/plugins/com.st.stm32cube.ide.mcu.externaltools.gnu-tools-for-stm32.12.3.rel1.win32_1.0.100.202403111256/tools/bin/../lib/gcc/arm-none-eabi/12.3.1/thumb/v7e-m+fp/hard/crtbegin.o
                0x08005a1c                        PROVIDE (__init_array_end = .)
                0x08005a1c                        . = ALIGN (0x4)

.fini_array     0x08005a1c        0x4
                0x08005a1c                        . = ALIGN (0x4)
                [!provide]                        PROVIDE (__fini_array_start = .)
 *(SORT_BY_NAME(.fini_array.*))
 *(.fini_array*)
 .fini_array    0x08005a1c        0x4 C:/ST/STM32CubeIDE_1.15.1/STM32CubeIDE/plugins/com.st.stm32cube.ide.mcu.externaltools.gnu-tools-for-stm32.12.3.rel1.win32_1.0.100.202403111256/tools/bin/../lib/gcc/arm-none-eabi/12.3.1/thumb/v7e-m+fp/hard/crtbegin.o
                [!provide]                        PROVIDE (__fini_array_end = .)
                0x08005a20                        . = ALIGN (0x4)
                0x08005a20                        _sidata = LOADADDR (.data)

.data           0x20000000       0xc0 load address 0x08005a20
                0x20000000                        . = ALIGN (0x4)
                0x20000000                        _sdata = .
 *(.data)
 *(.data*)
 .data.net_info
                0x20000000       0x17 ./Src/w5500_driver.o
                0x20000000                net_info
 *fill*         0x20000017        0x1 
 .data.dhcp_lease_time
                0x20000018        0x4 ./Wiznet_W5500/dhcp.o
                0x20000018                dhcp_lease_time
 .data.dhcp_tick_next
                0x2000001c        0x4 ./Wiznet_W5500/dhcp.o
                0x2000001c                dhcp_tick_next
 .data.HOST_NAME
                0x20000020        0x8 ./Wiznet_W5500/dhcp.o
                0x20000020                HOST_NAME
 .data.dhcp_ip_assign
                0x20000028        0x4 ./Wiznet_W5500/dhcp.o
                0x20000028                dhcp_ip_assign
 .data.dhcp_ip_update
                0x2000002c        0x4 ./Wiznet_W5500/dhcp.o
                0x2000002c                dhcp_ip_update
 .data.dhcp_ip_conflict
                0x20000030        0x4 ./Wiznet_W5500/dhcp.o
                0x20000030                dhcp_ip_conflict
 .data.sock_any_port
                0x20000034        0x2 ./Wiznet_W5500/socket.o
 *fill*         0x20000036        0x2 
 .data.WIZCHIP  0x20000038       0x2c ./Wiznet_W5500/wizchip_conf.o
                0x20000038                WIZCHIP
 .data.__sglue  0x20000064        0xc C:/ST/STM32CubeIDE_1.15.1/STM32CubeIDE/plugins/com.st.stm32cube.ide.mcu.externaltools.gnu-tools-for-stm32.12.3.rel1.win32_1.0.100.202403111256/tools/bin/../lib/gcc/arm-none-eabi/12.3.1/../../../../arm-none-eabi/lib/thumb/v7e-m+fp/hard\libc_nano.a(libc_a-findfp.o)
                0x20000064                __sglue
 .data._impure_ptr
                0x20000070        0x4 C:/ST/STM32CubeIDE_1.15.1/STM32CubeIDE/plugins/com.st.stm32cube.ide.mcu.externaltools.gnu-tools-for-stm32.12.3.rel1.win32_1.0.100.202403111256/tools/bin/../lib/gcc/arm-none-eabi/12.3.1/../../../../arm-none-eabi/lib/thumb/v7e-m+fp/hard\libc_nano.a(libc_a-impure.o)
                0x20000070                _impure_ptr
 .data._impure_data
                0x20000074       0x4c C:/ST/STM32CubeIDE_1.15.1/STM32CubeIDE/plugins/com.st.stm32cube.ide.mcu.externaltools.gnu-tools-for-stm32.12.3.rel1.win32_1.0.100.202403111256/tools/bin/../lib/gcc/arm-none-eabi/12.3.1/../../../../arm-none-eabi/lib/thumb/v7e-m+fp/hard\libc_nano.a(libc_a-impure.o)
                0x20000074                _impure_data
 *(.RamFunc)
 *(.RamFunc*)
                0x200000c0                        . = ALIGN (0x4)
                0x200000c0                        _edata = .

.igot.plt       0x200000c0        0x0 load address 0x08005ae0
 .igot.plt      0x200000c0        0x0 C:/ST/STM32CubeIDE_1.15.1/STM32CubeIDE/plugins/com.st.stm32cube.ide.mcu.externaltools.gnu-tools-for-stm32.12.3.rel1.win32_1.0.100.202403111256/tools/bin/../lib/gcc/arm-none-eabi/12.3.1/thumb/v7e-m+fp/hard/crtbegin.o
                0x200000c0                        . = ALIGN (0x4)

.bss            0x200000c0      0x6c8 load address 0x08005ae0
                0x200000c0                        _sbss = .
                0x200000c0                        __bss_start__ = _sbss
 *(.bss)
 .bss           0x200000c0       0x1c C:/ST/STM32CubeIDE_1.15.1/STM32CubeIDE/plugins/com.st.stm32cube.ide.mcu.externaltools.gnu-tools-for-stm32.12.3.rel1.win32_1.0.100.202403111256/tools/bin/../lib/gcc/arm-none-eabi/12.3.1/thumb/v7e-m+fp/hard/crtbegin.o
 *(.bss*)
 .bss.MilliTimer
                0x200000dc        0x4 ./Src/MQTTC/mqtt_interface.o
                0x200000dc                MilliTimer
 .bss.current_phy_conf
                0x200000e0        0x4 ./Src/main.o
                0x200000e0                current_phy_conf
 .bss.__sbrk_heap_end
                0x200000e4        0x4 ./Src/sysmem.o
 .bss.g_curr_tick
                0x200000e8        0x4 ./Src/timebase.o
                0x200000e8                g_curr_tick
 .bss.g_curr_tick_p
                0x200000ec        0x4 ./Src/timebase.o
                0x200000ec                g_curr_tick_p
 .bss.hspi1     0x200000f0       0x44 ./Src/w5500_driver.o
                0x200000f0                hspi1
 .bss.temp_buffer
                0x20000134       0xaa ./Src/w5500_driver.o
                0x20000134                temp_buffer
 *fill*         0x200001de        0x2 
 .bss.dhcp_buffer
                0x200001e0      0x400 ./Src/w5500_driver.o
                0x200001e0                dhcp_buffer
 .bss.is_ip_assigned
                0x200005e0        0x1 ./Src/w5500_driver.o
                0x200005e0                is_ip_assigned
 .bss.DHCP_SOCKET
                0x200005e1        0x1 ./Wiznet_W5500/dhcp.o
                0x200005e1                DHCP_SOCKET
 *fill*         0x200005e2        0x2 
 .bss.DHCP_SIP  0x200005e4        0x4 ./Wiznet_W5500/dhcp.o
                0x200005e4                DHCP_SIP
 .bss.DHCP_REAL_SIP
                0x200005e8        0x4 ./Wiznet_W5500/dhcp.o
                0x200005e8                DHCP_REAL_SIP
 .bss.OLD_allocated_ip
                0x200005ec        0x4 ./Wiznet_W5500/dhcp.o
                0x200005ec                OLD_allocated_ip
 .bss.DHCP_allocated_ip
                0x200005f0        0x4 ./Wiznet_W5500/dhcp.o
                0x200005f0                DHCP_allocated_ip
 .bss.DHCP_allocated_gw
                0x200005f4        0x4 ./Wiznet_W5500/dhcp.o
                0x200005f4                DHCP_allocated_gw
 .bss.DHCP_allocated_sn
                0x200005f8        0x4 ./Wiznet_W5500/dhcp.o
                0x200005f8                DHCP_allocated_sn
 .bss.DHCP_allocated_dns
                0x200005fc        0x4 ./Wiznet_W5500/dhcp.o
                0x200005fc                DHCP_allocated_dns
 .bss.dhcp_state
                0x20000600        0x1 ./Wiznet_W5500/dhcp.o
                0x20000600                dhcp_state
 .bss.dhcp_retry_count
                0x20000601        0x1 ./Wiznet_W5500/dhcp.o
                0x20000601                dhcp_retry_count
 *fill*         0x20000602        0x2 
 .bss.dhcp_tick_1s
                0x20000604        0x4 ./Wiznet_W5500/dhcp.o
                0x20000604                dhcp_tick_1s
 .bss.DHCP_XID  0x20000608        0x4 ./Wiznet_W5500/dhcp.o
                0x20000608                DHCP_XID
 .bss.pDHCPMSG  0x2000060c        0x4 ./Wiznet_W5500/dhcp.o
                0x2000060c                pDHCPMSG
 .bss.DHCP_CHADDR
                0x20000610        0x6 ./Wiznet_W5500/dhcp.o
                0x20000610                DHCP_CHADDR
 .bss.sock_io_mode
                0x20000616        0x2 ./Wiznet_W5500/socket.o
 .bss.sock_is_sending
                0x20000618        0x2 ./Wiznet_W5500/socket.o
 *fill*         0x2000061a        0x2 
 .bss.sock_remained_size
                0x2000061c       0x10 ./Wiznet_W5500/socket.o
 .bss.sock_pack_info
                0x2000062c        0x8 ./Wiznet_W5500/socket.o
                0x2000062c                sock_pack_info
 .bss._DNS_     0x20000634        0x4 ./Wiznet_W5500/wizchip_conf.o
 .bss._DHCP_    0x20000638        0x1 ./Wiznet_W5500/wizchip_conf.o
 *fill*         0x20000639        0x3 
 .bss.__malloc_sbrk_start
                0x2000063c        0x4 C:/ST/STM32CubeIDE_1.15.1/STM32CubeIDE/plugins/com.st.stm32cube.ide.mcu.externaltools.gnu-tools-for-stm32.12.3.rel1.win32_1.0.100.202403111256/tools/bin/../lib/gcc/arm-none-eabi/12.3.1/../../../../arm-none-eabi/lib/thumb/v7e-m+fp/hard\libc_nano.a(libc_a-mallocr.o)
                0x2000063c                __malloc_sbrk_start
 .bss.__malloc_free_list
                0x20000640        0x4 C:/ST/STM32CubeIDE_1.15.1/STM32CubeIDE/plugins/com.st.stm32cube.ide.mcu.externaltools.gnu-tools-for-stm32.12.3.rel1.win32_1.0.100.202403111256/tools/bin/../lib/gcc/arm-none-eabi/12.3.1/../../../../arm-none-eabi/lib/thumb/v7e-m+fp/hard\libc_nano.a(libc_a-mallocr.o)
                0x20000640                __malloc_free_list
 .bss.__sf      0x20000644      0x138 C:/ST/STM32CubeIDE_1.15.1/STM32CubeIDE/plugins/com.st.stm32cube.ide.mcu.externaltools.gnu-tools-for-stm32.12.3.rel1.win32_1.0.100.202403111256/tools/bin/../lib/gcc/arm-none-eabi/12.3.1/../../../../arm-none-eabi/lib/thumb/v7e-m+fp/hard\libc_nano.a(libc_a-findfp.o)
                0x20000644                __sf
 .bss.__stdio_exit_handler
                0x2000077c        0x4 C:/ST/STM32CubeIDE_1.15.1/STM32CubeIDE/plugins/com.st.stm32cube.ide.mcu.externaltools.gnu-tools-for-stm32.12.3.rel1.win32_1.0.100.202403111256/tools/bin/../lib/gcc/arm-none-eabi/12.3.1/../../../../arm-none-eabi/lib/thumb/v7e-m+fp/hard\libc_nano.a(libc_a-findfp.o)
                0x2000077c                __stdio_exit_handler
 .bss.errno     0x20000780        0x4 C:/ST/STM32CubeIDE_1.15.1/STM32CubeIDE/plugins/com.st.stm32cube.ide.mcu.externaltools.gnu-tools-for-stm32.12.3.rel1.win32_1.0.100.202403111256/tools/bin/../lib/gcc/arm-none-eabi/12.3.1/../../../../arm-none-eabi/lib/thumb/v7e-m+fp/hard\libc_nano.a(libc_a-reent.o)
                0x20000780                errno
 .bss.__lock___malloc_recursive_mutex
                0x20000784        0x1 C:/ST/STM32CubeIDE_1.15.1/STM32CubeIDE/plugins/com.st.stm32cube.ide.mcu.externaltools.gnu-tools-for-stm32.12.3.rel1.win32_1.0.100.202403111256/tools/bin/../lib/gcc/arm-none-eabi/12.3.1/../../../../arm-none-eabi/lib/thumb/v7e-m+fp/hard\libc_nano.a(libc_a-lock.o)
                0x20000784                __lock___malloc_recursive_mutex
 .bss.__lock___sfp_recursive_mutex
                0x20000785        0x1 C:/ST/STM32CubeIDE_1.15.1/STM32CubeIDE/plugins/com.st.stm32cube.ide.mcu.externaltools.gnu-tools-for-stm32.12.3.rel1.win32_1.0.100.202403111256/tools/bin/../lib/gcc/arm-none-eabi/12.3.1/../../../../arm-none-eabi/lib/thumb/v7e-m+fp/hard\libc_nano.a(libc_a-lock.o)
                0x20000785                __lock___sfp_recursive_mutex
 *(COMMON)
                0x20000788                        . = ALIGN (0x4)
 *fill*         0x20000786        0x2 
                0x20000788                        _ebss = .
                0x20000788                        __bss_end__ = _ebss

._user_heap_stack
                0x20000788      0x600 load address 0x08005ae0
                0x20000788                        . = ALIGN (0x8)
                [!provide]                        PROVIDE (end = .)
                0x20000788                        PROVIDE (_end = .)
                0x20000988                        . = (. + _Min_Heap_Size)
 *fill*         0x20000788      0x200 
                0x20000d88                        . = (. + _Min_Stack_Size)
 *fill*         0x20000988      0x400 
                0x20000d88                        . = ALIGN (0x8)

/DISCARD/
 libc.a(*)
 libm.a(*)
 libgcc.a(*)

.ARM.attributes
                0x00000000       0x30
 *(.ARM.attributes)
 .ARM.attributes
                0x00000000       0x22 C:/ST/STM32CubeIDE_1.15.1/STM32CubeIDE/plugins/com.st.stm32cube.ide.mcu.externaltools.gnu-tools-for-stm32.12.3.rel1.win32_1.0.100.202403111256/tools/bin/../lib/gcc/arm-none-eabi/12.3.1/thumb/v7e-m+fp/hard/crti.o
 .ARM.attributes
                0x00000022       0x34 C:/ST/STM32CubeIDE_1.15.1/STM32CubeIDE/plugins/com.st.stm32cube.ide.mcu.externaltools.gnu-tools-for-stm32.12.3.rel1.win32_1.0.100.202403111256/tools/bin/../lib/gcc/arm-none-eabi/12.3.1/thumb/v7e-m+fp/hard/crtbegin.o
 .ARM.attributes
                0x00000056       0x34 ./Src/MQTTC/mqtt_interface.o
 .ARM.attributes
                0x0000008a       0x34 ./Src/adc.o
 .ARM.attributes
                0x000000be       0x34 ./Src/bsp.o
 .ARM.attributes
                0x000000f2       0x34 ./Src/fpu.o
 .ARM.attributes
                0x00000126       0x34 ./Src/main.o
 .ARM.attributes
                0x0000015a       0x34 ./Src/spi.o
 .ARM.attributes
                0x0000018e       0x34 ./Src/syscalls.o
 .ARM.attributes
                0x000001c2       0x34 ./Src/sysmem.o
 .ARM.attributes
                0x000001f6       0x34 ./Src/timebase.o
 .ARM.attributes
                0x0000022a       0x34 ./Src/uart.o
 .ARM.attributes
                0x0000025e       0x34 ./Src/w5500_driver.o
 .ARM.attributes
                0x00000292       0x21 ./Startup/startup_stm32f411retx.o
 .ARM.attributes
                0x000002b3       0x34 ./Wiznet_W5500/dhcp.o
 .ARM.attributes
                0x000002e7       0x34 ./Wiznet_W5500/socket.o
 .ARM.attributes
                0x0000031b       0x34 ./Wiznet_W5500/w5500.o
 .ARM.attributes
                0x0000034f       0x34 ./Wiznet_W5500/wizchip_conf.o
 .ARM.attributes
                0x00000383       0x34 C:/ST/STM32CubeIDE_1.15.1/STM32CubeIDE/plugins/com.st.stm32cube.ide.mcu.externaltools.gnu-tools-for-stm32.12.3.rel1.win32_1.0.100.202403111256/tools/bin/../lib/gcc/arm-none-eabi/12.3.1/../../../../arm-none-eabi/lib/thumb/v7e-m+fp/hard\libc_nano.a(libc_a-mallocr.o)
 .ARM.attributes
                0x000003b7       0x34 C:/ST/STM32CubeIDE_1.15.1/STM32CubeIDE/plugins/com.st.stm32cube.ide.mcu.externaltools.gnu-tools-for-stm32.12.3.rel1.win32_1.0.100.202403111256/tools/bin/../lib/gcc/arm-none-eabi/12.3.1/../../../../arm-none-eabi/lib/thumb/v7e-m+fp/hard\libc_nano.a(libc_a-mlock.o)
 .ARM.attributes
                0x000003eb       0x34 C:/ST/STM32CubeIDE_1.15.1/STM32CubeIDE/plugins/com.st.stm32cube.ide.mcu.externaltools.gnu-tools-for-stm32.12.3.rel1.win32_1.0.100.202403111256/tools/bin/../lib/gcc/arm-none-eabi/12.3.1/../../../../arm-none-eabi/lib/thumb/v7e-m+fp/hard\libc_nano.a(libc_a-findfp.o)
 .ARM.attributes
                0x0000041f       0x34 C:/ST/STM32CubeIDE_1.15.1/STM32CubeIDE/plugins/com.st.stm32cube.ide.mcu.externaltools.gnu-tools-for-stm32.12.3.rel1.win32_1.0.100.202403111256/tools/bin/../lib/gcc/arm-none-eabi/12.3.1/../../../../arm-none-eabi/lib/thumb/v7e-m+fp/hard\libc_nano.a(libc_a-fwalk.o)
 .ARM.attributes
                0x00000453       0x34 C:/ST/STM32CubeIDE_1.15.1/STM32CubeIDE/plugins/com.st.stm32cube.ide.mcu.externaltools.gnu-tools-for-stm32.12.3.rel1.win32_1.0.100.202403111256/tools/bin/../lib/gcc/arm-none-eabi/12.3.1/../../../../arm-none-eabi/lib/thumb/v7e-m+fp/hard\libc_nano.a(libc_a-printf.o)
 .ARM.attributes
                0x00000487       0x34 C:/ST/STM32CubeIDE_1.15.1/STM32CubeIDE/plugins/com.st.stm32cube.ide.mcu.externaltools.gnu-tools-for-stm32.12.3.rel1.win32_1.0.100.202403111256/tools/bin/../lib/gcc/arm-none-eabi/12.3.1/../../../../arm-none-eabi/lib/thumb/v7e-m+fp/hard\libc_nano.a(libc_a-puts.o)
 .ARM.attributes
                0x000004bb       0x34 C:/ST/STM32CubeIDE_1.15.1/STM32CubeIDE/plugins/com.st.stm32cube.ide.mcu.externaltools.gnu-tools-for-stm32.12.3.rel1.win32_1.0.100.202403111256/tools/bin/../lib/gcc/arm-none-eabi/12.3.1/../../../../arm-none-eabi/lib/thumb/v7e-m+fp/hard\libc_nano.a(libc_a-sprintf.o)
 .ARM.attributes
                0x000004ef       0x34 C:/ST/STM32CubeIDE_1.15.1/STM32CubeIDE/plugins/com.st.stm32cube.ide.mcu.externaltools.gnu-tools-for-stm32.12.3.rel1.win32_1.0.100.202403111256/tools/bin/../lib/gcc/arm-none-eabi/12.3.1/../../../../arm-none-eabi/lib/thumb/v7e-m+fp/hard\libc_nano.a(libc_a-stdio.o)
 .ARM.attributes
                0x00000523       0x34 C:/ST/STM32CubeIDE_1.15.1/STM32CubeIDE/plugins/com.st.stm32cube.ide.mcu.externaltools.gnu-tools-for-stm32.12.3.rel1.win32_1.0.100.202403111256/tools/bin/../lib/gcc/arm-none-eabi/12.3.1/../../../../arm-none-eabi/lib/thumb/v7e-m+fp/hard\libc_nano.a(libc_a-wbuf.o)
 .ARM.attributes
                0x00000557       0x34 C:/ST/STM32CubeIDE_1.15.1/STM32CubeIDE/plugins/com.st.stm32cube.ide.mcu.externaltools.gnu-tools-for-stm32.12.3.rel1.win32_1.0.100.202403111256/tools/bin/../lib/gcc/arm-none-eabi/12.3.1/../../../../arm-none-eabi/lib/thumb/v7e-m+fp/hard\libc_nano.a(libc_a-wsetup.o)
 .ARM.attributes
                0x0000058b       0x34 C:/ST/STM32CubeIDE_1.15.1/STM32CubeIDE/plugins/com.st.stm32cube.ide.mcu.externaltools.gnu-tools-for-stm32.12.3.rel1.win32_1.0.100.202403111256/tools/bin/../lib/gcc/arm-none-eabi/12.3.1/../../../../arm-none-eabi/lib/thumb/v7e-m+fp/hard\libc_nano.a(libc_a-memset.o)
 .ARM.attributes
                0x000005bf       0x34 C:/ST/STM32CubeIDE_1.15.1/STM32CubeIDE/plugins/com.st.stm32cube.ide.mcu.externaltools.gnu-tools-for-stm32.12.3.rel1.win32_1.0.100.202403111256/tools/bin/../lib/gcc/arm-none-eabi/12.3.1/../../../../arm-none-eabi/lib/thumb/v7e-m+fp/hard\libc_nano.a(libc_a-closer.o)
 .ARM.attributes
                0x000005f3       0x34 C:/ST/STM32CubeIDE_1.15.1/STM32CubeIDE/plugins/com.st.stm32cube.ide.mcu.externaltools.gnu-tools-for-stm32.12.3.rel1.win32_1.0.100.202403111256/tools/bin/../lib/gcc/arm-none-eabi/12.3.1/../../../../arm-none-eabi/lib/thumb/v7e-m+fp/hard\libc_nano.a(libc_a-reent.o)
 .ARM.attributes
                0x00000627       0x34 C:/ST/STM32CubeIDE_1.15.1/STM32CubeIDE/plugins/com.st.stm32cube.ide.mcu.externaltools.gnu-tools-for-stm32.12.3.rel1.win32_1.0.100.202403111256/tools/bin/../lib/gcc/arm-none-eabi/12.3.1/../../../../arm-none-eabi/lib/thumb/v7e-m+fp/hard\libc_nano.a(libc_a-impure.o)
 .ARM.attributes
                0x0000065b       0x34 C:/ST/STM32CubeIDE_1.15.1/STM32CubeIDE/plugins/com.st.stm32cube.ide.mcu.externaltools.gnu-tools-for-stm32.12.3.rel1.win32_1.0.100.202403111256/tools/bin/../lib/gcc/arm-none-eabi/12.3.1/../../../../arm-none-eabi/lib/thumb/v7e-m+fp/hard\libc_nano.a(libc_a-lseekr.o)
 .ARM.attributes
                0x0000068f       0x34 C:/ST/STM32CubeIDE_1.15.1/STM32CubeIDE/plugins/com.st.stm32cube.ide.mcu.externaltools.gnu-tools-for-stm32.12.3.rel1.win32_1.0.100.202403111256/tools/bin/../lib/gcc/arm-none-eabi/12.3.1/../../../../arm-none-eabi/lib/thumb/v7e-m+fp/hard\libc_nano.a(libc_a-readr.o)
 .ARM.attributes
                0x000006c3       0x34 C:/ST/STM32CubeIDE_1.15.1/STM32CubeIDE/plugins/com.st.stm32cube.ide.mcu.externaltools.gnu-tools-for-stm32.12.3.rel1.win32_1.0.100.202403111256/tools/bin/../lib/gcc/arm-none-eabi/12.3.1/../../../../arm-none-eabi/lib/thumb/v7e-m+fp/hard\libc_nano.a(libc_a-sbrkr.o)
 .ARM.attributes
                0x000006f7       0x34 C:/ST/STM32CubeIDE_1.15.1/STM32CubeIDE/plugins/com.st.stm32cube.ide.mcu.externaltools.gnu-tools-for-stm32.12.3.rel1.win32_1.0.100.202403111256/tools/bin/../lib/gcc/arm-none-eabi/12.3.1/../../../../arm-none-eabi/lib/thumb/v7e-m+fp/hard\libc_nano.a(libc_a-writer.o)
 .ARM.attributes
                0x0000072b       0x34 C:/ST/STM32CubeIDE_1.15.1/STM32CubeIDE/plugins/com.st.stm32cube.ide.mcu.externaltools.gnu-tools-for-stm32.12.3.rel1.win32_1.0.100.202403111256/tools/bin/../lib/gcc/arm-none-eabi/12.3.1/../../../../arm-none-eabi/lib/thumb/v7e-m+fp/hard\libc_nano.a(libc_a-errno.o)
 .ARM.attributes
                0x0000075f       0x34 C:/ST/STM32CubeIDE_1.15.1/STM32CubeIDE/plugins/com.st.stm32cube.ide.mcu.externaltools.gnu-tools-for-stm32.12.3.rel1.win32_1.0.100.202403111256/tools/bin/../lib/gcc/arm-none-eabi/12.3.1/../../../../arm-none-eabi/lib/thumb/v7e-m+fp/hard\libc_nano.a(libc_a-init.o)
 .ARM.attributes
                0x00000793       0x34 C:/ST/STM32CubeIDE_1.15.1/STM32CubeIDE/plugins/com.st.stm32cube.ide.mcu.externaltools.gnu-tools-for-stm32.12.3.rel1.win32_1.0.100.202403111256/tools/bin/../lib/gcc/arm-none-eabi/12.3.1/../../../../arm-none-eabi/lib/thumb/v7e-m+fp/hard\libc_nano.a(libc_a-lock.o)
 .ARM.attributes
                0x000007c7       0x34 C:/ST/STM32CubeIDE_1.15.1/STM32CubeIDE/plugins/com.st.stm32cube.ide.mcu.externaltools.gnu-tools-for-stm32.12.3.rel1.win32_1.0.100.202403111256/tools/bin/../lib/gcc/arm-none-eabi/12.3.1/../../../../arm-none-eabi/lib/thumb/v7e-m+fp/hard\libc_nano.a(libc_a-memcpy-stub.o)
 .ARM.attributes
                0x000007fb       0x34 C:/ST/STM32CubeIDE_1.15.1/STM32CubeIDE/plugins/com.st.stm32cube.ide.mcu.externaltools.gnu-tools-for-stm32.12.3.rel1.win32_1.0.100.202403111256/tools/bin/../lib/gcc/arm-none-eabi/12.3.1/../../../../arm-none-eabi/lib/thumb/v7e-m+fp/hard\libc_nano.a(libc_a-freer.o)
 .ARM.attributes
                0x0000082f       0x34 C:/ST/STM32CubeIDE_1.15.1/STM32CubeIDE/plugins/com.st.stm32cube.ide.mcu.externaltools.gnu-tools-for-stm32.12.3.rel1.win32_1.0.100.202403111256/tools/bin/../lib/gcc/arm-none-eabi/12.3.1/../../../../arm-none-eabi/lib/thumb/v7e-m+fp/hard\libc_nano.a(libc_a-nano-svfprintf.o)
 .ARM.attributes
                0x00000863       0x34 C:/ST/STM32CubeIDE_1.15.1/STM32CubeIDE/plugins/com.st.stm32cube.ide.mcu.externaltools.gnu-tools-for-stm32.12.3.rel1.win32_1.0.100.202403111256/tools/bin/../lib/gcc/arm-none-eabi/12.3.1/../../../../arm-none-eabi/lib/thumb/v7e-m+fp/hard\libc_nano.a(libc_a-nano-vfprintf.o)
 .ARM.attributes
                0x00000897       0x34 C:/ST/STM32CubeIDE_1.15.1/STM32CubeIDE/plugins/com.st.stm32cube.ide.mcu.externaltools.gnu-tools-for-stm32.12.3.rel1.win32_1.0.100.202403111256/tools/bin/../lib/gcc/arm-none-eabi/12.3.1/../../../../arm-none-eabi/lib/thumb/v7e-m+fp/hard\libc_nano.a(libc_a-nano-vfprintf_i.o)
 .ARM.attributes
                0x000008cb       0x34 C:/ST/STM32CubeIDE_1.15.1/STM32CubeIDE/plugins/com.st.stm32cube.ide.mcu.externaltools.gnu-tools-for-stm32.12.3.rel1.win32_1.0.100.202403111256/tools/bin/../lib/gcc/arm-none-eabi/12.3.1/../../../../arm-none-eabi/lib/thumb/v7e-m+fp/hard\libc_nano.a(libc_a-fflush.o)
 .ARM.attributes
                0x000008ff       0x34 C:/ST/STM32CubeIDE_1.15.1/STM32CubeIDE/plugins/com.st.stm32cube.ide.mcu.externaltools.gnu-tools-for-stm32.12.3.rel1.win32_1.0.100.202403111256/tools/bin/../lib/gcc/arm-none-eabi/12.3.1/../../../../arm-none-eabi/lib/thumb/v7e-m+fp/hard\libc_nano.a(libc_a-makebuf.o)
 .ARM.attributes
                0x00000933       0x34 C:/ST/STM32CubeIDE_1.15.1/STM32CubeIDE/plugins/com.st.stm32cube.ide.mcu.externaltools.gnu-tools-for-stm32.12.3.rel1.win32_1.0.100.202403111256/tools/bin/../lib/gcc/arm-none-eabi/12.3.1/../../../../arm-none-eabi/lib/thumb/v7e-m+fp/hard\libc_nano.a(libc_a-memmove.o)
 .ARM.attributes
                0x00000967       0x34 C:/ST/STM32CubeIDE_1.15.1/STM32CubeIDE/plugins/com.st.stm32cube.ide.mcu.externaltools.gnu-tools-for-stm32.12.3.rel1.win32_1.0.100.202403111256/tools/bin/../lib/gcc/arm-none-eabi/12.3.1/../../../../arm-none-eabi/lib/thumb/v7e-m+fp/hard\libc_nano.a(libc_a-fstatr.o)
 .ARM.attributes
                0x0000099b       0x34 C:/ST/STM32CubeIDE_1.15.1/STM32CubeIDE/plugins/com.st.stm32cube.ide.mcu.externaltools.gnu-tools-for-stm32.12.3.rel1.win32_1.0.100.202403111256/tools/bin/../lib/gcc/arm-none-eabi/12.3.1/../../../../arm-none-eabi/lib/thumb/v7e-m+fp/hard\libc_nano.a(libc_a-isattyr.o)
 .ARM.attributes
                0x000009cf       0x1c C:/ST/STM32CubeIDE_1.15.1/STM32CubeIDE/plugins/com.st.stm32cube.ide.mcu.externaltools.gnu-tools-for-stm32.12.3.rel1.win32_1.0.100.202403111256/tools/bin/../lib/gcc/arm-none-eabi/12.3.1/../../../../arm-none-eabi/lib/thumb/v7e-m+fp/hard\libc_nano.a(libc_a-memchr.o)
 .ARM.attributes
                0x000009eb       0x34 C:/ST/STM32CubeIDE_1.15.1/STM32CubeIDE/plugins/com.st.stm32cube.ide.mcu.externaltools.gnu-tools-for-stm32.12.3.rel1.win32_1.0.100.202403111256/tools/bin/../lib/gcc/arm-none-eabi/12.3.1/../../../../arm-none-eabi/lib/thumb/v7e-m+fp/hard\libc_nano.a(libc_a-reallocr.o)
 .ARM.attributes
                0x00000a1f       0x34 C:/ST/STM32CubeIDE_1.15.1/STM32CubeIDE/plugins/com.st.stm32cube.ide.mcu.externaltools.gnu-tools-for-stm32.12.3.rel1.win32_1.0.100.202403111256/tools/bin/../lib/gcc/arm-none-eabi/12.3.1/../../../../arm-none-eabi/lib/thumb/v7e-m+fp/hard\libc_nano.a(libc_a-msizer.o)
 .ARM.attributes
                0x00000a53       0x22 C:/ST/STM32CubeIDE_1.15.1/STM32CubeIDE/plugins/com.st.stm32cube.ide.mcu.externaltools.gnu-tools-for-stm32.12.3.rel1.win32_1.0.100.202403111256/tools/bin/../lib/gcc/arm-none-eabi/12.3.1/thumb/v7e-m+fp/hard/crtn.o
OUTPUT(10_w5500_paho_mqtt.elf elf32-littlearm)
LOAD linker stubs
LOAD C:/ST/STM32CubeIDE_1.15.1/STM32CubeIDE/plugins/com.st.stm32cube.ide.mcu.externaltools.gnu-tools-for-stm32.12.3.rel1.win32_1.0.100.202403111256/tools/bin/../lib/gcc/arm-none-eabi/12.3.1/../../../../arm-none-eabi/lib/thumb/v7e-m+fp/hard\libc.a
LOAD C:/ST/STM32CubeIDE_1.15.1/STM32CubeIDE/plugins/com.st.stm32cube.ide.mcu.externaltools.gnu-tools-for-stm32.12.3.rel1.win32_1.0.100.202403111256/tools/bin/../lib/gcc/arm-none-eabi/12.3.1/../../../../arm-none-eabi/lib/thumb/v7e-m+fp/hard\libm.a
LOAD C:/ST/STM32CubeIDE_1.15.1/STM32CubeIDE/plugins/com.st.stm32cube.ide.mcu.externaltools.gnu-tools-for-stm32.12.3.rel1.win32_1.0.100.202403111256/tools/bin/../lib/gcc/arm-none-eabi/12.3.1/thumb/v7e-m+fp/hard\libgcc.a

.debug_info     0x00000000     0x531b
 .debug_info    0x00000000      0x4c3 ./Src/MQTTC/mqtt_interface.o
 .debug_info    0x000004c3      0x3fc ./Src/adc.o
 .debug_info    0x000008bf      0x333 ./Src/bsp.o
 .debug_info    0x00000bf2      0x249 ./Src/fpu.o
 .debug_info    0x00000e3b      0x295 ./Src/main.o
 .debug_info    0x000010d0      0x708 ./Src/spi.o
 .debug_info    0x000017d8      0x6a3 ./Src/syscalls.o
 .debug_info    0x00001e7b      0x168 ./Src/sysmem.o
 .debug_info    0x00001fe3      0x1df ./Src/timebase.o
 .debug_info    0x000021c2      0x418 ./Src/uart.o
 .debug_info    0x000025da      0xa1d ./Src/w5500_driver.o
 .debug_info    0x00002ff7       0x30 ./Startup/startup_stm32f411retx.o
 .debug_info    0x00003027      0xa1e ./Wiznet_W5500/dhcp.o
 .debug_info    0x00003a45      0x727 ./Wiznet_W5500/socket.o
 .debug_info    0x0000416c      0x539 ./Wiznet_W5500/w5500.o
 .debug_info    0x000046a5      0xc76 ./Wiznet_W5500/wizchip_conf.o

.debug_abbrev   0x00000000     0x1848
 .debug_abbrev  0x00000000      0x18c ./Src/MQTTC/mqtt_interface.o
 .debug_abbrev  0x0000018c      0x107 ./Src/adc.o
 .debug_abbrev  0x00000293       0xd2 ./Src/bsp.o
 .debug_abbrev  0x00000365       0xb8 ./Src/fpu.o
 .debug_abbrev  0x0000041d      0x188 ./Src/main.o
 .debug_abbrev  0x000005a5      0x1af ./Src/spi.o
 .debug_abbrev  0x00000754      0x1b6 ./Src/syscalls.o
 .debug_abbrev  0x0000090a       0xbc ./Src/sysmem.o
 .debug_abbrev  0x000009c6      0x181 ./Src/timebase.o
 .debug_abbrev  0x00000b47      0x141 ./Src/uart.o
 .debug_abbrev  0x00000c88      0x261 ./Src/w5500_driver.o
 .debug_abbrev  0x00000ee9       0x24 ./Startup/startup_stm32f411retx.o
 .debug_abbrev  0x00000f0d      0x23a ./Wiznet_W5500/dhcp.o
 .debug_abbrev  0x00001147      0x1c1 ./Wiznet_W5500/socket.o
 .debug_abbrev  0x00001308      0x21f ./Wiznet_W5500/w5500.o
 .debug_abbrev  0x00001527      0x321 ./Wiznet_W5500/wizchip_conf.o

.debug_aranges  0x00000000      0x630
 .debug_aranges
                0x00000000       0x70 ./Src/MQTTC/mqtt_interface.o
 .debug_aranges
                0x00000070       0x30 ./Src/adc.o
 .debug_aranges
                0x000000a0       0x40 ./Src/bsp.o
 .debug_aranges
                0x000000e0       0x20 ./Src/fpu.o
 .debug_aranges
                0x00000100       0x30 ./Src/main.o
 .debug_aranges
                0x00000130       0x40 ./Src/spi.o
 .debug_aranges
                0x00000170       0xa8 ./Src/syscalls.o
 .debug_aranges
                0x00000218       0x20 ./Src/sysmem.o
 .debug_aranges
                0x00000238       0x40 ./Src/timebase.o
 .debug_aranges
                0x00000278       0x40 ./Src/uart.o
 .debug_aranges
                0x000002b8       0x78 ./Src/w5500_driver.o
 .debug_aranges
                0x00000330       0x28 ./Startup/startup_stm32f411retx.o
 .debug_aranges
                0x00000358       0xc8 ./Wiznet_W5500/dhcp.o
 .debug_aranges
                0x00000420       0x78 ./Wiznet_W5500/socket.o
 .debug_aranges
                0x00000498       0x60 ./Wiznet_W5500/w5500.o
 .debug_aranges
                0x000004f8      0x138 ./Wiznet_W5500/wizchip_conf.o

.debug_rnglists
                0x00000000      0x48d
 .debug_rnglists
                0x00000000       0x4f ./Src/MQTTC/mqtt_interface.o
 .debug_rnglists
                0x0000004f       0x1f ./Src/adc.o
 .debug_rnglists
                0x0000006e       0x2b ./Src/bsp.o
 .debug_rnglists
                0x00000099       0x13 ./Src/fpu.o
 .debug_rnglists
                0x000000ac       0x20 ./Src/main.o
 .debug_rnglists
                0x000000cc       0x30 ./Src/spi.o
 .debug_rnglists
                0x000000fc       0x79 ./Src/syscalls.o
 .debug_rnglists
                0x00000175       0x13 ./Src/sysmem.o
 .debug_rnglists
                0x00000188       0x2b ./Src/timebase.o
 .debug_rnglists
                0x000001b3       0x2c ./Src/uart.o
 .debug_rnglists
                0x000001df       0x56 ./Src/w5500_driver.o
 .debug_rnglists
                0x00000235       0x19 ./Startup/startup_stm32f411retx.o
 .debug_rnglists
                0x0000024e       0x99 ./Wiznet_W5500/dhcp.o
 .debug_rnglists
                0x000002e7       0x6d ./Wiznet_W5500/socket.o
 .debug_rnglists
                0x00000354       0x4c ./Wiznet_W5500/w5500.o
 .debug_rnglists
                0x000003a0       0xed ./Wiznet_W5500/wizchip_conf.o

.debug_macro    0x00000000     0xf6a4
 .debug_macro   0x00000000       0x9a ./Src/MQTTC/mqtt_interface.o
 .debug_macro   0x0000009a       0x8e ./Src/MQTTC/mqtt_interface.o
 .debug_macro   0x00000128       0x51 ./Src/MQTTC/mqtt_interface.o
 .debug_macro   0x00000179       0x6c ./Src/MQTTC/mqtt_interface.o
 .debug_macro   0x000001e5      0x5e7 ./Src/MQTTC/mqtt_interface.o
 .debug_macro   0x000007cc       0x66 ./Src/MQTTC/mqtt_interface.o
 .debug_macro   0x00000832       0xde ./Src/MQTTC/mqtt_interface.o
 .debug_macro   0x00000910      0x108 ./Src/adc.o
 .debug_macro   0x00000a18       0x28 ./Src/adc.o
 .debug_macro   0x00000a40       0x28 ./Src/adc.o
 .debug_macro   0x00000a68       0x1c ./Src/adc.o
 .debug_macro   0x00000a84       0x22 ./Src/adc.o
 .debug_macro   0x00000aa6       0xd9 ./Src/adc.o
 .debug_macro   0x00000b7f     0x102d ./Src/adc.o
 .debug_macro   0x00001bac      0x11f ./Src/adc.o
 .debug_macro   0x00001ccb     0xb937 ./Src/adc.o
 .debug_macro   0x0000d602       0x43 ./Src/adc.o
 .debug_macro   0x0000d645      0x105 ./Src/bsp.o
 .debug_macro   0x0000d74a       0x22 ./Src/bsp.o
 .debug_macro   0x0000d76c       0xce ./Src/fpu.o
 .debug_macro   0x0000d83a      0x2cf ./Src/main.o
 .debug_macro   0x0000db09       0x10 ./Src/main.o
 .debug_macro   0x0000db19       0x7c ./Src/main.o
 .debug_macro   0x0000db95       0xd8 ./Src/main.o
 .debug_macro   0x0000dc6d       0x2e ./Src/main.o
 .debug_macro   0x0000dc9b       0x6a ./Src/main.o
 .debug_macro   0x0000dd05       0x52 ./Src/main.o
 .debug_macro   0x0000dd57       0xfb ./Src/spi.o
 .debug_macro   0x0000de52      0x189 ./Src/spi.o
 .debug_macro   0x0000dfdb      0x274 ./Src/syscalls.o
 .debug_macro   0x0000e24f       0x10 ./Src/syscalls.o
 .debug_macro   0x0000e25f       0x10 ./Src/syscalls.o
 .debug_macro   0x0000e26f       0x10 ./Src/syscalls.o
 .debug_macro   0x0000e27f       0x10 ./Src/syscalls.o
 .debug_macro   0x0000e28f       0x1c ./Src/syscalls.o
 .debug_macro   0x0000e2ab       0x52 ./Src/syscalls.o
 .debug_macro   0x0000e2fd       0x22 ./Src/syscalls.o
 .debug_macro   0x0000e31f       0x10 ./Src/syscalls.o
 .debug_macro   0x0000e32f       0x52 ./Src/syscalls.o
 .debug_macro   0x0000e381       0xcf ./Src/syscalls.o
 .debug_macro   0x0000e450       0x1c ./Src/syscalls.o
 .debug_macro   0x0000e46c       0x3d ./Src/syscalls.o
 .debug_macro   0x0000e4a9       0x35 ./Src/syscalls.o
 .debug_macro   0x0000e4de      0x12c ./Src/syscalls.o
 .debug_macro   0x0000e60a       0x16 ./Src/syscalls.o
 .debug_macro   0x0000e620       0x16 ./Src/syscalls.o
 .debug_macro   0x0000e636       0x29 ./Src/syscalls.o
 .debug_macro   0x0000e65f       0x10 ./Src/syscalls.o
 .debug_macro   0x0000e66f      0x242 ./Src/syscalls.o
 .debug_macro   0x0000e8b1       0x1c ./Src/syscalls.o
 .debug_macro   0x0000e8cd       0x10 ./Src/syscalls.o
 .debug_macro   0x0000e8dd      0x18a ./Src/syscalls.o
 .debug_macro   0x0000ea67       0x16 ./Src/syscalls.o
 .debug_macro   0x0000ea7d       0xce ./Src/syscalls.o
 .debug_macro   0x0000eb4b       0xff ./Src/sysmem.o
 .debug_macro   0x0000ec4a      0x23c ./Src/sysmem.o
 .debug_macro   0x0000ee86      0x113 ./Src/timebase.o
 .debug_macro   0x0000ef99      0x108 ./Src/uart.o
 .debug_macro   0x0000f0a1      0x243 ./Src/w5500_driver.o
 .debug_macro   0x0000f2e4       0x10 ./Src/w5500_driver.o
 .debug_macro   0x0000f2f4       0x1c ./Src/w5500_driver.o
 .debug_macro   0x0000f310      0x145 ./Wiznet_W5500/dhcp.o
 .debug_macro   0x0000f455       0x66 ./Wiznet_W5500/dhcp.o
 .debug_macro   0x0000f4bb       0xb8 ./Wiznet_W5500/socket.o
 .debug_macro   0x0000f573       0x9d ./Wiznet_W5500/w5500.o
 .debug_macro   0x0000f610       0x94 ./Wiznet_W5500/wizchip_conf.o

.debug_line     0x00000000     0x8648
 .debug_line    0x00000000      0x607 ./Src/MQTTC/mqtt_interface.o
 .debug_line    0x00000607      0x621 ./Src/adc.o
 .debug_line    0x00000c28      0x642 ./Src/bsp.o
 .debug_line    0x0000126a      0x571 ./Src/fpu.o
 .debug_line    0x000017db      0x9cf ./Src/main.o
 .debug_line    0x000021aa      0xb3a ./Src/spi.o
 .debug_line    0x00002ce4      0x8ad ./Src/syscalls.o
 .debug_line    0x00003591      0x57e ./Src/sysmem.o
 .debug_line    0x00003b0f      0x6ed ./Src/timebase.o
 .debug_line    0x000041fc      0x68e ./Src/uart.o
 .debug_line    0x0000488a      0x9be ./Src/w5500_driver.o
 .debug_line    0x00005248       0x7b ./Startup/startup_stm32f411retx.o
 .debug_line    0x000052c3     0x1359 ./Wiznet_W5500/dhcp.o
 .debug_line    0x0000661c      0xd79 ./Wiznet_W5500/socket.o
 .debug_line    0x00007395      0x756 ./Wiznet_W5500/w5500.o
 .debug_line    0x00007aeb      0xb5d ./Wiznet_W5500/wizchip_conf.o

.debug_str      0x00000000    0x5a68c
 .debug_str     0x00000000     0x6c09 ./Src/MQTTC/mqtt_interface.o
                               0x6dd3 (size before relaxing)
 .debug_str     0x00006c09    0x4bb5d ./Src/adc.o
                              0x4f88c (size before relaxing)
 .debug_str     0x00052766       0xd7 ./Src/bsp.o
                              0x4f85a (size before relaxing)
 .debug_str     0x0005283d       0x6c ./Src/fpu.o
                              0x4f6b5 (size before relaxing)
 .debug_str     0x000528a9     0x440e ./Src/main.o
                              0x56a8b (size before relaxing)
 .debug_str     0x00056cb7      0x273 ./Src/spi.o
                              0x50037 (size before relaxing)
 .debug_str     0x00056f2a     0x209b ./Src/syscalls.o
                               0x98cb (size before relaxing)
 .debug_str     0x00058fc5       0x66 ./Src/sysmem.o
                               0x60e3 (size before relaxing)
 .debug_str     0x0005902b      0x10f ./Src/timebase.o
                              0x4f7b5 (size before relaxing)
 .debug_str     0x0005913a       0xd5 ./Src/uart.o
                              0x4f898 (size before relaxing)
 .debug_str     0x0005920f      0x24e ./Src/w5500_driver.o
                              0x56acd (size before relaxing)
 .debug_str     0x0005945d       0x3f ./Startup/startup_stm32f411retx.o
                                 0x85 (size before relaxing)
 .debug_str     0x0005949c      0x8be ./Wiznet_W5500/dhcp.o
                               0x7665 (size before relaxing)
 .debug_str     0x00059d5a      0x3df ./Wiznet_W5500/socket.o
                               0x70bd (size before relaxing)
 .debug_str     0x0005a139       0xea ./Wiznet_W5500/w5500.o
                               0x6a78 (size before relaxing)
 .debug_str     0x0005a223      0x469 ./Wiznet_W5500/wizchip_conf.o
                               0x736e (size before relaxing)

.comment        0x00000000       0x43
 .comment       0x00000000       0x43 ./Src/MQTTC/mqtt_interface.o
                                 0x44 (size before relaxing)
 .comment       0x00000043       0x44 ./Src/adc.o
 .comment       0x00000043       0x44 ./Src/bsp.o
 .comment       0x00000043       0x44 ./Src/fpu.o
 .comment       0x00000043       0x44 ./Src/main.o
 .comment       0x00000043       0x44 ./Src/spi.o
 .comment       0x00000043       0x44 ./Src/syscalls.o
 .comment       0x00000043       0x44 ./Src/sysmem.o
 .comment       0x00000043       0x44 ./Src/timebase.o
 .comment       0x00000043       0x44 ./Src/uart.o
 .comment       0x00000043       0x44 ./Src/w5500_driver.o
 .comment       0x00000043       0x44 ./Wiznet_W5500/dhcp.o
 .comment       0x00000043       0x44 ./Wiznet_W5500/socket.o
 .comment       0x00000043       0x44 ./Wiznet_W5500/w5500.o
 .comment       0x00000043       0x44 ./Wiznet_W5500/wizchip_conf.o

.debug_frame    0x00000000     0x1f94
 .debug_frame   0x00000000      0x1b0 ./Src/MQTTC/mqtt_interface.o
 .debug_frame   0x000001b0       0x70 ./Src/adc.o
 .debug_frame   0x00000220       0xb0 ./Src/bsp.o
 .debug_frame   0x000002d0       0x30 ./Src/fpu.o
 .debug_frame   0x00000300       0x74 ./Src/main.o
 .debug_frame   0x00000374       0xcc ./Src/spi.o
 .debug_frame   0x00000440      0x2ac ./Src/syscalls.o
 .debug_frame   0x000006ec       0x34 ./Src/sysmem.o
 .debug_frame   0x00000720       0xb0 ./Src/timebase.o
 .debug_frame   0x000007d0       0xc4 ./Src/uart.o
 .debug_frame   0x00000894      0x1a8 ./Src/w5500_driver.o
 .debug_frame   0x00000a3c      0x32c ./Wiznet_W5500/dhcp.o
 .debug_frame   0x00000d68      0x1d4 ./Wiznet_W5500/socket.o
 .debug_frame   0x00000f3c      0x16c ./Wiznet_W5500/w5500.o
 .debug_frame   0x000010a8      0x534 ./Wiznet_W5500/wizchip_conf.o
 .debug_frame   0x000015dc       0x50 C:/ST/STM32CubeIDE_1.15.1/STM32CubeIDE/plugins/com.st.stm32cube.ide.mcu.externaltools.gnu-tools-for-stm32.12.3.rel1.win32_1.0.100.202403111256/tools/bin/../lib/gcc/arm-none-eabi/12.3.1/../../../../arm-none-eabi/lib/thumb/v7e-m+fp/hard\libc_nano.a(libc_a-mallocr.o)
 .debug_frame   0x0000162c       0x30 C:/ST/STM32CubeIDE_1.15.1/STM32CubeIDE/plugins/com.st.stm32cube.ide.mcu.externaltools.gnu-tools-for-stm32.12.3.rel1.win32_1.0.100.202403111256/tools/bin/../lib/gcc/arm-none-eabi/12.3.1/../../../../arm-none-eabi/lib/thumb/v7e-m+fp/hard\libc_nano.a(libc_a-mlock.o)
 .debug_frame   0x0000165c      0x144 C:/ST/STM32CubeIDE_1.15.1/STM32CubeIDE/plugins/com.st.stm32cube.ide.mcu.externaltools.gnu-tools-for-stm32.12.3.rel1.win32_1.0.100.202403111256/tools/bin/../lib/gcc/arm-none-eabi/12.3.1/../../../../arm-none-eabi/lib/thumb/v7e-m+fp/hard\libc_nano.a(libc_a-findfp.o)
 .debug_frame   0x000017a0       0x34 C:/ST/STM32CubeIDE_1.15.1/STM32CubeIDE/plugins/com.st.stm32cube.ide.mcu.externaltools.gnu-tools-for-stm32.12.3.rel1.win32_1.0.100.202403111256/tools/bin/../lib/gcc/arm-none-eabi/12.3.1/../../../../arm-none-eabi/lib/thumb/v7e-m+fp/hard\libc_nano.a(libc_a-fwalk.o)
 .debug_frame   0x000017d4       0x6c C:/ST/STM32CubeIDE_1.15.1/STM32CubeIDE/plugins/com.st.stm32cube.ide.mcu.externaltools.gnu-tools-for-stm32.12.3.rel1.win32_1.0.100.202403111256/tools/bin/../lib/gcc/arm-none-eabi/12.3.1/../../../../arm-none-eabi/lib/thumb/v7e-m+fp/hard\libc_nano.a(libc_a-printf.o)
 .debug_frame   0x00001840       0x3c C:/ST/STM32CubeIDE_1.15.1/STM32CubeIDE/plugins/com.st.stm32cube.ide.mcu.externaltools.gnu-tools-for-stm32.12.3.rel1.win32_1.0.100.202403111256/tools/bin/../lib/gcc/arm-none-eabi/12.3.1/../../../../arm-none-eabi/lib/thumb/v7e-m+fp/hard\libc_nano.a(libc_a-puts.o)
 .debug_frame   0x0000187c       0x6c C:/ST/STM32CubeIDE_1.15.1/STM32CubeIDE/plugins/com.st.stm32cube.ide.mcu.externaltools.gnu-tools-for-stm32.12.3.rel1.win32_1.0.100.202403111256/tools/bin/../lib/gcc/arm-none-eabi/12.3.1/../../../../arm-none-eabi/lib/thumb/v7e-m+fp/hard\libc_nano.a(libc_a-sprintf.o)
 .debug_frame   0x000018e8       0x88 C:/ST/STM32CubeIDE_1.15.1/STM32CubeIDE/plugins/com.st.stm32cube.ide.mcu.externaltools.gnu-tools-for-stm32.12.3.rel1.win32_1.0.100.202403111256/tools/bin/../lib/gcc/arm-none-eabi/12.3.1/../../../../arm-none-eabi/lib/thumb/v7e-m+fp/hard\libc_nano.a(libc_a-stdio.o)
 .debug_frame   0x00001970       0x40 C:/ST/STM32CubeIDE_1.15.1/STM32CubeIDE/plugins/com.st.stm32cube.ide.mcu.externaltools.gnu-tools-for-stm32.12.3.rel1.win32_1.0.100.202403111256/tools/bin/../lib/gcc/arm-none-eabi/12.3.1/../../../../arm-none-eabi/lib/thumb/v7e-m+fp/hard\libc_nano.a(libc_a-wbuf.o)
 .debug_frame   0x000019b0       0x2c C:/ST/STM32CubeIDE_1.15.1/STM32CubeIDE/plugins/com.st.stm32cube.ide.mcu.externaltools.gnu-tools-for-stm32.12.3.rel1.win32_1.0.100.202403111256/tools/bin/../lib/gcc/arm-none-eabi/12.3.1/../../../../arm-none-eabi/lib/thumb/v7e-m+fp/hard\libc_nano.a(libc_a-wsetup.o)
 .debug_frame   0x000019dc       0x20 C:/ST/STM32CubeIDE_1.15.1/STM32CubeIDE/plugins/com.st.stm32cube.ide.mcu.externaltools.gnu-tools-for-stm32.12.3.rel1.win32_1.0.100.202403111256/tools/bin/../lib/gcc/arm-none-eabi/12.3.1/../../../../arm-none-eabi/lib/thumb/v7e-m+fp/hard\libc_nano.a(libc_a-memset.o)
 .debug_frame   0x000019fc       0x2c C:/ST/STM32CubeIDE_1.15.1/STM32CubeIDE/plugins/com.st.stm32cube.ide.mcu.externaltools.gnu-tools-for-stm32.12.3.rel1.win32_1.0.100.202403111256/tools/bin/../lib/gcc/arm-none-eabi/12.3.1/../../../../arm-none-eabi/lib/thumb/v7e-m+fp/hard\libc_nano.a(libc_a-closer.o)
 .debug_frame   0x00001a28       0x38 C:/ST/STM32CubeIDE_1.15.1/STM32CubeIDE/plugins/com.st.stm32cube.ide.mcu.externaltools.gnu-tools-for-stm32.12.3.rel1.win32_1.0.100.202403111256/tools/bin/../lib/gcc/arm-none-eabi/12.3.1/../../../../arm-none-eabi/lib/thumb/v7e-m+fp/hard\libc_nano.a(libc_a-reent.o)
 .debug_frame   0x00001a60       0x2c C:/ST/STM32CubeIDE_1.15.1/STM32CubeIDE/plugins/com.st.stm32cube.ide.mcu.externaltools.gnu-tools-for-stm32.12.3.rel1.win32_1.0.100.202403111256/tools/bin/../lib/gcc/arm-none-eabi/12.3.1/../../../../arm-none-eabi/lib/thumb/v7e-m+fp/hard\libc_nano.a(libc_a-lseekr.o)
 .debug_frame   0x00001a8c       0x2c C:/ST/STM32CubeIDE_1.15.1/STM32CubeIDE/plugins/com.st.stm32cube.ide.mcu.externaltools.gnu-tools-for-stm32.12.3.rel1.win32_1.0.100.202403111256/tools/bin/../lib/gcc/arm-none-eabi/12.3.1/../../../../arm-none-eabi/lib/thumb/v7e-m+fp/hard\libc_nano.a(libc_a-readr.o)
 .debug_frame   0x00001ab8       0x2c C:/ST/STM32CubeIDE_1.15.1/STM32CubeIDE/plugins/com.st.stm32cube.ide.mcu.externaltools.gnu-tools-for-stm32.12.3.rel1.win32_1.0.100.202403111256/tools/bin/../lib/gcc/arm-none-eabi/12.3.1/../../../../arm-none-eabi/lib/thumb/v7e-m+fp/hard\libc_nano.a(libc_a-sbrkr.o)
 .debug_frame   0x00001ae4       0x2c C:/ST/STM32CubeIDE_1.15.1/STM32CubeIDE/plugins/com.st.stm32cube.ide.mcu.externaltools.gnu-tools-for-stm32.12.3.rel1.win32_1.0.100.202403111256/tools/bin/../lib/gcc/arm-none-eabi/12.3.1/../../../../arm-none-eabi/lib/thumb/v7e-m+fp/hard\libc_nano.a(libc_a-writer.o)
 .debug_frame   0x00001b10       0x20 C:/ST/STM32CubeIDE_1.15.1/STM32CubeIDE/plugins/com.st.stm32cube.ide.mcu.externaltools.gnu-tools-for-stm32.12.3.rel1.win32_1.0.100.202403111256/tools/bin/../lib/gcc/arm-none-eabi/12.3.1/../../../../arm-none-eabi/lib/thumb/v7e-m+fp/hard\libc_nano.a(libc_a-errno.o)
 .debug_frame   0x00001b30       0x2c C:/ST/STM32CubeIDE_1.15.1/STM32CubeIDE/plugins/com.st.stm32cube.ide.mcu.externaltools.gnu-tools-for-stm32.12.3.rel1.win32_1.0.100.202403111256/tools/bin/../lib/gcc/arm-none-eabi/12.3.1/../../../../arm-none-eabi/lib/thumb/v7e-m+fp/hard\libc_nano.a(libc_a-init.o)
 .debug_frame   0x00001b5c       0xb0 C:/ST/STM32CubeIDE_1.15.1/STM32CubeIDE/plugins/com.st.stm32cube.ide.mcu.externaltools.gnu-tools-for-stm32.12.3.rel1.win32_1.0.100.202403111256/tools/bin/../lib/gcc/arm-none-eabi/12.3.1/../../../../arm-none-eabi/lib/thumb/v7e-m+fp/hard\libc_nano.a(libc_a-lock.o)
 .debug_frame   0x00001c0c       0x28 C:/ST/STM32CubeIDE_1.15.1/STM32CubeIDE/plugins/com.st.stm32cube.ide.mcu.externaltools.gnu-tools-for-stm32.12.3.rel1.win32_1.0.100.202403111256/tools/bin/../lib/gcc/arm-none-eabi/12.3.1/../../../../arm-none-eabi/lib/thumb/v7e-m+fp/hard\libc_nano.a(libc_a-memcpy-stub.o)
 .debug_frame   0x00001c34       0x38 C:/ST/STM32CubeIDE_1.15.1/STM32CubeIDE/plugins/com.st.stm32cube.ide.mcu.externaltools.gnu-tools-for-stm32.12.3.rel1.win32_1.0.100.202403111256/tools/bin/../lib/gcc/arm-none-eabi/12.3.1/../../../../arm-none-eabi/lib/thumb/v7e-m+fp/hard\libc_nano.a(libc_a-freer.o)
 .debug_frame   0x00001c6c       0x90 C:/ST/STM32CubeIDE_1.15.1/STM32CubeIDE/plugins/com.st.stm32cube.ide.mcu.externaltools.gnu-tools-for-stm32.12.3.rel1.win32_1.0.100.202403111256/tools/bin/../lib/gcc/arm-none-eabi/12.3.1/../../../../arm-none-eabi/lib/thumb/v7e-m+fp/hard\libc_nano.a(libc_a-nano-svfprintf.o)
 .debug_frame   0x00001cfc       0xa8 C:/ST/STM32CubeIDE_1.15.1/STM32CubeIDE/plugins/com.st.stm32cube.ide.mcu.externaltools.gnu-tools-for-stm32.12.3.rel1.win32_1.0.100.202403111256/tools/bin/../lib/gcc/arm-none-eabi/12.3.1/../../../../arm-none-eabi/lib/thumb/v7e-m+fp/hard\libc_nano.a(libc_a-nano-vfprintf.o)
 .debug_frame   0x00001da4       0x60 C:/ST/STM32CubeIDE_1.15.1/STM32CubeIDE/plugins/com.st.stm32cube.ide.mcu.externaltools.gnu-tools-for-stm32.12.3.rel1.win32_1.0.100.202403111256/tools/bin/../lib/gcc/arm-none-eabi/12.3.1/../../../../arm-none-eabi/lib/thumb/v7e-m+fp/hard\libc_nano.a(libc_a-nano-vfprintf_i.o)